Copyright 1986-2018 Xilinx, Inc. All Rights Reserved.
--------------------------------------------------------------------------------------------------------------------------------------------------------------------------------
| Tool Version : Vivado v.2018.2 (win64) Build 2258646 Thu Jun 14 20:03:12 MDT 2018
| Date         : Wed May 28 19:06:14 2025
| Host         : DESKTOP-U1QVQMD running 64-bit major release  (build 9200)
| Command      : report_timing_summary -max_paths 10 -file Top_timing_summary_routed.rpt -pb Top_timing_summary_routed.pb -rpx Top_timing_summary_routed.rpx -warn_on_violation
| Design       : Top
| Device       : 7a200t-ffg1156
| Speed File   : -3  PRODUCTION 1.22 2018-03-21
--------------------------------------------------------------------------------------------------------------------------------------------------------------------------------

Timing Summary Report

------------------------------------------------------------------------------------------------
| Timer Settings
| --------------
------------------------------------------------------------------------------------------------

  Enable Multi Corner Analysis               :  Yes
  Enable Pessimism Removal                   :  Yes
  Pessimism Removal Resolution               :  Nearest Common Node
  Enable Input Delay Default Clock           :  No
  Enable Preset / Clear Arcs                 :  No
  Disable Flight Delays                      :  No
  Ignore I/O Paths                           :  No
  Timing Early Launch at Borrowing Latches   :  false

  Corner  Analyze    Analyze    
  Name    Max Paths  Min Paths  
  ------  ---------  ---------  
  Slow    Yes        Yes        
  Fast    Yes        Yes        



check_timing report

Table of Contents
-----------------
1. checking no_clock
2. checking constant_clock
3. checking pulse_width_clock
4. checking unconstrained_internal_endpoints
5. checking no_input_delay
6. checking no_output_delay
7. checking multiple_clock
8. checking generated_clocks
9. checking loops
10. checking partial_input_delay
11. checking partial_output_delay
12. checking latch_loops

1. checking no_clock
--------------------
 There are 0 register/latch pins with no clock.


2. checking constant_clock
--------------------------
 There are 0 register/latch pins with constant_clock.


3. checking pulse_width_clock
-----------------------------
 There are 0 register/latch pins which need pulse_width check


4. checking unconstrained_internal_endpoints
--------------------------------------------
 There are 0 pins that are not constrained for maximum delay.

 There are 0 pins that are not constrained for maximum delay due to constant clock.


5. checking no_input_delay
--------------------------
 There are 17 input ports with no input delay specified. (HIGH)

 There are 0 input ports with no input delay but user has a false path constraint.


6. checking no_output_delay
---------------------------
 There is 1 port with no output delay specified. (HIGH)

 There are 0 ports with no output delay but user has a false path constraint

 There are 0 ports with no output delay but with a timing clock defined on it or propagating through it


7. checking multiple_clock
--------------------------
 There are 0 register/latch pins with multiple clocks.


8. checking generated_clocks
----------------------------
 There are 0 generated clocks that are not connected to a clock source.


9. checking loops
-----------------
 There are 0 combinational loops in the design.


10. checking partial_input_delay
--------------------------------
 There are 0 input ports with partial input delay specified.


11. checking partial_output_delay
---------------------------------
 There are 0 ports with partial output delay specified.


12. checking latch_loops
------------------------
 There are 0 combinational latch loops in the design through latch input



------------------------------------------------------------------------------------------------
| Design Timing Summary
| ---------------------
------------------------------------------------------------------------------------------------

    WNS(ns)      TNS(ns)  TNS Failing Endpoints  TNS Total Endpoints      WHS(ns)      THS(ns)  THS Failing Endpoints  THS Total Endpoints     WPWS(ns)     TPWS(ns)  TPWS Failing Endpoints  TPWS Total Endpoints  
    -------      -------  ---------------------  -------------------      -------      -------  ---------------------  -------------------     --------     --------  ----------------------  --------------------  
     16.952        0.000                      0                  213        0.148        0.000                      0                  213        9.500        0.000                       0                   117  


All user specified timing constraints are met.


------------------------------------------------------------------------------------------------
| Clock Summary
| -------------
------------------------------------------------------------------------------------------------

Clock        Waveform(ns)       Period(ns)      Frequency(MHz)
-----        ------------       ----------      --------------
sys_clk_pin  {0.000 10.000}     20.000          50.000          


------------------------------------------------------------------------------------------------
| Intra Clock Table
| -----------------
------------------------------------------------------------------------------------------------

Clock             WNS(ns)      TNS(ns)  TNS Failing Endpoints  TNS Total Endpoints      WHS(ns)      THS(ns)  THS Failing Endpoints  THS Total Endpoints     WPWS(ns)     TPWS(ns)  TPWS Failing Endpoints  TPWS Total Endpoints  
-----             -------      -------  ---------------------  -------------------      -------      -------  ---------------------  -------------------     --------     --------  ----------------------  --------------------  
sys_clk_pin        16.952        0.000                      0                  213        0.148        0.000                      0                  213        9.500        0.000                       0                   117  


------------------------------------------------------------------------------------------------
| Inter Clock Table
| -----------------
------------------------------------------------------------------------------------------------

From Clock    To Clock          WNS(ns)      TNS(ns)  TNS Failing Endpoints  TNS Total Endpoints      WHS(ns)      THS(ns)  THS Failing Endpoints  THS Total Endpoints  
----------    --------          -------      -------  ---------------------  -------------------      -------      -------  ---------------------  -------------------  


------------------------------------------------------------------------------------------------
| Other Path Groups Table
| -----------------------
------------------------------------------------------------------------------------------------

Path Group    From Clock    To Clock          WNS(ns)      TNS(ns)  TNS Failing Endpoints  TNS Total Endpoints      WHS(ns)      THS(ns)  THS Failing Endpoints  THS Total Endpoints  
----------    ----------    --------          -------      -------  ---------------------  -------------------      -------      -------  ---------------------  -------------------  


------------------------------------------------------------------------------------------------
| Timing Details
| --------------
------------------------------------------------------------------------------------------------


---------------------------------------------------------------------------------------------------
From Clock:  sys_clk_pin
  To Clock:  sys_clk_pin

Setup :            0  Failing Endpoints,  Worst Slack       16.952ns,  Total Violation        0.000ns
Hold  :            0  Failing Endpoints,  Worst Slack        0.148ns,  Total Violation        0.000ns
PW    :            0  Failing Endpoints,  Worst Slack        9.500ns,  Total Violation        0.000ns
---------------------------------------------------------------------------------------------------


Max Delay Paths
--------------------------------------------------------------------------------------
Slack (MET) :             16.952ns  (required time - arrival time)
  Source:                 can_inst/Frame_reg[30]/C
                            (rising edge-triggered cell FDCE clocked by sys_clk_pin  {rise@0.000ns fall@10.000ns period=20.000ns})
  Destination:            can_inst/Frame_reg[28]/CE
                            (rising edge-triggered cell FDCE clocked by sys_clk_pin  {rise@0.000ns fall@10.000ns period=20.000ns})
  Path Group:             sys_clk_pin
  Path Type:              Setup (Max at Slow Process Corner)
  Requirement:            20.000ns  (sys_clk_pin rise@20.000ns - sys_clk_pin rise@0.000ns)
  Data Path Delay:        2.824ns  (logic 1.037ns (36.725%)  route 1.787ns (63.275%))
  Logic Levels:           3  (CARRY4=1 LUT2=1 LUT6=1)
  Clock Path Skew:        -0.039ns (DCD - SCD + CPR)
    Destination Clock Delay (DCD):    4.201ns = ( 24.201 - 20.000 ) 
    Source Clock Delay      (SCD):    4.456ns
    Clock Pessimism Removal (CPR):    0.215ns
  Clock Uncertainty:      0.035ns  ((TSJ^2 + TIJ^2)^1/2 + DJ) / 2 + PE
    Total System Jitter     (TSJ):    0.071ns
    Total Input Jitter      (TIJ):    0.000ns
    Discrete Jitter          (DJ):    0.000ns
    Phase Error              (PE):    0.000ns

    Location             Delay type                Incr(ns)  Path(ns)    Netlist Resource(s)
  -------------------------------------------------------------------    -------------------
                         (clock sys_clk_pin rise edge)
                                                      0.000     0.000 r  
    W5                                                0.000     0.000 r  clk (IN)
                         net (fo=0)                   0.000     0.000    clk
    W5                   IBUF (Prop_ibuf_I_O)         1.371     1.371 r  clk_IBUF_inst/O
                         net (fo=1, routed)           1.598     2.969    clk_IBUF
    BUFGCTRL_X0Y0        BUFG (Prop_bufg_I_O)         0.076     3.045 r  clk_IBUF_BUFG_inst/O
                         net (fo=116, routed)         1.411     4.456    can_inst/clk_IBUF_BUFG
    SLICE_X3Y118         FDCE                                         r  can_inst/Frame_reg[30]/C
  -------------------------------------------------------------------    -------------------
    SLICE_X3Y118         FDCE (Prop_fdce_C_Q)         0.313     4.769 r  can_inst/Frame_reg[30]/Q
                         net (fo=3, routed)           0.931     5.700    abs_inst/crc_check/CAN_frame[3]
    SLICE_X5Y119         LUT6 (Prop_lut6_I1_O)        0.215     5.915 r  abs_inst/crc_check/ACK_slot2_carry__0_i_3/O
                         net (fo=1, routed)           0.000     5.915    abs_inst/crc_check_n_5
    SLICE_X5Y119         CARRY4 (Prop_carry4_S[1]_CO[3])
                                                      0.412     6.327 r  abs_inst/ACK_slot2_carry__0/CO[3]
                         net (fo=1, routed)           0.518     6.845    abs_inst/crc_check/CO[0]
    SLICE_X6Y119         LUT2 (Prop_lut2_I1_O)        0.097     6.942 r  abs_inst/crc_check/Frame[34]_i_1/O
                         net (fo=22, routed)          0.338     7.280    can_inst/done_reg
    SLICE_X4Y117         FDCE                                         r  can_inst/Frame_reg[28]/CE
  -------------------------------------------------------------------    -------------------

                         (clock sys_clk_pin rise edge)
                                                     20.000    20.000 r  
    W5                                                0.000    20.000 r  clk (IN)
                         net (fo=0)                   0.000    20.000    clk
    W5                   IBUF (Prop_ibuf_I_O)         1.304    21.304 r  clk_IBUF_inst/O
                         net (fo=1, routed)           1.514    22.817    clk_IBUF
    BUFGCTRL_X0Y0        BUFG (Prop_bufg_I_O)         0.072    22.889 r  clk_IBUF_BUFG_inst/O
                         net (fo=116, routed)         1.312    24.201    can_inst/clk_IBUF_BUFG
    SLICE_X4Y117         FDCE                                         r  can_inst/Frame_reg[28]/C
                         clock pessimism              0.215    24.417    
                         clock uncertainty           -0.035    24.381    
    SLICE_X4Y117         FDCE (Setup_fdce_C_CE)      -0.150    24.231    can_inst/Frame_reg[28]
  -------------------------------------------------------------------
                         required time                         24.231    
                         arrival time                          -7.280    
  -------------------------------------------------------------------
                         slack                                 16.952    

Slack (MET) :             16.952ns  (required time - arrival time)
  Source:                 can_inst/Frame_reg[30]/C
                            (rising edge-triggered cell FDCE clocked by sys_clk_pin  {rise@0.000ns fall@10.000ns period=20.000ns})
  Destination:            can_inst/Frame_reg[29]/CE
                            (rising edge-triggered cell FDCE clocked by sys_clk_pin  {rise@0.000ns fall@10.000ns period=20.000ns})
  Path Group:             sys_clk_pin
  Path Type:              Setup (Max at Slow Process Corner)
  Requirement:            20.000ns  (sys_clk_pin rise@20.000ns - sys_clk_pin rise@0.000ns)
  Data Path Delay:        2.824ns  (logic 1.037ns (36.725%)  route 1.787ns (63.275%))
  Logic Levels:           3  (CARRY4=1 LUT2=1 LUT6=1)
  Clock Path Skew:        -0.039ns (DCD - SCD + CPR)
    Destination Clock Delay (DCD):    4.201ns = ( 24.201 - 20.000 ) 
    Source Clock Delay      (SCD):    4.456ns
    Clock Pessimism Removal (CPR):    0.215ns
  Clock Uncertainty:      0.035ns  ((TSJ^2 + TIJ^2)^1/2 + DJ) / 2 + PE
    Total System Jitter     (TSJ):    0.071ns
    Total Input Jitter      (TIJ):    0.000ns
    Discrete Jitter          (DJ):    0.000ns
    Phase Error              (PE):    0.000ns

    Location             Delay type                Incr(ns)  Path(ns)    Netlist Resource(s)
  -------------------------------------------------------------------    -------------------
                         (clock sys_clk_pin rise edge)
                                                      0.000     0.000 r  
    W5                                                0.000     0.000 r  clk (IN)
                         net (fo=0)                   0.000     0.000    clk
    W5                   IBUF (Prop_ibuf_I_O)         1.371     1.371 r  clk_IBUF_inst/O
                         net (fo=1, routed)           1.598     2.969    clk_IBUF
    BUFGCTRL_X0Y0        BUFG (Prop_bufg_I_O)         0.076     3.045 r  clk_IBUF_BUFG_inst/O
                         net (fo=116, routed)         1.411     4.456    can_inst/clk_IBUF_BUFG
    SLICE_X3Y118         FDCE                                         r  can_inst/Frame_reg[30]/C
  -------------------------------------------------------------------    -------------------
    SLICE_X3Y118         FDCE (Prop_fdce_C_Q)         0.313     4.769 r  can_inst/Frame_reg[30]/Q
                         net (fo=3, routed)           0.931     5.700    abs_inst/crc_check/CAN_frame[3]
    SLICE_X5Y119         LUT6 (Prop_lut6_I1_O)        0.215     5.915 r  abs_inst/crc_check/ACK_slot2_carry__0_i_3/O
                         net (fo=1, routed)           0.000     5.915    abs_inst/crc_check_n_5
    SLICE_X5Y119         CARRY4 (Prop_carry4_S[1]_CO[3])
                                                      0.412     6.327 r  abs_inst/ACK_slot2_carry__0/CO[3]
                         net (fo=1, routed)           0.518     6.845    abs_inst/crc_check/CO[0]
    SLICE_X6Y119         LUT2 (Prop_lut2_I1_O)        0.097     6.942 r  abs_inst/crc_check/Frame[34]_i_1/O
                         net (fo=22, routed)          0.338     7.280    can_inst/done_reg
    SLICE_X4Y117         FDCE                                         r  can_inst/Frame_reg[29]/CE
  -------------------------------------------------------------------    -------------------

                         (clock sys_clk_pin rise edge)
                                                     20.000    20.000 r  
    W5                                                0.000    20.000 r  clk (IN)
                         net (fo=0)                   0.000    20.000    clk
    W5                   IBUF (Prop_ibuf_I_O)         1.304    21.304 r  clk_IBUF_inst/O
                         net (fo=1, routed)           1.514    22.817    clk_IBUF
    BUFGCTRL_X0Y0        BUFG (Prop_bufg_I_O)         0.072    22.889 r  clk_IBUF_BUFG_inst/O
                         net (fo=116, routed)         1.312    24.201    can_inst/clk_IBUF_BUFG
    SLICE_X4Y117         FDCE                                         r  can_inst/Frame_reg[29]/C
                         clock pessimism              0.215    24.417    
                         clock uncertainty           -0.035    24.381    
    SLICE_X4Y117         FDCE (Setup_fdce_C_CE)      -0.150    24.231    can_inst/Frame_reg[29]
  -------------------------------------------------------------------
                         required time                         24.231    
                         arrival time                          -7.280    
  -------------------------------------------------------------------
                         slack                                 16.952    

Slack (MET) :             16.952ns  (required time - arrival time)
  Source:                 can_inst/Frame_reg[30]/C
                            (rising edge-triggered cell FDCE clocked by sys_clk_pin  {rise@0.000ns fall@10.000ns period=20.000ns})
  Destination:            can_inst/Frame_reg[31]/CE
                            (rising edge-triggered cell FDCE clocked by sys_clk_pin  {rise@0.000ns fall@10.000ns period=20.000ns})
  Path Group:             sys_clk_pin
  Path Type:              Setup (Max at Slow Process Corner)
  Requirement:            20.000ns  (sys_clk_pin rise@20.000ns - sys_clk_pin rise@0.000ns)
  Data Path Delay:        2.824ns  (logic 1.037ns (36.725%)  route 1.787ns (63.275%))
  Logic Levels:           3  (CARRY4=1 LUT2=1 LUT6=1)
  Clock Path Skew:        -0.039ns (DCD - SCD + CPR)
    Destination Clock Delay (DCD):    4.201ns = ( 24.201 - 20.000 ) 
    Source Clock Delay      (SCD):    4.456ns
    Clock Pessimism Removal (CPR):    0.215ns
  Clock Uncertainty:      0.035ns  ((TSJ^2 + TIJ^2)^1/2 + DJ) / 2 + PE
    Total System Jitter     (TSJ):    0.071ns
    Total Input Jitter      (TIJ):    0.000ns
    Discrete Jitter          (DJ):    0.000ns
    Phase Error              (PE):    0.000ns

    Location             Delay type                Incr(ns)  Path(ns)    Netlist Resource(s)
  -------------------------------------------------------------------    -------------------
                         (clock sys_clk_pin rise edge)
                                                      0.000     0.000 r  
    W5                                                0.000     0.000 r  clk (IN)
                         net (fo=0)                   0.000     0.000    clk
    W5                   IBUF (Prop_ibuf_I_O)         1.371     1.371 r  clk_IBUF_inst/O
                         net (fo=1, routed)           1.598     2.969    clk_IBUF
    BUFGCTRL_X0Y0        BUFG (Prop_bufg_I_O)         0.076     3.045 r  clk_IBUF_BUFG_inst/O
                         net (fo=116, routed)         1.411     4.456    can_inst/clk_IBUF_BUFG
    SLICE_X3Y118         FDCE                                         r  can_inst/Frame_reg[30]/C
  -------------------------------------------------------------------    -------------------
    SLICE_X3Y118         FDCE (Prop_fdce_C_Q)         0.313     4.769 r  can_inst/Frame_reg[30]/Q
                         net (fo=3, routed)           0.931     5.700    abs_inst/crc_check/CAN_frame[3]
    SLICE_X5Y119         LUT6 (Prop_lut6_I1_O)        0.215     5.915 r  abs_inst/crc_check/ACK_slot2_carry__0_i_3/O
                         net (fo=1, routed)           0.000     5.915    abs_inst/crc_check_n_5
    SLICE_X5Y119         CARRY4 (Prop_carry4_S[1]_CO[3])
                                                      0.412     6.327 r  abs_inst/ACK_slot2_carry__0/CO[3]
                         net (fo=1, routed)           0.518     6.845    abs_inst/crc_check/CO[0]
    SLICE_X6Y119         LUT2 (Prop_lut2_I1_O)        0.097     6.942 r  abs_inst/crc_check/Frame[34]_i_1/O
                         net (fo=22, routed)          0.338     7.280    can_inst/done_reg
    SLICE_X4Y117         FDCE                                         r  can_inst/Frame_reg[31]/CE
  -------------------------------------------------------------------    -------------------

                         (clock sys_clk_pin rise edge)
                                                     20.000    20.000 r  
    W5                                                0.000    20.000 r  clk (IN)
                         net (fo=0)                   0.000    20.000    clk
    W5                   IBUF (Prop_ibuf_I_O)         1.304    21.304 r  clk_IBUF_inst/O
                         net (fo=1, routed)           1.514    22.817    clk_IBUF
    BUFGCTRL_X0Y0        BUFG (Prop_bufg_I_O)         0.072    22.889 r  clk_IBUF_BUFG_inst/O
                         net (fo=116, routed)         1.312    24.201    can_inst/clk_IBUF_BUFG
    SLICE_X4Y117         FDCE                                         r  can_inst/Frame_reg[31]/C
                         clock pessimism              0.215    24.417    
                         clock uncertainty           -0.035    24.381    
    SLICE_X4Y117         FDCE (Setup_fdce_C_CE)      -0.150    24.231    can_inst/Frame_reg[31]
  -------------------------------------------------------------------
                         required time                         24.231    
                         arrival time                          -7.280    
  -------------------------------------------------------------------
                         slack                                 16.952    

Slack (MET) :             16.952ns  (required time - arrival time)
  Source:                 can_inst/Frame_reg[30]/C
                            (rising edge-triggered cell FDCE clocked by sys_clk_pin  {rise@0.000ns fall@10.000ns period=20.000ns})
  Destination:            can_inst/Frame_reg[33]/CE
                            (rising edge-triggered cell FDCE clocked by sys_clk_pin  {rise@0.000ns fall@10.000ns period=20.000ns})
  Path Group:             sys_clk_pin
  Path Type:              Setup (Max at Slow Process Corner)
  Requirement:            20.000ns  (sys_clk_pin rise@20.000ns - sys_clk_pin rise@0.000ns)
  Data Path Delay:        2.824ns  (logic 1.037ns (36.725%)  route 1.787ns (63.275%))
  Logic Levels:           3  (CARRY4=1 LUT2=1 LUT6=1)
  Clock Path Skew:        -0.039ns (DCD - SCD + CPR)
    Destination Clock Delay (DCD):    4.201ns = ( 24.201 - 20.000 ) 
    Source Clock Delay      (SCD):    4.456ns
    Clock Pessimism Removal (CPR):    0.215ns
  Clock Uncertainty:      0.035ns  ((TSJ^2 + TIJ^2)^1/2 + DJ) / 2 + PE
    Total System Jitter     (TSJ):    0.071ns
    Total Input Jitter      (TIJ):    0.000ns
    Discrete Jitter          (DJ):    0.000ns
    Phase Error              (PE):    0.000ns

    Location             Delay type                Incr(ns)  Path(ns)    Netlist Resource(s)
  -------------------------------------------------------------------    -------------------
                         (clock sys_clk_pin rise edge)
                                                      0.000     0.000 r  
    W5                                                0.000     0.000 r  clk (IN)
                         net (fo=0)                   0.000     0.000    clk
    W5                   IBUF (Prop_ibuf_I_O)         1.371     1.371 r  clk_IBUF_inst/O
                         net (fo=1, routed)           1.598     2.969    clk_IBUF
    BUFGCTRL_X0Y0        BUFG (Prop_bufg_I_O)         0.076     3.045 r  clk_IBUF_BUFG_inst/O
                         net (fo=116, routed)         1.411     4.456    can_inst/clk_IBUF_BUFG
    SLICE_X3Y118         FDCE                                         r  can_inst/Frame_reg[30]/C
  -------------------------------------------------------------------    -------------------
    SLICE_X3Y118         FDCE (Prop_fdce_C_Q)         0.313     4.769 r  can_inst/Frame_reg[30]/Q
                         net (fo=3, routed)           0.931     5.700    abs_inst/crc_check/CAN_frame[3]
    SLICE_X5Y119         LUT6 (Prop_lut6_I1_O)        0.215     5.915 r  abs_inst/crc_check/ACK_slot2_carry__0_i_3/O
                         net (fo=1, routed)           0.000     5.915    abs_inst/crc_check_n_5
    SLICE_X5Y119         CARRY4 (Prop_carry4_S[1]_CO[3])
                                                      0.412     6.327 r  abs_inst/ACK_slot2_carry__0/CO[3]
                         net (fo=1, routed)           0.518     6.845    abs_inst/crc_check/CO[0]
    SLICE_X6Y119         LUT2 (Prop_lut2_I1_O)        0.097     6.942 r  abs_inst/crc_check/Frame[34]_i_1/O
                         net (fo=22, routed)          0.338     7.280    can_inst/done_reg
    SLICE_X4Y117         FDCE                                         r  can_inst/Frame_reg[33]/CE
  -------------------------------------------------------------------    -------------------

                         (clock sys_clk_pin rise edge)
                                                     20.000    20.000 r  
    W5                                                0.000    20.000 r  clk (IN)
                         net (fo=0)                   0.000    20.000    clk
    W5                   IBUF (Prop_ibuf_I_O)         1.304    21.304 r  clk_IBUF_inst/O
                         net (fo=1, routed)           1.514    22.817    clk_IBUF
    BUFGCTRL_X0Y0        BUFG (Prop_bufg_I_O)         0.072    22.889 r  clk_IBUF_BUFG_inst/O
                         net (fo=116, routed)         1.312    24.201    can_inst/clk_IBUF_BUFG
    SLICE_X4Y117         FDCE                                         r  can_inst/Frame_reg[33]/C
                         clock pessimism              0.215    24.417    
                         clock uncertainty           -0.035    24.381    
    SLICE_X4Y117         FDCE (Setup_fdce_C_CE)      -0.150    24.231    can_inst/Frame_reg[33]
  -------------------------------------------------------------------
                         required time                         24.231    
                         arrival time                          -7.280    
  -------------------------------------------------------------------
                         slack                                 16.952    

Slack (MET) :             16.953ns  (required time - arrival time)
  Source:                 can_inst/Frame_reg[30]/C
                            (rising edge-triggered cell FDCE clocked by sys_clk_pin  {rise@0.000ns fall@10.000ns period=20.000ns})
  Destination:            can_inst/Frame_reg[13]/CE
                            (rising edge-triggered cell FDCE clocked by sys_clk_pin  {rise@0.000ns fall@10.000ns period=20.000ns})
  Path Group:             sys_clk_pin
  Path Type:              Setup (Max at Slow Process Corner)
  Requirement:            20.000ns  (sys_clk_pin rise@20.000ns - sys_clk_pin rise@0.000ns)
  Data Path Delay:        2.823ns  (logic 1.037ns (36.736%)  route 1.786ns (63.264%))
  Logic Levels:           3  (CARRY4=1 LUT2=1 LUT6=1)
  Clock Path Skew:        -0.039ns (DCD - SCD + CPR)
    Destination Clock Delay (DCD):    4.201ns = ( 24.201 - 20.000 ) 
    Source Clock Delay      (SCD):    4.456ns
    Clock Pessimism Removal (CPR):    0.215ns
  Clock Uncertainty:      0.035ns  ((TSJ^2 + TIJ^2)^1/2 + DJ) / 2 + PE
    Total System Jitter     (TSJ):    0.071ns
    Total Input Jitter      (TIJ):    0.000ns
    Discrete Jitter          (DJ):    0.000ns
    Phase Error              (PE):    0.000ns

    Location             Delay type                Incr(ns)  Path(ns)    Netlist Resource(s)
  -------------------------------------------------------------------    -------------------
                         (clock sys_clk_pin rise edge)
                                                      0.000     0.000 r  
    W5                                                0.000     0.000 r  clk (IN)
                         net (fo=0)                   0.000     0.000    clk
    W5                   IBUF (Prop_ibuf_I_O)         1.371     1.371 r  clk_IBUF_inst/O
                         net (fo=1, routed)           1.598     2.969    clk_IBUF
    BUFGCTRL_X0Y0        BUFG (Prop_bufg_I_O)         0.076     3.045 r  clk_IBUF_BUFG_inst/O
                         net (fo=116, routed)         1.411     4.456    can_inst/clk_IBUF_BUFG
    SLICE_X3Y118         FDCE                                         r  can_inst/Frame_reg[30]/C
  -------------------------------------------------------------------    -------------------
    SLICE_X3Y118         FDCE (Prop_fdce_C_Q)         0.313     4.769 r  can_inst/Frame_reg[30]/Q
                         net (fo=3, routed)           0.931     5.700    abs_inst/crc_check/CAN_frame[3]
    SLICE_X5Y119         LUT6 (Prop_lut6_I1_O)        0.215     5.915 r  abs_inst/crc_check/ACK_slot2_carry__0_i_3/O
                         net (fo=1, routed)           0.000     5.915    abs_inst/crc_check_n_5
    SLICE_X5Y119         CARRY4 (Prop_carry4_S[1]_CO[3])
                                                      0.412     6.327 r  abs_inst/ACK_slot2_carry__0/CO[3]
                         net (fo=1, routed)           0.518     6.845    abs_inst/crc_check/CO[0]
    SLICE_X6Y119         LUT2 (Prop_lut2_I1_O)        0.097     6.942 r  abs_inst/crc_check/Frame[34]_i_1/O
                         net (fo=22, routed)          0.337     7.279    can_inst/done_reg
    SLICE_X5Y117         FDCE                                         r  can_inst/Frame_reg[13]/CE
  -------------------------------------------------------------------    -------------------

                         (clock sys_clk_pin rise edge)
                                                     20.000    20.000 r  
    W5                                                0.000    20.000 r  clk (IN)
                         net (fo=0)                   0.000    20.000    clk
    W5                   IBUF (Prop_ibuf_I_O)         1.304    21.304 r  clk_IBUF_inst/O
                         net (fo=1, routed)           1.514    22.817    clk_IBUF
    BUFGCTRL_X0Y0        BUFG (Prop_bufg_I_O)         0.072    22.889 r  clk_IBUF_BUFG_inst/O
                         net (fo=116, routed)         1.312    24.201    can_inst/clk_IBUF_BUFG
    SLICE_X5Y117         FDCE                                         r  can_inst/Frame_reg[13]/C
                         clock pessimism              0.215    24.417    
                         clock uncertainty           -0.035    24.381    
    SLICE_X5Y117         FDCE (Setup_fdce_C_CE)      -0.150    24.231    can_inst/Frame_reg[13]
  -------------------------------------------------------------------
                         required time                         24.231    
                         arrival time                          -7.279    
  -------------------------------------------------------------------
                         slack                                 16.953    

Slack (MET) :             16.953ns  (required time - arrival time)
  Source:                 can_inst/Frame_reg[30]/C
                            (rising edge-triggered cell FDCE clocked by sys_clk_pin  {rise@0.000ns fall@10.000ns period=20.000ns})
  Destination:            can_inst/Frame_reg[15]/CE
                            (rising edge-triggered cell FDCE clocked by sys_clk_pin  {rise@0.000ns fall@10.000ns period=20.000ns})
  Path Group:             sys_clk_pin
  Path Type:              Setup (Max at Slow Process Corner)
  Requirement:            20.000ns  (sys_clk_pin rise@20.000ns - sys_clk_pin rise@0.000ns)
  Data Path Delay:        2.823ns  (logic 1.037ns (36.736%)  route 1.786ns (63.264%))
  Logic Levels:           3  (CARRY4=1 LUT2=1 LUT6=1)
  Clock Path Skew:        -0.039ns (DCD - SCD + CPR)
    Destination Clock Delay (DCD):    4.201ns = ( 24.201 - 20.000 ) 
    Source Clock Delay      (SCD):    4.456ns
    Clock Pessimism Removal (CPR):    0.215ns
  Clock Uncertainty:      0.035ns  ((TSJ^2 + TIJ^2)^1/2 + DJ) / 2 + PE
    Total System Jitter     (TSJ):    0.071ns
    Total Input Jitter      (TIJ):    0.000ns
    Discrete Jitter          (DJ):    0.000ns
    Phase Error              (PE):    0.000ns

    Location             Delay type                Incr(ns)  Path(ns)    Netlist Resource(s)
  -------------------------------------------------------------------    -------------------
                         (clock sys_clk_pin rise edge)
                                                      0.000     0.000 r  
    W5                                                0.000     0.000 r  clk (IN)
                         net (fo=0)                   0.000     0.000    clk
    W5                   IBUF (Prop_ibuf_I_O)         1.371     1.371 r  clk_IBUF_inst/O
                         net (fo=1, routed)           1.598     2.969    clk_IBUF
    BUFGCTRL_X0Y0        BUFG (Prop_bufg_I_O)         0.076     3.045 r  clk_IBUF_BUFG_inst/O
                         net (fo=116, routed)         1.411     4.456    can_inst/clk_IBUF_BUFG
    SLICE_X3Y118         FDCE                                         r  can_inst/Frame_reg[30]/C
  -------------------------------------------------------------------    -------------------
    SLICE_X3Y118         FDCE (Prop_fdce_C_Q)         0.313     4.769 r  can_inst/Frame_reg[30]/Q
                         net (fo=3, routed)           0.931     5.700    abs_inst/crc_check/CAN_frame[3]
    SLICE_X5Y119         LUT6 (Prop_lut6_I1_O)        0.215     5.915 r  abs_inst/crc_check/ACK_slot2_carry__0_i_3/O
                         net (fo=1, routed)           0.000     5.915    abs_inst/crc_check_n_5
    SLICE_X5Y119         CARRY4 (Prop_carry4_S[1]_CO[3])
                                                      0.412     6.327 r  abs_inst/ACK_slot2_carry__0/CO[3]
                         net (fo=1, routed)           0.518     6.845    abs_inst/crc_check/CO[0]
    SLICE_X6Y119         LUT2 (Prop_lut2_I1_O)        0.097     6.942 r  abs_inst/crc_check/Frame[34]_i_1/O
                         net (fo=22, routed)          0.337     7.279    can_inst/done_reg
    SLICE_X5Y117         FDCE                                         r  can_inst/Frame_reg[15]/CE
  -------------------------------------------------------------------    -------------------

                         (clock sys_clk_pin rise edge)
                                                     20.000    20.000 r  
    W5                                                0.000    20.000 r  clk (IN)
                         net (fo=0)                   0.000    20.000    clk
    W5                   IBUF (Prop_ibuf_I_O)         1.304    21.304 r  clk_IBUF_inst/O
                         net (fo=1, routed)           1.514    22.817    clk_IBUF
    BUFGCTRL_X0Y0        BUFG (Prop_bufg_I_O)         0.072    22.889 r  clk_IBUF_BUFG_inst/O
                         net (fo=116, routed)         1.312    24.201    can_inst/clk_IBUF_BUFG
    SLICE_X5Y117         FDCE                                         r  can_inst/Frame_reg[15]/C
                         clock pessimism              0.215    24.417    
                         clock uncertainty           -0.035    24.381    
    SLICE_X5Y117         FDCE (Setup_fdce_C_CE)      -0.150    24.231    can_inst/Frame_reg[15]
  -------------------------------------------------------------------
                         required time                         24.231    
                         arrival time                          -7.279    
  -------------------------------------------------------------------
                         slack                                 16.953    

Slack (MET) :             16.953ns  (required time - arrival time)
  Source:                 can_inst/Frame_reg[30]/C
                            (rising edge-triggered cell FDCE clocked by sys_clk_pin  {rise@0.000ns fall@10.000ns period=20.000ns})
  Destination:            can_inst/Frame_reg[24]/CE
                            (rising edge-triggered cell FDCE clocked by sys_clk_pin  {rise@0.000ns fall@10.000ns period=20.000ns})
  Path Group:             sys_clk_pin
  Path Type:              Setup (Max at Slow Process Corner)
  Requirement:            20.000ns  (sys_clk_pin rise@20.000ns - sys_clk_pin rise@0.000ns)
  Data Path Delay:        2.823ns  (logic 1.037ns (36.736%)  route 1.786ns (63.264%))
  Logic Levels:           3  (CARRY4=1 LUT2=1 LUT6=1)
  Clock Path Skew:        -0.039ns (DCD - SCD + CPR)
    Destination Clock Delay (DCD):    4.201ns = ( 24.201 - 20.000 ) 
    Source Clock Delay      (SCD):    4.456ns
    Clock Pessimism Removal (CPR):    0.215ns
  Clock Uncertainty:      0.035ns  ((TSJ^2 + TIJ^2)^1/2 + DJ) / 2 + PE
    Total System Jitter     (TSJ):    0.071ns
    Total Input Jitter      (TIJ):    0.000ns
    Discrete Jitter          (DJ):    0.000ns
    Phase Error              (PE):    0.000ns

    Location             Delay type                Incr(ns)  Path(ns)    Netlist Resource(s)
  -------------------------------------------------------------------    -------------------
                         (clock sys_clk_pin rise edge)
                                                      0.000     0.000 r  
    W5                                                0.000     0.000 r  clk (IN)
                         net (fo=0)                   0.000     0.000    clk
    W5                   IBUF (Prop_ibuf_I_O)         1.371     1.371 r  clk_IBUF_inst/O
                         net (fo=1, routed)           1.598     2.969    clk_IBUF
    BUFGCTRL_X0Y0        BUFG (Prop_bufg_I_O)         0.076     3.045 r  clk_IBUF_BUFG_inst/O
                         net (fo=116, routed)         1.411     4.456    can_inst/clk_IBUF_BUFG
    SLICE_X3Y118         FDCE                                         r  can_inst/Frame_reg[30]/C
  -------------------------------------------------------------------    -------------------
    SLICE_X3Y118         FDCE (Prop_fdce_C_Q)         0.313     4.769 r  can_inst/Frame_reg[30]/Q
                         net (fo=3, routed)           0.931     5.700    abs_inst/crc_check/CAN_frame[3]
    SLICE_X5Y119         LUT6 (Prop_lut6_I1_O)        0.215     5.915 r  abs_inst/crc_check/ACK_slot2_carry__0_i_3/O
                         net (fo=1, routed)           0.000     5.915    abs_inst/crc_check_n_5
    SLICE_X5Y119         CARRY4 (Prop_carry4_S[1]_CO[3])
                                                      0.412     6.327 r  abs_inst/ACK_slot2_carry__0/CO[3]
                         net (fo=1, routed)           0.518     6.845    abs_inst/crc_check/CO[0]
    SLICE_X6Y119         LUT2 (Prop_lut2_I1_O)        0.097     6.942 r  abs_inst/crc_check/Frame[34]_i_1/O
                         net (fo=22, routed)          0.337     7.279    can_inst/done_reg
    SLICE_X5Y117         FDCE                                         r  can_inst/Frame_reg[24]/CE
  -------------------------------------------------------------------    -------------------

                         (clock sys_clk_pin rise edge)
                                                     20.000    20.000 r  
    W5                                                0.000    20.000 r  clk (IN)
                         net (fo=0)                   0.000    20.000    clk
    W5                   IBUF (Prop_ibuf_I_O)         1.304    21.304 r  clk_IBUF_inst/O
                         net (fo=1, routed)           1.514    22.817    clk_IBUF
    BUFGCTRL_X0Y0        BUFG (Prop_bufg_I_O)         0.072    22.889 r  clk_IBUF_BUFG_inst/O
                         net (fo=116, routed)         1.312    24.201    can_inst/clk_IBUF_BUFG
    SLICE_X5Y117         FDCE                                         r  can_inst/Frame_reg[24]/C
                         clock pessimism              0.215    24.417    
                         clock uncertainty           -0.035    24.381    
    SLICE_X5Y117         FDCE (Setup_fdce_C_CE)      -0.150    24.231    can_inst/Frame_reg[24]
  -------------------------------------------------------------------
                         required time                         24.231    
                         arrival time                          -7.279    
  -------------------------------------------------------------------
                         slack                                 16.953    

Slack (MET) :             16.981ns  (required time - arrival time)
  Source:                 can_inst/Frame_reg[30]/C
                            (rising edge-triggered cell FDCE clocked by sys_clk_pin  {rise@0.000ns fall@10.000ns period=20.000ns})
  Destination:            can_inst/Frame_reg[14]/CE
                            (rising edge-triggered cell FDCE clocked by sys_clk_pin  {rise@0.000ns fall@10.000ns period=20.000ns})
  Path Group:             sys_clk_pin
  Path Type:              Setup (Max at Slow Process Corner)
  Requirement:            20.000ns  (sys_clk_pin rise@20.000ns - sys_clk_pin rise@0.000ns)
  Data Path Delay:        2.834ns  (logic 1.037ns (36.595%)  route 1.797ns (63.405%))
  Logic Levels:           3  (CARRY4=1 LUT2=1 LUT6=1)
  Clock Path Skew:        0.000ns (DCD - SCD + CPR)
    Destination Clock Delay (DCD):    4.201ns = ( 24.201 - 20.000 ) 
    Source Clock Delay      (SCD):    4.456ns
    Clock Pessimism Removal (CPR):    0.254ns
  Clock Uncertainty:      0.035ns  ((TSJ^2 + TIJ^2)^1/2 + DJ) / 2 + PE
    Total System Jitter     (TSJ):    0.071ns
    Total Input Jitter      (TIJ):    0.000ns
    Discrete Jitter          (DJ):    0.000ns
    Phase Error              (PE):    0.000ns

    Location             Delay type                Incr(ns)  Path(ns)    Netlist Resource(s)
  -------------------------------------------------------------------    -------------------
                         (clock sys_clk_pin rise edge)
                                                      0.000     0.000 r  
    W5                                                0.000     0.000 r  clk (IN)
                         net (fo=0)                   0.000     0.000    clk
    W5                   IBUF (Prop_ibuf_I_O)         1.371     1.371 r  clk_IBUF_inst/O
                         net (fo=1, routed)           1.598     2.969    clk_IBUF
    BUFGCTRL_X0Y0        BUFG (Prop_bufg_I_O)         0.076     3.045 r  clk_IBUF_BUFG_inst/O
                         net (fo=116, routed)         1.411     4.456    can_inst/clk_IBUF_BUFG
    SLICE_X3Y118         FDCE                                         r  can_inst/Frame_reg[30]/C
  -------------------------------------------------------------------    -------------------
    SLICE_X3Y118         FDCE (Prop_fdce_C_Q)         0.313     4.769 r  can_inst/Frame_reg[30]/Q
                         net (fo=3, routed)           0.931     5.700    abs_inst/crc_check/CAN_frame[3]
    SLICE_X5Y119         LUT6 (Prop_lut6_I1_O)        0.215     5.915 r  abs_inst/crc_check/ACK_slot2_carry__0_i_3/O
                         net (fo=1, routed)           0.000     5.915    abs_inst/crc_check_n_5
    SLICE_X5Y119         CARRY4 (Prop_carry4_S[1]_CO[3])
                                                      0.412     6.327 r  abs_inst/ACK_slot2_carry__0/CO[3]
                         net (fo=1, routed)           0.518     6.845    abs_inst/crc_check/CO[0]
    SLICE_X6Y119         LUT2 (Prop_lut2_I1_O)        0.097     6.942 r  abs_inst/crc_check/Frame[34]_i_1/O
                         net (fo=22, routed)          0.348     7.290    can_inst/done_reg
    SLICE_X3Y118         FDCE                                         r  can_inst/Frame_reg[14]/CE
  -------------------------------------------------------------------    -------------------

                         (clock sys_clk_pin rise edge)
                                                     20.000    20.000 r  
    W5                                                0.000    20.000 r  clk (IN)
                         net (fo=0)                   0.000    20.000    clk
    W5                   IBUF (Prop_ibuf_I_O)         1.304    21.304 r  clk_IBUF_inst/O
                         net (fo=1, routed)           1.514    22.817    clk_IBUF
    BUFGCTRL_X0Y0        BUFG (Prop_bufg_I_O)         0.072    22.889 r  clk_IBUF_BUFG_inst/O
                         net (fo=116, routed)         1.312    24.201    can_inst/clk_IBUF_BUFG
    SLICE_X3Y118         FDCE                                         r  can_inst/Frame_reg[14]/C
                         clock pessimism              0.254    24.456    
                         clock uncertainty           -0.035    24.420    
    SLICE_X3Y118         FDCE (Setup_fdce_C_CE)      -0.150    24.270    can_inst/Frame_reg[14]
  -------------------------------------------------------------------
                         required time                         24.270    
                         arrival time                          -7.290    
  -------------------------------------------------------------------
                         slack                                 16.981    

Slack (MET) :             16.981ns  (required time - arrival time)
  Source:                 can_inst/Frame_reg[30]/C
                            (rising edge-triggered cell FDCE clocked by sys_clk_pin  {rise@0.000ns fall@10.000ns period=20.000ns})
  Destination:            can_inst/Frame_reg[17]/CE
                            (rising edge-triggered cell FDCE clocked by sys_clk_pin  {rise@0.000ns fall@10.000ns period=20.000ns})
  Path Group:             sys_clk_pin
  Path Type:              Setup (Max at Slow Process Corner)
  Requirement:            20.000ns  (sys_clk_pin rise@20.000ns - sys_clk_pin rise@0.000ns)
  Data Path Delay:        2.834ns  (logic 1.037ns (36.595%)  route 1.797ns (63.405%))
  Logic Levels:           3  (CARRY4=1 LUT2=1 LUT6=1)
  Clock Path Skew:        0.000ns (DCD - SCD + CPR)
    Destination Clock Delay (DCD):    4.201ns = ( 24.201 - 20.000 ) 
    Source Clock Delay      (SCD):    4.456ns
    Clock Pessimism Removal (CPR):    0.254ns
  Clock Uncertainty:      0.035ns  ((TSJ^2 + TIJ^2)^1/2 + DJ) / 2 + PE
    Total System Jitter     (TSJ):    0.071ns
    Total Input Jitter      (TIJ):    0.000ns
    Discrete Jitter          (DJ):    0.000ns
    Phase Error              (PE):    0.000ns

    Location             Delay type                Incr(ns)  Path(ns)    Netlist Resource(s)
  -------------------------------------------------------------------    -------------------
                         (clock sys_clk_pin rise edge)
                                                      0.000     0.000 r  
    W5                                                0.000     0.000 r  clk (IN)
                         net (fo=0)                   0.000     0.000    clk
    W5                   IBUF (Prop_ibuf_I_O)         1.371     1.371 r  clk_IBUF_inst/O
                         net (fo=1, routed)           1.598     2.969    clk_IBUF
    BUFGCTRL_X0Y0        BUFG (Prop_bufg_I_O)         0.076     3.045 r  clk_IBUF_BUFG_inst/O
                         net (fo=116, routed)         1.411     4.456    can_inst/clk_IBUF_BUFG
    SLICE_X3Y118         FDCE                                         r  can_inst/Frame_reg[30]/C
  -------------------------------------------------------------------    -------------------
    SLICE_X3Y118         FDCE (Prop_fdce_C_Q)         0.313     4.769 r  can_inst/Frame_reg[30]/Q
                         net (fo=3, routed)           0.931     5.700    abs_inst/crc_check/CAN_frame[3]
    SLICE_X5Y119         LUT6 (Prop_lut6_I1_O)        0.215     5.915 r  abs_inst/crc_check/ACK_slot2_carry__0_i_3/O
                         net (fo=1, routed)           0.000     5.915    abs_inst/crc_check_n_5
    SLICE_X5Y119         CARRY4 (Prop_carry4_S[1]_CO[3])
                                                      0.412     6.327 r  abs_inst/ACK_slot2_carry__0/CO[3]
                         net (fo=1, routed)           0.518     6.845    abs_inst/crc_check/CO[0]
    SLICE_X6Y119         LUT2 (Prop_lut2_I1_O)        0.097     6.942 r  abs_inst/crc_check/Frame[34]_i_1/O
                         net (fo=22, routed)          0.348     7.290    can_inst/done_reg
    SLICE_X3Y118         FDCE                                         r  can_inst/Frame_reg[17]/CE
  -------------------------------------------------------------------    -------------------

                         (clock sys_clk_pin rise edge)
                                                     20.000    20.000 r  
    W5                                                0.000    20.000 r  clk (IN)
                         net (fo=0)                   0.000    20.000    clk
    W5                   IBUF (Prop_ibuf_I_O)         1.304    21.304 r  clk_IBUF_inst/O
                         net (fo=1, routed)           1.514    22.817    clk_IBUF
    BUFGCTRL_X0Y0        BUFG (Prop_bufg_I_O)         0.072    22.889 r  clk_IBUF_BUFG_inst/O
                         net (fo=116, routed)         1.312    24.201    can_inst/clk_IBUF_BUFG
    SLICE_X3Y118         FDCE                                         r  can_inst/Frame_reg[17]/C
                         clock pessimism              0.254    24.456    
                         clock uncertainty           -0.035    24.420    
    SLICE_X3Y118         FDCE (Setup_fdce_C_CE)      -0.150    24.270    can_inst/Frame_reg[17]
  -------------------------------------------------------------------
                         required time                         24.270    
                         arrival time                          -7.290    
  -------------------------------------------------------------------
                         slack                                 16.981    

Slack (MET) :             16.981ns  (required time - arrival time)
  Source:                 can_inst/Frame_reg[30]/C
                            (rising edge-triggered cell FDCE clocked by sys_clk_pin  {rise@0.000ns fall@10.000ns period=20.000ns})
  Destination:            can_inst/Frame_reg[23]/CE
                            (rising edge-triggered cell FDCE clocked by sys_clk_pin  {rise@0.000ns fall@10.000ns period=20.000ns})
  Path Group:             sys_clk_pin
  Path Type:              Setup (Max at Slow Process Corner)
  Requirement:            20.000ns  (sys_clk_pin rise@20.000ns - sys_clk_pin rise@0.000ns)
  Data Path Delay:        2.834ns  (logic 1.037ns (36.595%)  route 1.797ns (63.405%))
  Logic Levels:           3  (CARRY4=1 LUT2=1 LUT6=1)
  Clock Path Skew:        0.000ns (DCD - SCD + CPR)
    Destination Clock Delay (DCD):    4.201ns = ( 24.201 - 20.000 ) 
    Source Clock Delay      (SCD):    4.456ns
    Clock Pessimism Removal (CPR):    0.254ns
  Clock Uncertainty:      0.035ns  ((TSJ^2 + TIJ^2)^1/2 + DJ) / 2 + PE
    Total System Jitter     (TSJ):    0.071ns
    Total Input Jitter      (TIJ):    0.000ns
    Discrete Jitter          (DJ):    0.000ns
    Phase Error              (PE):    0.000ns

    Location             Delay type                Incr(ns)  Path(ns)    Netlist Resource(s)
  -------------------------------------------------------------------    -------------------
                         (clock sys_clk_pin rise edge)
                                                      0.000     0.000 r  
    W5                                                0.000     0.000 r  clk (IN)
                         net (fo=0)                   0.000     0.000    clk
    W5                   IBUF (Prop_ibuf_I_O)         1.371     1.371 r  clk_IBUF_inst/O
                         net (fo=1, routed)           1.598     2.969    clk_IBUF
    BUFGCTRL_X0Y0        BUFG (Prop_bufg_I_O)         0.076     3.045 r  clk_IBUF_BUFG_inst/O
                         net (fo=116, routed)         1.411     4.456    can_inst/clk_IBUF_BUFG
    SLICE_X3Y118         FDCE                                         r  can_inst/Frame_reg[30]/C
  -------------------------------------------------------------------    -------------------
    SLICE_X3Y118         FDCE (Prop_fdce_C_Q)         0.313     4.769 r  can_inst/Frame_reg[30]/Q
                         net (fo=3, routed)           0.931     5.700    abs_inst/crc_check/CAN_frame[3]
    SLICE_X5Y119         LUT6 (Prop_lut6_I1_O)        0.215     5.915 r  abs_inst/crc_check/ACK_slot2_carry__0_i_3/O
                         net (fo=1, routed)           0.000     5.915    abs_inst/crc_check_n_5
    SLICE_X5Y119         CARRY4 (Prop_carry4_S[1]_CO[3])
                                                      0.412     6.327 r  abs_inst/ACK_slot2_carry__0/CO[3]
                         net (fo=1, routed)           0.518     6.845    abs_inst/crc_check/CO[0]
    SLICE_X6Y119         LUT2 (Prop_lut2_I1_O)        0.097     6.942 r  abs_inst/crc_check/Frame[34]_i_1/O
                         net (fo=22, routed)          0.348     7.290    can_inst/done_reg
    SLICE_X3Y118         FDCE                                         r  can_inst/Frame_reg[23]/CE
  -------------------------------------------------------------------    -------------------

                         (clock sys_clk_pin rise edge)
                                                     20.000    20.000 r  
    W5                                                0.000    20.000 r  clk (IN)
                         net (fo=0)                   0.000    20.000    clk
    W5                   IBUF (Prop_ibuf_I_O)         1.304    21.304 r  clk_IBUF_inst/O
                         net (fo=1, routed)           1.514    22.817    clk_IBUF
    BUFGCTRL_X0Y0        BUFG (Prop_bufg_I_O)         0.072    22.889 r  clk_IBUF_BUFG_inst/O
                         net (fo=116, routed)         1.312    24.201    can_inst/clk_IBUF_BUFG
    SLICE_X3Y118         FDCE                                         r  can_inst/Frame_reg[23]/C
                         clock pessimism              0.254    24.456    
                         clock uncertainty           -0.035    24.420    
    SLICE_X3Y118         FDCE (Setup_fdce_C_CE)      -0.150    24.270    can_inst/Frame_reg[23]
  -------------------------------------------------------------------
                         required time                         24.270    
                         arrival time                          -7.290    
  -------------------------------------------------------------------
                         slack                                 16.981    





Min Delay Paths
--------------------------------------------------------------------------------------
Slack (MET) :             0.148ns  (arrival time - required time)
  Source:                 can_inst/crc_calc/result_reg[16]/C
                            (rising edge-triggered cell FDCE clocked by sys_clk_pin  {rise@0.000ns fall@10.000ns period=20.000ns})
  Destination:            can_inst/latched_crc_reg[16]/D
                            (rising edge-triggered cell FDCE clocked by sys_clk_pin  {rise@0.000ns fall@10.000ns period=20.000ns})
  Path Group:             sys_clk_pin
  Path Type:              Hold (Min at Fast Process Corner)
  Requirement:            0.000ns  (sys_clk_pin rise@0.000ns - sys_clk_pin rise@0.000ns)
  Data Path Delay:        0.257ns  (logic 0.141ns (54.758%)  route 0.116ns (45.242%))
  Logic Levels:           0  
  Clock Path Skew:        0.037ns (DCD - SCD - CPR)
    Destination Clock Delay (DCD):    2.162ns
    Source Clock Delay      (SCD):    1.642ns
    Clock Pessimism Removal (CPR):    0.483ns

    Location             Delay type                Incr(ns)  Path(ns)    Netlist Resource(s)
  -------------------------------------------------------------------    -------------------
                         (clock sys_clk_pin rise edge)
                                                      0.000     0.000 r  
    W5                                                0.000     0.000 r  clk (IN)
                         net (fo=0)                   0.000     0.000    clk
    W5                   IBUF (Prop_ibuf_I_O)         0.291     0.291 r  clk_IBUF_inst/O
                         net (fo=1, routed)           0.676     0.967    clk_IBUF
    BUFGCTRL_X0Y0        BUFG (Prop_bufg_I_O)         0.026     0.993 r  clk_IBUF_BUFG_inst/O
                         net (fo=116, routed)         0.650     1.642    can_inst/crc_calc/clk_IBUF_BUFG
    SLICE_X3Y116         FDCE                                         r  can_inst/crc_calc/result_reg[16]/C
  -------------------------------------------------------------------    -------------------
    SLICE_X3Y116         FDCE (Prop_fdce_C_Q)         0.141     1.783 r  can_inst/crc_calc/result_reg[16]/Q
                         net (fo=1, routed)           0.116     1.900    can_inst/result[16]
    SLICE_X5Y116         FDCE                                         r  can_inst/latched_crc_reg[16]/D
  -------------------------------------------------------------------    -------------------

                         (clock sys_clk_pin rise edge)
                                                      0.000     0.000 r  
    W5                                                0.000     0.000 r  clk (IN)
                         net (fo=0)                   0.000     0.000    clk
    W5                   IBUF (Prop_ibuf_I_O)         0.479     0.479 r  clk_IBUF_inst/O
                         net (fo=1, routed)           0.734     1.213    clk_IBUF
    BUFGCTRL_X0Y0        BUFG (Prop_bufg_I_O)         0.029     1.242 r  clk_IBUF_BUFG_inst/O
                         net (fo=116, routed)         0.921     2.162    can_inst/clk_IBUF_BUFG
    SLICE_X5Y116         FDCE                                         r  can_inst/latched_crc_reg[16]/C
                         clock pessimism             -0.483     1.679    
    SLICE_X5Y116         FDCE (Hold_fdce_C_D)         0.072     1.751    can_inst/latched_crc_reg[16]
  -------------------------------------------------------------------
                         required time                         -1.751    
                         arrival time                           1.900    
  -------------------------------------------------------------------
                         slack                                  0.148    

Slack (MET) :             0.150ns  (arrival time - required time)
  Source:                 can_inst/crc_calc/result_reg[13]/C
                            (rising edge-triggered cell FDCE clocked by sys_clk_pin  {rise@0.000ns fall@10.000ns period=20.000ns})
  Destination:            can_inst/latched_crc_reg[13]/D
                            (rising edge-triggered cell FDCE clocked by sys_clk_pin  {rise@0.000ns fall@10.000ns period=20.000ns})
  Path Group:             sys_clk_pin
  Path Type:              Hold (Min at Fast Process Corner)
  Requirement:            0.000ns  (sys_clk_pin rise@0.000ns - sys_clk_pin rise@0.000ns)
  Data Path Delay:        0.257ns  (logic 0.141ns (54.758%)  route 0.116ns (45.242%))
  Logic Levels:           0  
  Clock Path Skew:        0.037ns (DCD - SCD - CPR)
    Destination Clock Delay (DCD):    2.162ns
    Source Clock Delay      (SCD):    1.642ns
    Clock Pessimism Removal (CPR):    0.483ns

    Location             Delay type                Incr(ns)  Path(ns)    Netlist Resource(s)
  -------------------------------------------------------------------    -------------------
                         (clock sys_clk_pin rise edge)
                                                      0.000     0.000 r  
    W5                                                0.000     0.000 r  clk (IN)
                         net (fo=0)                   0.000     0.000    clk
    W5                   IBUF (Prop_ibuf_I_O)         0.291     0.291 r  clk_IBUF_inst/O
                         net (fo=1, routed)           0.676     0.967    clk_IBUF
    BUFGCTRL_X0Y0        BUFG (Prop_bufg_I_O)         0.026     0.993 r  clk_IBUF_BUFG_inst/O
                         net (fo=116, routed)         0.650     1.642    can_inst/crc_calc/clk_IBUF_BUFG
    SLICE_X3Y116         FDCE                                         r  can_inst/crc_calc/result_reg[13]/C
  -------------------------------------------------------------------    -------------------
    SLICE_X3Y116         FDCE (Prop_fdce_C_Q)         0.141     1.783 r  can_inst/crc_calc/result_reg[13]/Q
                         net (fo=1, routed)           0.116     1.900    can_inst/result[13]
    SLICE_X5Y116         FDCE                                         r  can_inst/latched_crc_reg[13]/D
  -------------------------------------------------------------------    -------------------

                         (clock sys_clk_pin rise edge)
                                                      0.000     0.000 r  
    W5                                                0.000     0.000 r  clk (IN)
                         net (fo=0)                   0.000     0.000    clk
    W5                   IBUF (Prop_ibuf_I_O)         0.479     0.479 r  clk_IBUF_inst/O
                         net (fo=1, routed)           0.734     1.213    clk_IBUF
    BUFGCTRL_X0Y0        BUFG (Prop_bufg_I_O)         0.029     1.242 r  clk_IBUF_BUFG_inst/O
                         net (fo=116, routed)         0.921     2.162    can_inst/clk_IBUF_BUFG
    SLICE_X5Y116         FDCE                                         r  can_inst/latched_crc_reg[13]/C
                         clock pessimism             -0.483     1.679    
    SLICE_X5Y116         FDCE (Hold_fdce_C_D)         0.070     1.749    can_inst/latched_crc_reg[13]
  -------------------------------------------------------------------
                         required time                         -1.749    
                         arrival time                           1.900    
  -------------------------------------------------------------------
                         slack                                  0.150    

Slack (MET) :             0.153ns  (arrival time - required time)
  Source:                 can_inst/crc_calc/result_reg[4]/C
                            (rising edge-triggered cell FDCE clocked by sys_clk_pin  {rise@0.000ns fall@10.000ns period=20.000ns})
  Destination:            can_inst/latched_crc_reg[4]/D
                            (rising edge-triggered cell FDCE clocked by sys_clk_pin  {rise@0.000ns fall@10.000ns period=20.000ns})
  Path Group:             sys_clk_pin
  Path Type:              Hold (Min at Fast Process Corner)
  Requirement:            0.000ns  (sys_clk_pin rise@0.000ns - sys_clk_pin rise@0.000ns)
  Data Path Delay:        0.258ns  (logic 0.141ns (54.599%)  route 0.117ns (45.401%))
  Logic Levels:           0  
  Clock Path Skew:        0.039ns (DCD - SCD - CPR)
    Destination Clock Delay (DCD):    2.164ns
    Source Clock Delay      (SCD):    1.642ns
    Clock Pessimism Removal (CPR):    0.483ns

    Location             Delay type                Incr(ns)  Path(ns)    Netlist Resource(s)
  -------------------------------------------------------------------    -------------------
                         (clock sys_clk_pin rise edge)
                                                      0.000     0.000 r  
    W5                                                0.000     0.000 r  clk (IN)
                         net (fo=0)                   0.000     0.000    clk
    W5                   IBUF (Prop_ibuf_I_O)         0.291     0.291 r  clk_IBUF_inst/O
                         net (fo=1, routed)           0.676     0.967    clk_IBUF
    BUFGCTRL_X0Y0        BUFG (Prop_bufg_I_O)         0.026     0.993 r  clk_IBUF_BUFG_inst/O
                         net (fo=116, routed)         0.650     1.642    can_inst/crc_calc/clk_IBUF_BUFG
    SLICE_X4Y115         FDCE                                         r  can_inst/crc_calc/result_reg[4]/C
  -------------------------------------------------------------------    -------------------
    SLICE_X4Y115         FDCE (Prop_fdce_C_Q)         0.141     1.783 r  can_inst/crc_calc/result_reg[4]/Q
                         net (fo=1, routed)           0.117     1.901    can_inst/result[4]
    SLICE_X3Y115         FDCE                                         r  can_inst/latched_crc_reg[4]/D
  -------------------------------------------------------------------    -------------------

                         (clock sys_clk_pin rise edge)
                                                      0.000     0.000 r  
    W5                                                0.000     0.000 r  clk (IN)
                         net (fo=0)                   0.000     0.000    clk
    W5                   IBUF (Prop_ibuf_I_O)         0.479     0.479 r  clk_IBUF_inst/O
                         net (fo=1, routed)           0.734     1.213    clk_IBUF
    BUFGCTRL_X0Y0        BUFG (Prop_bufg_I_O)         0.029     1.242 r  clk_IBUF_BUFG_inst/O
                         net (fo=116, routed)         0.923     2.164    can_inst/clk_IBUF_BUFG
    SLICE_X3Y115         FDCE                                         r  can_inst/latched_crc_reg[4]/C
                         clock pessimism             -0.483     1.681    
    SLICE_X3Y115         FDCE (Hold_fdce_C_D)         0.066     1.747    can_inst/latched_crc_reg[4]
  -------------------------------------------------------------------
                         required time                         -1.747    
                         arrival time                           1.901    
  -------------------------------------------------------------------
                         slack                                  0.153    

Slack (MET) :             0.167ns  (arrival time - required time)
  Source:                 can_inst/latched_crc_reg[0]/C
                            (rising edge-triggered cell FDCE clocked by sys_clk_pin  {rise@0.000ns fall@10.000ns period=20.000ns})
  Destination:            can_inst/Frame_reg[13]/D
                            (rising edge-triggered cell FDCE clocked by sys_clk_pin  {rise@0.000ns fall@10.000ns period=20.000ns})
  Path Group:             sys_clk_pin
  Path Type:              Hold (Min at Fast Process Corner)
  Requirement:            0.000ns  (sys_clk_pin rise@0.000ns - sys_clk_pin rise@0.000ns)
  Data Path Delay:        0.250ns  (logic 0.141ns (56.321%)  route 0.109ns (43.679%))
  Logic Levels:           0  
  Clock Path Skew:        0.013ns (DCD - SCD - CPR)
    Destination Clock Delay (DCD):    2.161ns
    Source Clock Delay      (SCD):    1.641ns
    Clock Pessimism Removal (CPR):    0.507ns

    Location             Delay type                Incr(ns)  Path(ns)    Netlist Resource(s)
  -------------------------------------------------------------------    -------------------
                         (clock sys_clk_pin rise edge)
                                                      0.000     0.000 r  
    W5                                                0.000     0.000 r  clk (IN)
                         net (fo=0)                   0.000     0.000    clk
    W5                   IBUF (Prop_ibuf_I_O)         0.291     0.291 r  clk_IBUF_inst/O
                         net (fo=1, routed)           0.676     0.967    clk_IBUF
    BUFGCTRL_X0Y0        BUFG (Prop_bufg_I_O)         0.026     0.993 r  clk_IBUF_BUFG_inst/O
                         net (fo=116, routed)         0.649     1.641    can_inst/clk_IBUF_BUFG
    SLICE_X5Y116         FDCE                                         r  can_inst/latched_crc_reg[0]/C
  -------------------------------------------------------------------    -------------------
    SLICE_X5Y116         FDCE (Prop_fdce_C_Q)         0.141     1.782 r  can_inst/latched_crc_reg[0]/Q
                         net (fo=1, routed)           0.109     1.892    can_inst/latched_crc[0]
    SLICE_X5Y117         FDCE                                         r  can_inst/Frame_reg[13]/D
  -------------------------------------------------------------------    -------------------

                         (clock sys_clk_pin rise edge)
                                                      0.000     0.000 r  
    W5                                                0.000     0.000 r  clk (IN)
                         net (fo=0)                   0.000     0.000    clk
    W5                   IBUF (Prop_ibuf_I_O)         0.479     0.479 r  clk_IBUF_inst/O
                         net (fo=1, routed)           0.734     1.213    clk_IBUF
    BUFGCTRL_X0Y0        BUFG (Prop_bufg_I_O)         0.029     1.242 r  clk_IBUF_BUFG_inst/O
                         net (fo=116, routed)         0.920     2.161    can_inst/clk_IBUF_BUFG
    SLICE_X5Y117         FDCE                                         r  can_inst/Frame_reg[13]/C
                         clock pessimism             -0.507     1.654    
    SLICE_X5Y117         FDCE (Hold_fdce_C_D)         0.070     1.724    can_inst/Frame_reg[13]
  -------------------------------------------------------------------
                         required time                         -1.724    
                         arrival time                           1.892    
  -------------------------------------------------------------------
                         slack                                  0.167    

Slack (MET) :             0.173ns  (arrival time - required time)
  Source:                 can_inst/crc_calc/result_reg[12]/C
                            (rising edge-triggered cell FDCE clocked by sys_clk_pin  {rise@0.000ns fall@10.000ns period=20.000ns})
  Destination:            can_inst/latched_crc_reg[12]/D
                            (rising edge-triggered cell FDCE clocked by sys_clk_pin  {rise@0.000ns fall@10.000ns period=20.000ns})
  Path Group:             sys_clk_pin
  Path Type:              Hold (Min at Fast Process Corner)
  Requirement:            0.000ns  (sys_clk_pin rise@0.000ns - sys_clk_pin rise@0.000ns)
  Data Path Delay:        0.252ns  (logic 0.141ns (55.939%)  route 0.111ns (44.061%))
  Logic Levels:           0  
  Clock Path Skew:        0.013ns (DCD - SCD - CPR)
    Destination Clock Delay (DCD):    2.162ns
    Source Clock Delay      (SCD):    1.642ns
    Clock Pessimism Removal (CPR):    0.507ns

    Location             Delay type                Incr(ns)  Path(ns)    Netlist Resource(s)
  -------------------------------------------------------------------    -------------------
                         (clock sys_clk_pin rise edge)
                                                      0.000     0.000 r  
    W5                                                0.000     0.000 r  clk (IN)
                         net (fo=0)                   0.000     0.000    clk
    W5                   IBUF (Prop_ibuf_I_O)         0.291     0.291 r  clk_IBUF_inst/O
                         net (fo=1, routed)           0.676     0.967    clk_IBUF
    BUFGCTRL_X0Y0        BUFG (Prop_bufg_I_O)         0.026     0.993 r  clk_IBUF_BUFG_inst/O
                         net (fo=116, routed)         0.650     1.642    can_inst/crc_calc/clk_IBUF_BUFG
    SLICE_X4Y115         FDCE                                         r  can_inst/crc_calc/result_reg[12]/C
  -------------------------------------------------------------------    -------------------
    SLICE_X4Y115         FDCE (Prop_fdce_C_Q)         0.141     1.783 r  can_inst/crc_calc/result_reg[12]/Q
                         net (fo=1, routed)           0.111     1.894    can_inst/result[12]
    SLICE_X5Y116         FDCE                                         r  can_inst/latched_crc_reg[12]/D
  -------------------------------------------------------------------    -------------------

                         (clock sys_clk_pin rise edge)
                                                      0.000     0.000 r  
    W5                                                0.000     0.000 r  clk (IN)
                         net (fo=0)                   0.000     0.000    clk
    W5                   IBUF (Prop_ibuf_I_O)         0.479     0.479 r  clk_IBUF_inst/O
                         net (fo=1, routed)           0.734     1.213    clk_IBUF
    BUFGCTRL_X0Y0        BUFG (Prop_bufg_I_O)         0.029     1.242 r  clk_IBUF_BUFG_inst/O
                         net (fo=116, routed)         0.921     2.162    can_inst/clk_IBUF_BUFG
    SLICE_X5Y116         FDCE                                         r  can_inst/latched_crc_reg[12]/C
                         clock pessimism             -0.507     1.655    
    SLICE_X5Y116         FDCE (Hold_fdce_C_D)         0.066     1.721    can_inst/latched_crc_reg[12]
  -------------------------------------------------------------------
                         required time                         -1.721    
                         arrival time                           1.894    
  -------------------------------------------------------------------
                         slack                                  0.173    

Slack (MET) :             0.174ns  (arrival time - required time)
  Source:                 can_inst/latched_crc_reg[15]/C
                            (rising edge-triggered cell FDCE clocked by sys_clk_pin  {rise@0.000ns fall@10.000ns period=20.000ns})
  Destination:            can_inst/Frame_reg[28]/D
                            (rising edge-triggered cell FDCE clocked by sys_clk_pin  {rise@0.000ns fall@10.000ns period=20.000ns})
  Path Group:             sys_clk_pin
  Path Type:              Hold (Min at Fast Process Corner)
  Requirement:            0.000ns  (sys_clk_pin rise@0.000ns - sys_clk_pin rise@0.000ns)
  Data Path Delay:        0.281ns  (logic 0.164ns (58.399%)  route 0.117ns (41.601%))
  Logic Levels:           0  
  Clock Path Skew:        0.037ns (DCD - SCD - CPR)
    Destination Clock Delay (DCD):    2.161ns
    Source Clock Delay      (SCD):    1.641ns
    Clock Pessimism Removal (CPR):    0.483ns

    Location             Delay type                Incr(ns)  Path(ns)    Netlist Resource(s)
  -------------------------------------------------------------------    -------------------
                         (clock sys_clk_pin rise edge)
                                                      0.000     0.000 r  
    W5                                                0.000     0.000 r  clk (IN)
                         net (fo=0)                   0.000     0.000    clk
    W5                   IBUF (Prop_ibuf_I_O)         0.291     0.291 r  clk_IBUF_inst/O
                         net (fo=1, routed)           0.676     0.967    clk_IBUF
    BUFGCTRL_X0Y0        BUFG (Prop_bufg_I_O)         0.026     0.993 r  clk_IBUF_BUFG_inst/O
                         net (fo=116, routed)         0.649     1.641    can_inst/clk_IBUF_BUFG
    SLICE_X2Y117         FDCE                                         r  can_inst/latched_crc_reg[15]/C
  -------------------------------------------------------------------    -------------------
    SLICE_X2Y117         FDCE (Prop_fdce_C_Q)         0.164     1.805 r  can_inst/latched_crc_reg[15]/Q
                         net (fo=1, routed)           0.117     1.922    can_inst/latched_crc[15]
    SLICE_X4Y117         FDCE                                         r  can_inst/Frame_reg[28]/D
  -------------------------------------------------------------------    -------------------

                         (clock sys_clk_pin rise edge)
                                                      0.000     0.000 r  
    W5                                                0.000     0.000 r  clk (IN)
                         net (fo=0)                   0.000     0.000    clk
    W5                   IBUF (Prop_ibuf_I_O)         0.479     0.479 r  clk_IBUF_inst/O
                         net (fo=1, routed)           0.734     1.213    clk_IBUF
    BUFGCTRL_X0Y0        BUFG (Prop_bufg_I_O)         0.029     1.242 r  clk_IBUF_BUFG_inst/O
                         net (fo=116, routed)         0.920     2.161    can_inst/clk_IBUF_BUFG
    SLICE_X4Y117         FDCE                                         r  can_inst/Frame_reg[28]/C
                         clock pessimism             -0.483     1.678    
    SLICE_X4Y117         FDCE (Hold_fdce_C_D)         0.070     1.748    can_inst/Frame_reg[28]
  -------------------------------------------------------------------
                         required time                         -1.748    
                         arrival time                           1.922    
  -------------------------------------------------------------------
                         slack                                  0.174    

Slack (MET) :             0.174ns  (arrival time - required time)
  Source:                 can_inst/crc_calc/result_reg[17]/C
                            (rising edge-triggered cell FDCE clocked by sys_clk_pin  {rise@0.000ns fall@10.000ns period=20.000ns})
  Destination:            can_inst/latched_crc_reg[17]/D
                            (rising edge-triggered cell FDCE clocked by sys_clk_pin  {rise@0.000ns fall@10.000ns period=20.000ns})
  Path Group:             sys_clk_pin
  Path Type:              Hold (Min at Fast Process Corner)
  Requirement:            0.000ns  (sys_clk_pin rise@0.000ns - sys_clk_pin rise@0.000ns)
  Data Path Delay:        0.250ns  (logic 0.141ns (56.321%)  route 0.109ns (43.679%))
  Logic Levels:           0  
  Clock Path Skew:        0.013ns (DCD - SCD - CPR)
    Destination Clock Delay (DCD):    2.162ns
    Source Clock Delay      (SCD):    1.642ns
    Clock Pessimism Removal (CPR):    0.507ns

    Location             Delay type                Incr(ns)  Path(ns)    Netlist Resource(s)
  -------------------------------------------------------------------    -------------------
                         (clock sys_clk_pin rise edge)
                                                      0.000     0.000 r  
    W5                                                0.000     0.000 r  clk (IN)
                         net (fo=0)                   0.000     0.000    clk
    W5                   IBUF (Prop_ibuf_I_O)         0.291     0.291 r  clk_IBUF_inst/O
                         net (fo=1, routed)           0.676     0.967    clk_IBUF
    BUFGCTRL_X0Y0        BUFG (Prop_bufg_I_O)         0.026     0.993 r  clk_IBUF_BUFG_inst/O
                         net (fo=116, routed)         0.650     1.642    can_inst/crc_calc/clk_IBUF_BUFG
    SLICE_X3Y116         FDCE                                         r  can_inst/crc_calc/result_reg[17]/C
  -------------------------------------------------------------------    -------------------
    SLICE_X3Y116         FDCE (Prop_fdce_C_Q)         0.141     1.783 r  can_inst/crc_calc/result_reg[17]/Q
                         net (fo=1, routed)           0.109     1.893    can_inst/result[17]
    SLICE_X2Y117         FDCE                                         r  can_inst/latched_crc_reg[17]/D
  -------------------------------------------------------------------    -------------------

                         (clock sys_clk_pin rise edge)
                                                      0.000     0.000 r  
    W5                                                0.000     0.000 r  clk (IN)
                         net (fo=0)                   0.000     0.000    clk
    W5                   IBUF (Prop_ibuf_I_O)         0.479     0.479 r  clk_IBUF_inst/O
                         net (fo=1, routed)           0.734     1.213    clk_IBUF
    BUFGCTRL_X0Y0        BUFG (Prop_bufg_I_O)         0.029     1.242 r  clk_IBUF_BUFG_inst/O
                         net (fo=116, routed)         0.921     2.162    can_inst/clk_IBUF_BUFG
    SLICE_X2Y117         FDCE                                         r  can_inst/latched_crc_reg[17]/C
                         clock pessimism             -0.507     1.655    
    SLICE_X2Y117         FDCE (Hold_fdce_C_D)         0.063     1.718    can_inst/latched_crc_reg[17]
  -------------------------------------------------------------------
                         required time                         -1.718    
                         arrival time                           1.893    
  -------------------------------------------------------------------
                         slack                                  0.174    

Slack (MET) :             0.176ns  (arrival time - required time)
  Source:                 can_inst/latched_crc_reg[5]/C
                            (rising edge-triggered cell FDCE clocked by sys_clk_pin  {rise@0.000ns fall@10.000ns period=20.000ns})
  Destination:            can_inst/Frame_reg[18]/D
                            (rising edge-triggered cell FDCE clocked by sys_clk_pin  {rise@0.000ns fall@10.000ns period=20.000ns})
  Path Group:             sys_clk_pin
  Path Type:              Hold (Min at Fast Process Corner)
  Requirement:            0.000ns  (sys_clk_pin rise@0.000ns - sys_clk_pin rise@0.000ns)
  Data Path Delay:        0.259ns  (logic 0.141ns (54.459%)  route 0.118ns (45.541%))
  Logic Levels:           0  
  Clock Path Skew:        0.036ns (DCD - SCD - CPR)
    Destination Clock Delay (DCD):    2.160ns
    Source Clock Delay      (SCD):    1.641ns
    Clock Pessimism Removal (CPR):    0.483ns

    Location             Delay type                Incr(ns)  Path(ns)    Netlist Resource(s)
  -------------------------------------------------------------------    -------------------
                         (clock sys_clk_pin rise edge)
                                                      0.000     0.000 r  
    W5                                                0.000     0.000 r  clk (IN)
                         net (fo=0)                   0.000     0.000    clk
    W5                   IBUF (Prop_ibuf_I_O)         0.291     0.291 r  clk_IBUF_inst/O
                         net (fo=1, routed)           0.676     0.967    clk_IBUF
    BUFGCTRL_X0Y0        BUFG (Prop_bufg_I_O)         0.026     0.993 r  clk_IBUF_BUFG_inst/O
                         net (fo=116, routed)         0.649     1.641    can_inst/clk_IBUF_BUFG
    SLICE_X3Y117         FDCE                                         r  can_inst/latched_crc_reg[5]/C
  -------------------------------------------------------------------    -------------------
    SLICE_X3Y117         FDCE (Prop_fdce_C_Q)         0.141     1.782 r  can_inst/latched_crc_reg[5]/Q
                         net (fo=1, routed)           0.118     1.900    can_inst/latched_crc[5]
    SLICE_X4Y118         FDCE                                         r  can_inst/Frame_reg[18]/D
  -------------------------------------------------------------------    -------------------

                         (clock sys_clk_pin rise edge)
                                                      0.000     0.000 r  
    W5                                                0.000     0.000 r  clk (IN)
                         net (fo=0)                   0.000     0.000    clk
    W5                   IBUF (Prop_ibuf_I_O)         0.479     0.479 r  clk_IBUF_inst/O
                         net (fo=1, routed)           0.734     1.213    clk_IBUF
    BUFGCTRL_X0Y0        BUFG (Prop_bufg_I_O)         0.029     1.242 r  clk_IBUF_BUFG_inst/O
                         net (fo=116, routed)         0.919     2.160    can_inst/clk_IBUF_BUFG
    SLICE_X4Y118         FDCE                                         r  can_inst/Frame_reg[18]/C
                         clock pessimism             -0.483     1.677    
    SLICE_X4Y118         FDCE (Hold_fdce_C_D)         0.047     1.724    can_inst/Frame_reg[18]
  -------------------------------------------------------------------
                         required time                         -1.724    
                         arrival time                           1.900    
  -------------------------------------------------------------------
                         slack                                  0.176    

Slack (MET) :             0.178ns  (arrival time - required time)
  Source:                 can_inst/crc_calc/message_reg_reg[0]/C
                            (rising edge-triggered cell FDCE clocked by sys_clk_pin  {rise@0.000ns fall@10.000ns period=20.000ns})
  Destination:            can_inst/crc_calc/result_reg[10]/D
                            (rising edge-triggered cell FDCE clocked by sys_clk_pin  {rise@0.000ns fall@10.000ns period=20.000ns})
  Path Group:             sys_clk_pin
  Path Type:              Hold (Min at Fast Process Corner)
  Requirement:            0.000ns  (sys_clk_pin rise@0.000ns - sys_clk_pin rise@0.000ns)
  Data Path Delay:        0.313ns  (logic 0.186ns (59.385%)  route 0.127ns (40.615%))
  Logic Levels:           1  (LUT6=1)
  Clock Path Skew:        0.014ns (DCD - SCD - CPR)
    Destination Clock Delay (DCD):    2.163ns
    Source Clock Delay      (SCD):    1.642ns
    Clock Pessimism Removal (CPR):    0.507ns

    Location             Delay type                Incr(ns)  Path(ns)    Netlist Resource(s)
  -------------------------------------------------------------------    -------------------
                         (clock sys_clk_pin rise edge)
                                                      0.000     0.000 r  
    W5                                                0.000     0.000 r  clk (IN)
                         net (fo=0)                   0.000     0.000    clk
    W5                   IBUF (Prop_ibuf_I_O)         0.291     0.291 r  clk_IBUF_inst/O
                         net (fo=1, routed)           0.676     0.967    clk_IBUF
    BUFGCTRL_X0Y0        BUFG (Prop_bufg_I_O)         0.026     0.993 r  clk_IBUF_BUFG_inst/O
                         net (fo=116, routed)         0.650     1.642    can_inst/crc_calc/clk_IBUF_BUFG
    SLICE_X1Y116         FDCE                                         r  can_inst/crc_calc/message_reg_reg[0]/C
  -------------------------------------------------------------------    -------------------
    SLICE_X1Y116         FDCE (Prop_fdce_C_Q)         0.141     1.783 r  can_inst/crc_calc/message_reg_reg[0]/Q
                         net (fo=7, routed)           0.127     1.910    can_inst/crc_calc/message_reg_reg_n_0_[0]
    SLICE_X2Y116         LUT6 (Prop_lut6_I5_O)        0.045     1.955 r  can_inst/crc_calc/result[10]_i_1/O
                         net (fo=1, routed)           0.000     1.955    can_inst/crc_calc/result[10]_i_1_n_0
    SLICE_X2Y116         FDCE                                         r  can_inst/crc_calc/result_reg[10]/D
  -------------------------------------------------------------------    -------------------

                         (clock sys_clk_pin rise edge)
                                                      0.000     0.000 r  
    W5                                                0.000     0.000 r  clk (IN)
                         net (fo=0)                   0.000     0.000    clk
    W5                   IBUF (Prop_ibuf_I_O)         0.479     0.479 r  clk_IBUF_inst/O
                         net (fo=1, routed)           0.734     1.213    clk_IBUF
    BUFGCTRL_X0Y0        BUFG (Prop_bufg_I_O)         0.029     1.242 r  clk_IBUF_BUFG_inst/O
                         net (fo=116, routed)         0.922     2.163    can_inst/crc_calc/clk_IBUF_BUFG
    SLICE_X2Y116         FDCE                                         r  can_inst/crc_calc/result_reg[10]/C
                         clock pessimism             -0.507     1.656    
    SLICE_X2Y116         FDCE (Hold_fdce_C_D)         0.121     1.777    can_inst/crc_calc/result_reg[10]
  -------------------------------------------------------------------
                         required time                         -1.777    
                         arrival time                           1.955    
  -------------------------------------------------------------------
                         slack                                  0.178    

Slack (MET) :             0.186ns  (arrival time - required time)
  Source:                 od_inst/u1/FSM_sequential_cs_reg[0]/C
                            (rising edge-triggered cell FDCE clocked by sys_clk_pin  {rise@0.000ns fall@10.000ns period=20.000ns})
  Destination:            can_inst/crc_calc/message_reg_reg[0]/D
                            (rising edge-triggered cell FDCE clocked by sys_clk_pin  {rise@0.000ns fall@10.000ns period=20.000ns})
  Path Group:             sys_clk_pin
  Path Type:              Hold (Min at Fast Process Corner)
  Requirement:            0.000ns  (sys_clk_pin rise@0.000ns - sys_clk_pin rise@0.000ns)
  Data Path Delay:        0.290ns  (logic 0.186ns (64.056%)  route 0.104ns (35.944%))
  Logic Levels:           1  (LUT3=1)
  Clock Path Skew:        0.013ns (DCD - SCD - CPR)
    Destination Clock Delay (DCD):    2.163ns
    Source Clock Delay      (SCD):    1.642ns
    Clock Pessimism Removal (CPR):    0.508ns

    Location             Delay type                Incr(ns)  Path(ns)    Netlist Resource(s)
  -------------------------------------------------------------------    -------------------
                         (clock sys_clk_pin rise edge)
                                                      0.000     0.000 r  
    W5                                                0.000     0.000 r  clk (IN)
                         net (fo=0)                   0.000     0.000    clk
    W5                   IBUF (Prop_ibuf_I_O)         0.291     0.291 r  clk_IBUF_inst/O
                         net (fo=1, routed)           0.676     0.967    clk_IBUF
    BUFGCTRL_X0Y0        BUFG (Prop_bufg_I_O)         0.026     0.993 r  clk_IBUF_BUFG_inst/O
                         net (fo=116, routed)         0.650     1.642    od_inst/u1/CLK
    SLICE_X0Y116         FDCE                                         r  od_inst/u1/FSM_sequential_cs_reg[0]/C
  -------------------------------------------------------------------    -------------------
    SLICE_X0Y116         FDCE (Prop_fdce_C_Q)         0.141     1.783 r  od_inst/u1/FSM_sequential_cs_reg[0]/Q
                         net (fo=3, routed)           0.104     1.888    od_inst/u1/cs[0]
    SLICE_X1Y116         LUT3 (Prop_lut3_I2_O)        0.045     1.933 r  od_inst/u1/message_reg[0]_i_1/O
                         net (fo=1, routed)           0.000     1.933    can_inst/crc_calc/car_speed[6][0]
    SLICE_X1Y116         FDCE                                         r  can_inst/crc_calc/message_reg_reg[0]/D
  -------------------------------------------------------------------    -------------------

                         (clock sys_clk_pin rise edge)
                                                      0.000     0.000 r  
    W5                                                0.000     0.000 r  clk (IN)
                         net (fo=0)                   0.000     0.000    clk
    W5                   IBUF (Prop_ibuf_I_O)         0.479     0.479 r  clk_IBUF_inst/O
                         net (fo=1, routed)           0.734     1.213    clk_IBUF
    BUFGCTRL_X0Y0        BUFG (Prop_bufg_I_O)         0.029     1.242 r  clk_IBUF_BUFG_inst/O
                         net (fo=116, routed)         0.922     2.163    can_inst/crc_calc/clk_IBUF_BUFG
    SLICE_X1Y116         FDCE                                         r  can_inst/crc_calc/message_reg_reg[0]/C
                         clock pessimism             -0.508     1.655    
    SLICE_X1Y116         FDCE (Hold_fdce_C_D)         0.091     1.746    can_inst/crc_calc/message_reg_reg[0]
  -------------------------------------------------------------------
                         required time                         -1.746    
                         arrival time                           1.933    
  -------------------------------------------------------------------
                         slack                                  0.186    





Pulse Width Checks
--------------------------------------------------------------------------------------
Clock Name:         sys_clk_pin
Waveform(ns):       { 0.000 10.000 }
Period(ns):         20.000
Sources:            { clk }

Check Type        Corner  Lib Pin  Reference Pin  Required(ns)  Actual(ns)  Slack(ns)  Location       Pin
Min Period        n/a     BUFG/I   n/a            1.592         20.000      18.408     BUFGCTRL_X0Y0  clk_IBUF_BUFG_inst/I
Min Period        n/a     FDCE/C   n/a            1.000         20.000      19.000     SLICE_X2Y118   abs_inst/FSM_sequential_cs_reg[0]/C
Min Period        n/a     FDCE/C   n/a            1.000         20.000      19.000     SLICE_X2Y118   abs_inst/FSM_sequential_cs_reg[1]/C
Min Period        n/a     FDCE/C   n/a            1.000         20.000      19.000     SLICE_X5Y119   abs_inst/crc_check/message_reg_reg[2]/C
Min Period        n/a     FDCE/C   n/a            1.000         20.000      19.000     SLICE_X2Y119   abs_inst/crc_check/message_reg_reg[3]/C
Min Period        n/a     FDCE/C   n/a            1.000         20.000      19.000     SLICE_X3Y119   abs_inst/crc_check/message_reg_reg[4]/C
Min Period        n/a     FDCE/C   n/a            1.000         20.000      19.000     SLICE_X3Y119   abs_inst/crc_check/message_reg_reg[5]/C
Min Period        n/a     FDCE/C   n/a            1.000         20.000      19.000     SLICE_X3Y119   abs_inst/crc_check/message_reg_reg[6]/C
Min Period        n/a     FDCE/C   n/a            1.000         20.000      19.000     SLICE_X3Y119   abs_inst/crc_check/message_reg_reg[7]/C
Min Period        n/a     FDCE/C   n/a            1.000         20.000      19.000     SLICE_X5Y120   abs_inst/crc_check/result_reg[0]/C
Low Pulse Width   Fast    FDCE/C   n/a            0.500         10.000      9.500      SLICE_X3Y111   can_inst/crc_calc/FSM_onehot_current_state_reg[1]/C
Low Pulse Width   Fast    FDCE/C   n/a            0.500         10.000      9.500      SLICE_X3Y111   can_inst/crc_calc/FSM_onehot_current_state_reg[2]/C
Low Pulse Width   Fast    FDCE/C   n/a            0.500         10.000      9.500      SLICE_X2Y114   can_inst/crc_calc/message_reg_reg[1]/C
Low Pulse Width   Fast    FDCE/C   n/a            0.500         10.000      9.500      SLICE_X2Y114   can_inst/crc_calc/message_reg_reg[2]/C
Low Pulse Width   Fast    FDCE/C   n/a            0.500         10.000      9.500      SLICE_X2Y111   can_inst/crc_calc/message_reg_reg[3]/C
Low Pulse Width   Fast    FDCE/C   n/a            0.500         10.000      9.500      SLICE_X2Y111   can_inst/crc_calc/message_reg_reg[4]/C
Low Pulse Width   Fast    FDCE/C   n/a            0.500         10.000      9.500      SLICE_X2Y111   can_inst/crc_calc/message_reg_reg[5]/C
Low Pulse Width   Fast    FDCE/C   n/a            0.500         10.000      9.500      SLICE_X2Y114   can_inst/crc_calc/message_reg_reg[6]/C
Low Pulse Width   Fast    FDCE/C   n/a            0.500         10.000      9.500      SLICE_X2Y114   can_inst/crc_calc/message_reg_reg[7]/C
Low Pulse Width   Fast    FDCE/C   n/a            0.500         10.000      9.500      SLICE_X3Y114   can_inst/crc_calc/result_reg[6]/C
High Pulse Width  Slow    FDCE/C   n/a            0.500         10.000      9.500      SLICE_X2Y118   abs_inst/FSM_sequential_cs_reg[0]/C
High Pulse Width  Slow    FDCE/C   n/a            0.500         10.000      9.500      SLICE_X2Y118   abs_inst/FSM_sequential_cs_reg[1]/C
High Pulse Width  Slow    FDCE/C   n/a            0.500         10.000      9.500      SLICE_X5Y119   abs_inst/crc_check/message_reg_reg[2]/C
High Pulse Width  Slow    FDCE/C   n/a            0.500         10.000      9.500      SLICE_X2Y119   abs_inst/crc_check/message_reg_reg[3]/C
High Pulse Width  Slow    FDCE/C   n/a            0.500         10.000      9.500      SLICE_X3Y119   abs_inst/crc_check/message_reg_reg[4]/C
High Pulse Width  Slow    FDCE/C   n/a            0.500         10.000      9.500      SLICE_X3Y119   abs_inst/crc_check/message_reg_reg[5]/C
High Pulse Width  Slow    FDCE/C   n/a            0.500         10.000      9.500      SLICE_X3Y119   abs_inst/crc_check/message_reg_reg[6]/C
High Pulse Width  Slow    FDCE/C   n/a            0.500         10.000      9.500      SLICE_X3Y119   abs_inst/crc_check/message_reg_reg[7]/C
High Pulse Width  Slow    FDCE/C   n/a            0.500         10.000      9.500      SLICE_X5Y120   abs_inst/crc_check/result_reg[0]/C
High Pulse Width  Slow    FDCE/C   n/a            0.500         10.000      9.500      SLICE_X4Y119   abs_inst/crc_check/result_reg[10]/C



