Copyright 1986-2018 Xilinx, Inc. All Rights Reserved.
------------------------------------------------------------------------------------
| Tool Version : Vivado v.2018.2 (win64) Build 2258646 Thu Jun 14 20:03:12 MDT 2018
| Date         : Wed May 28 19:05:00 2025
| Host         : DESKTOP-U1QVQMD running 64-bit major release  (build 9200)
| Command      : report_control_sets -verbose -file Top_control_sets_placed.rpt
| Design       : Top
| Device       : xc7a200t
------------------------------------------------------------------------------------

Control Set Information

Table of Contents
-----------------
1. Summary
2. Histogram
3. Flip-Flop Distribution
4. Detailed Control Set Information

1. Summary
----------

+----------------------------------------------------------+-------+
|                          Status                          | Count |
+----------------------------------------------------------+-------+
| Number of unique control sets                            |     7 |
| Unused register locations in slices containing registers |    16 |
+----------------------------------------------------------+-------+


2. Histogram
------------

+--------+--------------+
| Fanout | Control Sets |
+--------+--------------+
|    16+ |            7 |
+--------+--------------+


3. Flip-Flop Distribution
-------------------------

+--------------+-----------------------+------------------------+-----------------+--------------+
| Clock Enable | Synchronous Set/Reset | Asynchronous Set/Reset | Total Registers | Total Slices |
+--------------+-----------------------+------------------------+-----------------+--------------+
| No           | No                    | No                     |               0 |            0 |
| No           | No                    | Yes                    |              24 |            6 |
| No           | Yes                   | No                     |               0 |            0 |
| Yes          | No                    | No                     |               0 |            0 |
| Yes          | No                    | Yes                    |             208 |           23 |
| Yes          | Yes                   | No                     |               0 |            0 |
+--------------+-----------------------+------------------------+-----------------+--------------+


4. Detailed Control Set Information
-----------------------------------

+----------------+---------------------------------------------------------+------------------+------------------+----------------+
|  Clock Signal  |                      Enable Signal                      | Set/Reset Signal | Slice Load Count | Bel Load Count |
+----------------+---------------------------------------------------------+------------------+------------------+----------------+
|  clk_IBUF_BUFG | abs_inst/crc_check/FSM_onehot_current_state_reg_n_0_[0] | rst_IBUF         |                3 |             16 |
|  clk_IBUF_BUFG | can_inst/crc_calc/FSM_onehot_current_state_reg_n_0_[0]  | rst_IBUF         |                3 |             16 |
|  clk_IBUF_BUFG |                                                         | rst_IBUF         |                6 |             24 |
|  clk_IBUF_BUFG | abs_inst/crc_check/Frame_reg[13]_0                      | rst_IBUF         |                4 |             44 |
|  clk_IBUF_BUFG | abs_inst/crc_check/result                               | rst_IBUF         |                3 |             44 |
|  clk_IBUF_BUFG | can_inst/crc_calc/result                                | rst_IBUF         |                4 |             44 |
|  clk_IBUF_BUFG | can_inst/crc_calc/E[0]                                  | rst_IBUF         |                6 |             44 |
+----------------+---------------------------------------------------------+------------------+------------------+----------------+


