
*** Running vivado
    with args -log CAN.vds -m64 -product Vivado -mode batch -messageDb vivado.pb -notrace -source CAN.tcl


****** Vivado v2018.2 (64-bit)
  **** SW Build 2258646 on Thu Jun 14 20:03:12 MDT 2018
  **** IP Build 2256618 on Thu Jun 14 22:10:49 MDT 2018
    ** Copyright 1986-2018 Xilinx, Inc. All Rights Reserved.

source CAN.tcl -notrace
Command: synth_design -top CAN -part xc7a200tffg1156-3
Starting synth_design
Attempting to get a license for feature 'Synthesis' and/or device 'xc7a200t'
INFO: [Common 17-349] Got license for feature 'Synthesis' and/or device 'xc7a200t'
INFO: Launching helper process for spawning children vivado processes
INFO: Helper process launched with PID 5416 
---------------------------------------------------------------------------------
Starting RTL Elaboration : Time (s): cpu = 00:00:04 ; elapsed = 00:00:05 . Memory (MB): peak = 413.836 ; gain = 96.207
---------------------------------------------------------------------------------
INFO: [Synth 8-6157] synthesizing module 'CAN' [D:/College/Graduation Project/GP_COLLISION1/Graduation_Project/Final_Integration/CAN.sv:3]
INFO: [Synth 8-6157] synthesizing module 'CRC_synthesizable' [D:/College/Graduation Project/GP_COLLISION1/Graduation_Project/Final_Integration/CRC_synthesizable.sv:1]
INFO: [Synth 8-155] case statement is not full and has no default [D:/College/Graduation Project/GP_COLLISION1/Graduation_Project/Final_Integration/CRC_synthesizable.sv:59]
INFO: [Synth 8-6155] done synthesizing module 'CRC_synthesizable' (1#1) [D:/College/Graduation Project/GP_COLLISION1/Graduation_Project/Final_Integration/CRC_synthesizable.sv:1]
INFO: [Synth 8-6155] done synthesizing module 'CAN' (2#1) [D:/College/Graduation Project/GP_COLLISION1/Graduation_Project/Final_Integration/CAN.sv:3]
WARNING: [Synth 8-3331] design CAN has unconnected port data[15]
WARNING: [Synth 8-3331] design CAN has unconnected port data[14]
WARNING: [Synth 8-3331] design CAN has unconnected port data[13]
WARNING: [Synth 8-3331] design CAN has unconnected port data[12]
WARNING: [Synth 8-3331] design CAN has unconnected port data[11]
WARNING: [Synth 8-3331] design CAN has unconnected port data[10]
WARNING: [Synth 8-3331] design CAN has unconnected port data[9]
WARNING: [Synth 8-3331] design CAN has unconnected port data[8]
---------------------------------------------------------------------------------
Finished RTL Elaboration : Time (s): cpu = 00:00:05 ; elapsed = 00:00:07 . Memory (MB): peak = 468.992 ; gain = 151.363
---------------------------------------------------------------------------------

Report Check Netlist: 
+------+------------------+-------+---------+-------+------------------+
|      |Item              |Errors |Warnings |Status |Description       |
+------+------------------+-------+---------+-------+------------------+
|1     |multi_driven_nets |      0|        0|Passed |Multi driven nets |
+------+------------------+-------+---------+-------+------------------+
---------------------------------------------------------------------------------
Start Handling Custom Attributes
---------------------------------------------------------------------------------
---------------------------------------------------------------------------------
Finished Handling Custom Attributes : Time (s): cpu = 00:00:05 ; elapsed = 00:00:08 . Memory (MB): peak = 468.992 ; gain = 151.363
---------------------------------------------------------------------------------
---------------------------------------------------------------------------------
Finished RTL Optimization Phase 1 : Time (s): cpu = 00:00:05 ; elapsed = 00:00:08 . Memory (MB): peak = 468.992 ; gain = 151.363
---------------------------------------------------------------------------------
INFO: [Device 21-403] Loading part xc7a200tffg1156-3
INFO: [Project 1-570] Preparing netlist for logic optimization

Processing XDC Constraints
Initializing timing engine
Parsing XDC File [D:/College/Graduation Project/GP_COLLISION1/Graduation_Project/Final_Integration/Constraints_basys3.xdc]
Finished Parsing XDC File [D:/College/Graduation Project/GP_COLLISION1/Graduation_Project/Final_Integration/Constraints_basys3.xdc]
INFO: [Project 1-236] Implementation specific constraints were found while reading constraint file [D:/College/Graduation Project/GP_COLLISION1/Graduation_Project/Final_Integration/Constraints_basys3.xdc]. These constraints will be ignored for synthesis but will be used in implementation. Impacted constraints are listed in the file [.Xil/CAN_propImpl.xdc].
Resolution: To avoid this warning, move constraints listed in [.Xil/CAN_propImpl.xdc] to another XDC file and exclude this new file from synthesis with the used_in_synthesis property (File Properties dialog in GUI) and re-run elaboration/synthesis.
Completed Processing XDC Constraints

INFO: [Project 1-111] Unisim Transformation Summary:
No Unisim elements were transformed.

Constraint Validation Runtime : Time (s): cpu = 00:00:00 ; elapsed = 00:00:00.010 . Memory (MB): peak = 884.055 ; gain = 0.000
---------------------------------------------------------------------------------
Finished Constraint Validation : Time (s): cpu = 00:00:54 ; elapsed = 00:01:05 . Memory (MB): peak = 884.055 ; gain = 566.426
---------------------------------------------------------------------------------
---------------------------------------------------------------------------------
Start Loading Part and Timing Information
---------------------------------------------------------------------------------
Loading part: xc7a200tffg1156-3
---------------------------------------------------------------------------------
Finished Loading Part and Timing Information : Time (s): cpu = 00:00:54 ; elapsed = 00:01:05 . Memory (MB): peak = 884.055 ; gain = 566.426
---------------------------------------------------------------------------------
---------------------------------------------------------------------------------
Start Applying 'set_property' XDC Constraints
---------------------------------------------------------------------------------
---------------------------------------------------------------------------------
Finished applying 'set_property' XDC Constraints : Time (s): cpu = 00:00:54 ; elapsed = 00:01:05 . Memory (MB): peak = 884.055 ; gain = 566.426
---------------------------------------------------------------------------------
INFO: [Synth 8-802] inferred FSM for state register 'current_state_reg' in module 'CRC_synthesizable'
INFO: [Synth 8-5544] ROM "result" won't be mapped to Block RAM because address size (2) smaller than threshold (5)
INFO: [Synth 8-5544] ROM "done" won't be mapped to Block RAM because address size (2) smaller than threshold (5)
INFO: [Synth 8-5544] ROM "next_state0" won't be mapped to Block RAM because address size (1) smaller than threshold (5)
INFO: [Synth 8-4471] merging register 'last_frame_reg[43:0]' into 'Frame_reg[43:0]' [D:/College/Graduation Project/GP_COLLISION1/Graduation_Project/Final_Integration/CAN.sv:138]
WARNING: [Synth 8-6014] Unused sequential element last_frame_reg was removed.  [D:/College/Graduation Project/GP_COLLISION1/Graduation_Project/Final_Integration/CAN.sv:138]
---------------------------------------------------------------------------------------------------
                   State |                     New Encoding |                Previous Encoding 
---------------------------------------------------------------------------------------------------
                    IDLE |                              001 |                               00
                  ENCODE |                              010 |                               01
                  FINISH |                              100 |                               10
---------------------------------------------------------------------------------------------------
INFO: [Synth 8-3354] encoded FSM with state register 'current_state_reg' using encoding 'one-hot' in module 'CRC_synthesizable'
---------------------------------------------------------------------------------
Finished RTL Optimization Phase 2 : Time (s): cpu = 00:00:54 ; elapsed = 00:01:05 . Memory (MB): peak = 884.055 ; gain = 566.426
---------------------------------------------------------------------------------

Report RTL Partitions: 
+-+--------------+------------+----------+
| |RTL Partition |Replication |Instances |
+-+--------------+------------+----------+
+-+--------------+------------+----------+
---------------------------------------------------------------------------------
Start RTL Component Statistics 
---------------------------------------------------------------------------------
Detailed RTL Component Info : 
+---XORs : 
	   2 Input      1 Bit         XORs := 10    
	   3 Input      1 Bit         XORs := 8     
	   4 Input      1 Bit         XORs := 1     
+---Registers : 
	               44 Bit    Registers := 1     
	               22 Bit    Registers := 2     
	                8 Bit    Registers := 1     
	                1 Bit    Registers := 1     
+---Muxes : 
	   2 Input     44 Bit        Muxes := 1     
	   3 Input      3 Bit        Muxes := 1     
	   2 Input      3 Bit        Muxes := 1     
	   3 Input      1 Bit        Muxes := 2     
---------------------------------------------------------------------------------
Finished RTL Component Statistics 
---------------------------------------------------------------------------------
---------------------------------------------------------------------------------
Start RTL Hierarchical Component Statistics 
---------------------------------------------------------------------------------
Hierarchical RTL Component report 
Module CAN 
Detailed RTL Component Info : 
+---Registers : 
	               44 Bit    Registers := 1     
	               22 Bit    Registers := 1     
+---Muxes : 
	   2 Input     44 Bit        Muxes := 1     
Module CRC_synthesizable 
Detailed RTL Component Info : 
+---XORs : 
	   2 Input      1 Bit         XORs := 10    
	   3 Input      1 Bit         XORs := 8     
	   4 Input      1 Bit         XORs := 1     
+---Registers : 
	               22 Bit    Registers := 1     
	                8 Bit    Registers := 1     
	                1 Bit    Registers := 1     
+---Muxes : 
	   3 Input      3 Bit        Muxes := 1     
	   2 Input      3 Bit        Muxes := 1     
	   3 Input      1 Bit        Muxes := 2     
---------------------------------------------------------------------------------
Finished RTL Hierarchical Component Statistics
---------------------------------------------------------------------------------
---------------------------------------------------------------------------------
Start Part Resource Summary
---------------------------------------------------------------------------------
Part Resources:
DSPs: 740 (col length:100)
BRAMs: 730 (col length: RAMB18 100 RAMB36 50)
---------------------------------------------------------------------------------
Finished Part Resource Summary
---------------------------------------------------------------------------------
---------------------------------------------------------------------------------
Start Cross Boundary and Area Optimization
---------------------------------------------------------------------------------
Warning: Parallel synthesis criteria is not met 
WARNING: [Synth 8-3331] design CAN has unconnected port data[15]
WARNING: [Synth 8-3331] design CAN has unconnected port data[14]
WARNING: [Synth 8-3331] design CAN has unconnected port data[13]
WARNING: [Synth 8-3331] design CAN has unconnected port data[12]
WARNING: [Synth 8-3331] design CAN has unconnected port data[11]
WARNING: [Synth 8-3331] design CAN has unconnected port data[10]
WARNING: [Synth 8-3331] design CAN has unconnected port data[9]
WARNING: [Synth 8-3331] design CAN has unconnected port data[8]
WARNING: [Synth 8-3332] Sequential element (Frame_reg[38]) is unused and will be removed from module CAN.
WARNING: [Synth 8-3332] Sequential element (Frame_reg[37]) is unused and will be removed from module CAN.
WARNING: [Synth 8-3332] Sequential element (Frame_reg[35]) is unused and will be removed from module CAN.
WARNING: [Synth 8-3332] Sequential element (Frame_reg[11]) is unused and will be removed from module CAN.
WARNING: [Synth 8-3332] Sequential element (Frame_reg[2]) is unused and will be removed from module CAN.
WARNING: [Synth 8-3332] Sequential element (Frame_reg[1]) is unused and will be removed from module CAN.
WARNING: [Synth 8-3332] Sequential element (Frame_reg[0]) is unused and will be removed from module CAN.
---------------------------------------------------------------------------------
Finished Cross Boundary and Area Optimization : Time (s): cpu = 00:00:55 ; elapsed = 00:01:06 . Memory (MB): peak = 884.055 ; gain = 566.426
---------------------------------------------------------------------------------

Report RTL Partitions: 
+-+--------------+------------+----------+
| |RTL Partition |Replication |Instances |
+-+--------------+------------+----------+
+-+--------------+------------+----------+
---------------------------------------------------------------------------------
Start Applying XDC Timing Constraints
---------------------------------------------------------------------------------
---------------------------------------------------------------------------------
Finished Applying XDC Timing Constraints : Time (s): cpu = 00:01:09 ; elapsed = 00:01:23 . Memory (MB): peak = 884.055 ; gain = 566.426
---------------------------------------------------------------------------------
---------------------------------------------------------------------------------
Start Timing Optimization
---------------------------------------------------------------------------------
---------------------------------------------------------------------------------
Finished Timing Optimization : Time (s): cpu = 00:01:09 ; elapsed = 00:01:23 . Memory (MB): peak = 884.055 ; gain = 566.426
---------------------------------------------------------------------------------

Report RTL Partitions: 
+-+--------------+------------+----------+
| |RTL Partition |Replication |Instances |
+-+--------------+------------+----------+
+-+--------------+------------+----------+
---------------------------------------------------------------------------------
Start Technology Mapping
---------------------------------------------------------------------------------
---------------------------------------------------------------------------------
Finished Technology Mapping : Time (s): cpu = 00:01:09 ; elapsed = 00:01:23 . Memory (MB): peak = 884.055 ; gain = 566.426
---------------------------------------------------------------------------------

Report RTL Partitions: 
+-+--------------+------------+----------+
| |RTL Partition |Replication |Instances |
+-+--------------+------------+----------+
+-+--------------+------------+----------+
---------------------------------------------------------------------------------
Start IO Insertion
---------------------------------------------------------------------------------
---------------------------------------------------------------------------------
Start Flattening Before IO Insertion
---------------------------------------------------------------------------------
---------------------------------------------------------------------------------
Finished Flattening Before IO Insertion
---------------------------------------------------------------------------------
---------------------------------------------------------------------------------
Start Final Netlist Cleanup
---------------------------------------------------------------------------------
---------------------------------------------------------------------------------
Finished Final Netlist Cleanup
---------------------------------------------------------------------------------
---------------------------------------------------------------------------------
Finished IO Insertion : Time (s): cpu = 00:01:10 ; elapsed = 00:01:25 . Memory (MB): peak = 884.055 ; gain = 566.426
---------------------------------------------------------------------------------

Report Check Netlist: 
+------+------------------+-------+---------+-------+------------------+
|      |Item              |Errors |Warnings |Status |Description       |
+------+------------------+-------+---------+-------+------------------+
|1     |multi_driven_nets |      0|        0|Passed |Multi driven nets |
+------+------------------+-------+---------+-------+------------------+
---------------------------------------------------------------------------------
Start Renaming Generated Instances
---------------------------------------------------------------------------------
---------------------------------------------------------------------------------
Finished Renaming Generated Instances : Time (s): cpu = 00:01:10 ; elapsed = 00:01:25 . Memory (MB): peak = 884.055 ; gain = 566.426
---------------------------------------------------------------------------------

Report RTL Partitions: 
+-+--------------+------------+----------+
| |RTL Partition |Replication |Instances |
+-+--------------+------------+----------+
+-+--------------+------------+----------+
---------------------------------------------------------------------------------
Start Rebuilding User Hierarchy
---------------------------------------------------------------------------------
---------------------------------------------------------------------------------
Finished Rebuilding User Hierarchy : Time (s): cpu = 00:01:10 ; elapsed = 00:01:25 . Memory (MB): peak = 884.055 ; gain = 566.426
---------------------------------------------------------------------------------
---------------------------------------------------------------------------------
Start Renaming Generated Ports
---------------------------------------------------------------------------------
---------------------------------------------------------------------------------
Finished Renaming Generated Ports : Time (s): cpu = 00:01:10 ; elapsed = 00:01:25 . Memory (MB): peak = 884.055 ; gain = 566.426
---------------------------------------------------------------------------------
---------------------------------------------------------------------------------
Start Handling Custom Attributes
---------------------------------------------------------------------------------
---------------------------------------------------------------------------------
Finished Handling Custom Attributes : Time (s): cpu = 00:01:10 ; elapsed = 00:01:25 . Memory (MB): peak = 884.055 ; gain = 566.426
---------------------------------------------------------------------------------
---------------------------------------------------------------------------------
Start Renaming Generated Nets
---------------------------------------------------------------------------------
---------------------------------------------------------------------------------
Finished Renaming Generated Nets : Time (s): cpu = 00:01:10 ; elapsed = 00:01:25 . Memory (MB): peak = 884.055 ; gain = 566.426
---------------------------------------------------------------------------------
---------------------------------------------------------------------------------
Start Writing Synthesis Report
---------------------------------------------------------------------------------

Report BlackBoxes: 
+-+--------------+----------+
| |BlackBox name |Instances |
+-+--------------+----------+
+-+--------------+----------+

Report Cell Usage: 
+------+-----+------+
|      |Cell |Count |
+------+-----+------+
|1     |BUFG |     1|
|2     |LUT1 |     1|
|3     |LUT2 |    13|
|4     |LUT3 |     5|
|5     |LUT4 |     7|
|6     |LUT5 |     1|
|7     |LUT6 |     1|
|8     |FDCE |    92|
|9     |FDPE |     1|
|10    |IBUF |    14|
|11    |OBUF |    44|
+------+-----+------+

Report Instance Areas: 
+------+-----------+------------------+------+
|      |Instance   |Module            |Cells |
+------+-----------+------------------+------+
|1     |top        |                  |   180|
|2     |  crc_calc |CRC_synthesizable |    49|
+------+-----------+------------------+------+
---------------------------------------------------------------------------------
Finished Writing Synthesis Report : Time (s): cpu = 00:01:10 ; elapsed = 00:01:25 . Memory (MB): peak = 884.055 ; gain = 566.426
---------------------------------------------------------------------------------
Synthesis finished with 0 errors, 0 critical warnings and 16 warnings.
Synthesis Optimization Runtime : Time (s): cpu = 00:00:21 ; elapsed = 00:00:33 . Memory (MB): peak = 884.055 ; gain = 151.363
Synthesis Optimization Complete : Time (s): cpu = 00:01:11 ; elapsed = 00:01:25 . Memory (MB): peak = 884.055 ; gain = 566.426
INFO: [Project 1-571] Translating synthesized netlist
INFO: [Netlist 29-17] Analyzing 14 Unisim elements for replacement
INFO: [Netlist 29-28] Unisim Transformation completed in 0 CPU seconds
INFO: [Project 1-570] Preparing netlist for logic optimization
INFO: [Opt 31-138] Pushed 0 inverter(s) to 0 load pin(s).
INFO: [Project 1-111] Unisim Transformation Summary:
No Unisim elements were transformed.

INFO: [Common 17-83] Releasing license: Synthesis
23 Infos, 24 Warnings, 0 Critical Warnings and 0 Errors encountered.
synth_design completed successfully
synth_design: Time (s): cpu = 00:01:14 ; elapsed = 00:01:29 . Memory (MB): peak = 892.984 ; gain = 588.367
WARNING: [Constraints 18-5210] No constraint will be written out.
INFO: [Common 17-1381] The checkpoint 'D:/College/Graduation Project/GP_COLLISION1/Graduation_Project/Final_Integration/CAN_integration/CAN_integration.runs/synth_1/CAN.dcp' has been generated.
INFO: [runtcl-4] Executing : report_utilization -file CAN_utilization_synth.rpt -pb CAN_utilization_synth.pb
report_utilization: Time (s): cpu = 00:00:00 ; elapsed = 00:00:00.291 . Memory (MB): peak = 892.984 ; gain = 0.000
INFO: [Common 17-206] Exiting Vivado at Wed May 28 19:24:45 2025...
