******************************************************************************
                  TI ARM Linker PC v20.2.7                     
******************************************************************************
>> Linked Wed Apr 30 02:24:06 2025

OUTPUT FILE NAME:   <GP_Simulation.out>
ENTRY POINT SYMBOL: "_c_int00_noargs"  address: 00000ea9


MEMORY CONFIGURATION

         name            origin    length      used     unused   attr    fill
----------------------  --------  ---------  --------  --------  ----  --------
  FLASH                 00000000   00040000  00000f7e  0003f082  R  X
  SRAM                  20000000   00008000  0000020c  00007df4  RW X


SEGMENT ALLOCATION MAP

run origin  load origin   length   init length attrs members
----------  ----------- ---------- ----------- ----- -------
00000000    00000000    00000f84   00000f84    r-x
  00000000    00000000    0000026c   0000026c    r-- .intvecs
  0000026c    0000026c    00000cf6   00000cf6    r-x .text
  00000f68    00000f68    0000001c   0000001c    r-- .cinit
20000000    20000000    0000020c   00000000    rw-
  20000000    20000000    00000200   00000000    rw- .stack
  20000200    20000200    0000000c   00000000    rw- .data


SECTION ALLOCATION MAP

 output                                  attributes/
section   page    origin      length       input sections
--------  ----  ----------  ----------   ----------------
.intvecs   0    00000000    0000026c     
                  00000000    0000026c     tm4c123gh6pm_startup_ccs.obj (.intvecs)

.text      0    0000026c    00000cf6     
                  0000026c    0000026c     main.obj (.text)
                  000004d8    000001b4     DC_motors.obj (.text)
                  0000068c    000001b0     UART.obj (.text)
                  0000083c    000001a0     Buttons_and_LEDS.obj (.text)
                  000009dc    00000136     rtsv7M4_T_le_v4SPD16_eabi.lib : fd_div_t2.asm.obj (.text)
                  00000b12    000000fc                                   : fd_mul_t2.asm.obj (.text)
                  00000c0e    00000002     --HOLE-- [fill = 0]
                  00000c10    000000a8     Ulrasonic.obj (.text)
                  00000cb8    0000009c     rtsv7M4_T_le_v4SPD16_eabi.lib : memcpy_t2.asm.obj (.text)
                  00000d54    0000006e                                   : fd_tos_t2.asm.obj (.text)
                  00000dc2    00000068                                   : copy_decompress_lzss.c.obj (.text:decompress:lzss:__TI_decompress_lzss)
                  00000e2a    00000002     --HOLE-- [fill = 0]
                  00000e2c    00000044                                   : autoinit.c.obj (.text:__TI_auto_init_nobinit_nopinit:__TI_auto_init_nobinit_nopinit)
                  00000e70    00000038                                   : fs_tod_t2.asm.obj (.text)
                  00000ea8    00000034                                   : boot_cortex_m.c.obj (.text:_c_int00_noargs:_c_int00_noargs)
                  00000edc    0000002c     Systick_Timer.obj (.text)
                  00000f08    00000020     rtsv7M4_T_le_v4SPD16_eabi.lib : u_tofd_t2.asm.obj (.text)
                  00000f28    00000018                                   : ll_mul_t2.asm.obj (.text)
                  00000f40    0000000e                                   : copy_decompress_none.c.obj (.text:decompress:none:__TI_decompress_none)
                  00000f4e    0000000c     tm4c123gh6pm_startup_ccs.obj (.text)
                  00000f5a    00000004     rtsv7M4_T_le_v4SPD16_eabi.lib : pre_init.c.obj (.text:_system_pre_init)
                  00000f5e    00000004                                   : exit.c.obj (.text:abort:abort)

.cinit     0    00000f68    0000001c     
                  00000f68    0000000c     (.cinit..data.load) [load image, compression = lzss]
                  00000f74    00000008     (__TI_handler_table)
                  00000f7c    00000008     (__TI_cinit_table)

.init_array 
*          0    00000000    00000000     UNINITIALIZED

.data      0    20000200    0000000c     UNINITIALIZED
                  20000200    0000000c     main.obj (.data)

.stack     0    20000000    00000200     UNINITIALIZED
                  20000000    00000004     rtsv7M4_T_le_v4SPD16_eabi.lib : boot_cortex_m.c.obj (.stack)
                  20000004    000001fc     --HOLE--

__llvm_prf_cnts 
*          0    20000000    00000000     UNINITIALIZED

MODULE SUMMARY

       Module                         code   ro data   rw data
       ------                         ----   -------   -------
    .\
       main.obj                       620    0         12     
       tm4c123gh6pm_startup_ccs.obj   12     620       0      
    +--+------------------------------+------+---------+---------+
       Total:                         632    620       12     
                                                              
    .\Buttons_and_LEDS\
       Buttons_and_LEDS.obj           416    0         0      
    +--+------------------------------+------+---------+---------+
       Total:                         416    0         0      
                                                              
    .\DC_Motors\
       DC_motors.obj                  436    0         0      
    +--+------------------------------+------+---------+---------+
       Total:                         436    0         0      
                                                              
    .\Systick_Timer\
       Systick_Timer.obj              44     0         0      
    +--+------------------------------+------+---------+---------+
       Total:                         44     0         0      
                                                              
    .\UART\
       UART.obj                       432    0         0      
    +--+------------------------------+------+---------+---------+
       Total:                         432    0         0      
                                                              
    .\Ultrasonic\
       Ulrasonic.obj                  168    0         0      
    +--+------------------------------+------+---------+---------+
       Total:                         168    0         0      
                                                              
    C:\ti\ccs1281\ccs\tools\compiler\ti-cgt-arm_20.2.7.LTS\lib\rtsv7M4_T_le_v4SPD16_eabi.lib
       fd_div_t2.asm.obj              310    0         0      
       fd_mul_t2.asm.obj              252    0         0      
       memcpy_t2.asm.obj              156    0         0      
       fd_tos_t2.asm.obj              110    0         0      
       copy_decompress_lzss.c.obj     104    0         0      
       autoinit.c.obj                 68     0         0      
       fs_tod_t2.asm.obj              56     0         0      
       boot_cortex_m.c.obj            52     0         0      
       u_tofd_t2.asm.obj              32     0         0      
       ll_mul_t2.asm.obj              24     0         0      
       copy_decompress_none.c.obj     14     0         0      
       exit.c.obj                     4      0         0      
       pre_init.c.obj                 4      0         0      
    +--+------------------------------+------+---------+---------+
       Total:                         1186   0         0      
                                                              
       Stack:                         0      0         512    
       Linker Generated:              0      28        0      
    +--+------------------------------+------+---------+---------+
       Grand Total:                   3314   648       524    


LINKER GENERATED COPY TABLES

__TI_cinit_table @ 00000f7c records: 1, size/record: 8, table size: 8
	.data: load addr=00000f68, load size=0000000c bytes, run addr=20000200, run size=0000000c bytes, compression=lzss


LINKER GENERATED HANDLER TABLE

__TI_handler_table @ 00000f74 records: 2, size/record: 4, table size: 8
	index: 0, handler: __TI_decompress_lzss
	index: 1, handler: __TI_decompress_none


GLOBAL SYMBOLS: SORTED ALPHABETICALLY BY Name 

address   name                          
-------   ----                          
00000f5f  C$$EXIT                       
00000519  DC_MOTORC_INIT                
00000577  DC_MOTORC_START               
0000058d  DC_MOTORC_STOP                
000005b7  DC_MOTORD_INIT                
00000615  DC_MOTORD_START               
0000062b  DC_MOTORD_STOP                
00000931  GPIOPortF_Handler             
000008dd  Led_Red_Init                  
000002f7  Monitor_DIST                  
00000f4f  ResetISR                      
0000083d  SW1_Init                      
00000edd  SysTick_Init                  
0000026d  SystickTimer_Handler          
000006e3  UART0_Init                    
0000073f  UART0_ReceiveByte             
000007d5  UART0_ReceiveData             
00000775  UART0_ReceiveString           
00000723  UART0_SendByte                
000007ad  UART0_SendData                
0000074f  UART0_SendString              
0000027d  Ultrasonic_GetDistance        
00000c11  Ultrasonic_Init               
00000c61  Ultrasonic_Trigger            
20000200  __STACK_END                   
00000200  __STACK_SIZE                  
20000200  __STACK_TOP                   
00000f7c  __TI_CINIT_Base               
00000f84  __TI_CINIT_Limit              
00000f74  __TI_Handler_Table_Base       
00000f7c  __TI_Handler_Table_Limit      
00000e2d  __TI_auto_init_nobinit_nopinit
00000dc3  __TI_decompress_lzss          
00000f41  __TI_decompress_none          
ffffffff  __TI_pprof_out_hndl           
ffffffff  __TI_prof_data_size           
ffffffff  __TI_prof_data_start          
00000000  __TI_static_base__            
00000d55  __aeabi_d2f                   
000009dd  __aeabi_ddiv                  
00000b13  __aeabi_dmul                  
00000e71  __aeabi_f2d                   
00000f29  __aeabi_lmul                  
00000cb9  __aeabi_memcpy                
00000cb9  __aeabi_memcpy4               
00000cb9  __aeabi_memcpy8               
00000f09  __aeabi_ui2d                  
ffffffff  __binit__                     
ffffffff  __c_args__                    
UNDEFED   __mpu_init                    
20000000  __stack                       
20000000  __start___llvm_prf_cnts       
20000000  __stop___llvm_prf_cnts        
00000ea9  _c_int00_noargs               
UNDEFED   _system_post_cinit            
00000f5b  _system_pre_init              
00000f5f  abort                         
ffffffff  binit                         
20000204  echo_active                   
20000200  echo_time                     
00000000  g_pfnVectors                  
00000383  main                          
20000208  measured_distance_cm          
00000cb9  memcpy                        


GLOBAL SYMBOLS: SORTED BY Symbol Address 

address   name                          
-------   ----                          
00000000  __TI_static_base__            
00000000  g_pfnVectors                  
00000200  __STACK_SIZE                  
0000026d  SystickTimer_Handler          
0000027d  Ultrasonic_GetDistance        
000002f7  Monitor_DIST                  
00000383  main                          
00000519  DC_MOTORC_INIT                
00000577  DC_MOTORC_START               
0000058d  DC_MOTORC_STOP                
000005b7  DC_MOTORD_INIT                
00000615  DC_MOTORD_START               
0000062b  DC_MOTORD_STOP                
000006e3  UART0_Init                    
00000723  UART0_SendByte                
0000073f  UART0_ReceiveByte             
0000074f  UART0_SendString              
00000775  UART0_ReceiveString           
000007ad  UART0_SendData                
000007d5  UART0_ReceiveData             
0000083d  SW1_Init                      
000008dd  Led_Red_Init                  
00000931  GPIOPortF_Handler             
000009dd  __aeabi_ddiv                  
00000b13  __aeabi_dmul                  
00000c11  Ultrasonic_Init               
00000c61  Ultrasonic_Trigger            
00000cb9  __aeabi_memcpy                
00000cb9  __aeabi_memcpy4               
00000cb9  __aeabi_memcpy8               
00000cb9  memcpy                        
00000d55  __aeabi_d2f                   
00000dc3  __TI_decompress_lzss          
00000e2d  __TI_auto_init_nobinit_nopinit
00000e71  __aeabi_f2d                   
00000ea9  _c_int00_noargs               
00000edd  SysTick_Init                  
00000f09  __aeabi_ui2d                  
00000f29  __aeabi_lmul                  
00000f41  __TI_decompress_none          
00000f4f  ResetISR                      
00000f5b  _system_pre_init              
00000f5f  C$$EXIT                       
00000f5f  abort                         
00000f74  __TI_Handler_Table_Base       
00000f7c  __TI_CINIT_Base               
00000f7c  __TI_Handler_Table_Limit      
00000f84  __TI_CINIT_Limit              
20000000  __stack                       
20000000  __start___llvm_prf_cnts       
20000000  __stop___llvm_prf_cnts        
20000200  __STACK_END                   
20000200  __STACK_TOP                   
20000200  echo_time                     
20000204  echo_active                   
20000208  measured_distance_cm          
ffffffff  __TI_pprof_out_hndl           
ffffffff  __TI_prof_data_size           
ffffffff  __TI_prof_data_start          
ffffffff  __binit__                     
ffffffff  __c_args__                    
ffffffff  binit                         
UNDEFED   __mpu_init                    
UNDEFED   _system_post_cinit            

[64 symbols]
