******************************************************************************
                  TI ARM Linker PC v20.2.7                     
******************************************************************************
>> Linked Tue Mar  4 00:46:14 2025

OUTPUT FILE NAME:   <GP_Simulation.out>
ENTRY POINT SYMBOL: "_c_int00_noinit_noargs"  address: 00000df5


MEMORY CONFIGURATION

         name            origin    length      used     unused   attr    fill
----------------------  --------  ---------  --------  --------  ----  --------
  FLASH                 00000000   00040000  00000e98  0003f168  R  X
  SRAM                  20000000   00008000  00000200  00007e00  RW X


SEGMENT ALLOCATION MAP

run origin  load origin   length   init length attrs members
----------  ----------- ---------- ----------- ----- -------
00000000    00000000    00000e98   00000e98    r-x
  00000000    00000000    0000026c   0000026c    r-- .intvecs
  0000026c    0000026c    00000c2c   00000c2c    r-x .text
20000000    20000000    00000200   00000000    rw-
  20000000    20000000    00000200   00000000    rw- .stack


SECTION ALLOCATION MAP

 output                                  attributes/
section   page    origin      length       input sections
--------  ----  ----------  ----------   ----------------
.intvecs   0    00000000    0000026c     
                  00000000    0000026c     tm4c123gh6pm_startup_ccs.obj (.intvecs)

.text      0    0000026c    00000c2c     
                  0000026c    00000338     DC_motors.obj (.text)
                  000005a4    000001b0     UART.obj (.text)
                  00000754    000001a8     Ulrasonic.obj (.text)
                  000008fc    00000168     Buttons_and_LEDS.obj (.text)
                  00000a64    00000136     rtsv7M4_T_le_v4SPD16_eabi.lib : fd_div_t2.asm.obj (.text)
                  00000b9a    000000fc                                   : fd_mul_t2.asm.obj (.text)
                  00000c96    00000002     --HOLE-- [fill = 0]
                  00000c98    00000090     main.obj (.text)
                  00000d28    00000086     rtsv7M4_T_le_v4SPD16_eabi.lib : fd_cmp_t2.asm.obj (.text:__aeabi_cdcmple)
                  00000dae    00000044                                   : fd_tou_t2.asm.obj (.text)
                  00000df2    00000002     --HOLE-- [fill = 0]
                  00000df4    0000002c                                   : boot_cortex_m.c.obj (.text:_c_int00_noinit_noargs:_c_int00_noinit_noargs)
                  00000e20    0000002c                                   : ull_tofd_t2.asm.obj (.text)
                  00000e4c    00000020                                   : u_tofd_t2.asm.obj (.text)
                  00000e6c    00000018                                   : ll_mul_t2.asm.obj (.text)
                  00000e84    0000000c     tm4c123gh6pm_startup_ccs.obj (.text)
                  00000e90    00000004     rtsv7M4_T_le_v4SPD16_eabi.lib : pre_init.c.obj (.text:_system_pre_init)
                  00000e94    00000004                                   : exit.c.obj (.text:abort:abort)

.cinit     0    00000000    00000000     UNINITIALIZED

.init_array 
*          0    00000000    00000000     UNINITIALIZED

.stack     0    20000000    00000200     UNINITIALIZED
                  20000000    00000004     rtsv7M4_T_le_v4SPD16_eabi.lib : boot_cortex_m.c.obj (.stack)
                  20000004    000001fc     --HOLE--

__llvm_prf_cnts 
*          0    20000000    00000000     UNINITIALIZED

MODULE SUMMARY

       Module                         code   ro data   rw data
       ------                         ----   -------   -------
    .\
       tm4c123gh6pm_startup_ccs.obj   12     620       0      
       main.obj                       144    0         0      
    +--+------------------------------+------+---------+---------+
       Total:                         156    620       0      
                                                              
    .\Buttons_and_LEDS\
       Buttons_and_LEDS.obj           360    0         0      
    +--+------------------------------+------+---------+---------+
       Total:                         360    0         0      
                                                              
    .\DC_Motors\
       DC_motors.obj                  824    0         0      
    +--+------------------------------+------+---------+---------+
       Total:                         824    0         0      
                                                              
    .\UART\
       UART.obj                       432    0         0      
    +--+------------------------------+------+---------+---------+
       Total:                         432    0         0      
                                                              
    .\Ultrasonic\
       Ulrasonic.obj                  424    0         0      
    +--+------------------------------+------+---------+---------+
       Total:                         424    0         0      
                                                              
    C:\ti\ccs1281\ccs\tools\compiler\ti-cgt-arm_20.2.7.LTS\lib\rtsv7M4_T_le_v4SPD16_eabi.lib
       fd_div_t2.asm.obj              310    0         0      
       fd_mul_t2.asm.obj              252    0         0      
       fd_cmp_t2.asm.obj              134    0         0      
       fd_tou_t2.asm.obj              68     0         0      
       boot_cortex_m.c.obj            44     0         0      
       ull_tofd_t2.asm.obj            44     0         0      
       u_tofd_t2.asm.obj              32     0         0      
       ll_mul_t2.asm.obj              24     0         0      
       exit.c.obj                     4      0         0      
       pre_init.c.obj                 4      0         0      
    +--+------------------------------+------+---------+---------+
       Total:                         916    0         0      
                                                              
       Stack:                         0      0         512    
    +--+------------------------------+------+---------+---------+
       Grand Total:                   3112   620       512    


GLOBAL SYMBOLS: SORTED ALPHABETICALLY BY Name 

address   name                   
-------   ----                   
00000e95  C$$EXIT                
000002ad  DC_MOTORA_INIT         
0000030b  DC_MOTORA_START        
00000321  DC_MOTORA_STOP         
0000035f  DC_MOTORB_INIT         
000003bd  DC_MOTORB_START        
000003d3  DC_MOTORB_STOP         
00000411  DC_MOTORC_INIT         
0000046f  DC_MOTORC_START        
00000485  DC_MOTORC_STOP         
000004af  DC_MOTORD_INIT         
0000050d  DC_MOTORD_START        
00000523  DC_MOTORD_STOP         
000009c5  GPIOPortF_Handler      
00000987  Led_Red_Init           
0000087f  Monitor_DIST           
00000e85  ResetISR               
000008fd  SW1_Init               
000005fb  UART0_Init             
00000657  UART0_ReceiveByte      
000006ed  UART0_ReceiveData      
0000068d  UART0_ReceiveString    
0000063b  UART0_SendByte         
000006c5  UART0_SendData         
00000667  UART0_SendString       
00000829  Ultrasonic_GetDistance 
000007ab  Ultrasonic_Init        
000007f7  Ultrasonic_Trigger     
20000200  __STACK_END            
00000200  __STACK_SIZE           
20000200  __STACK_TOP            
ffffffff  __TI_pprof_out_hndl    
ffffffff  __TI_prof_data_size    
ffffffff  __TI_prof_data_start   
00000000  __TI_static_base__     
00000d29  __aeabi_cdcmpeq        
00000d29  __aeabi_cdcmple        
00000daf  __aeabi_d2uiz          
00000a65  __aeabi_ddiv           
00000b9b  __aeabi_dmul           
00000e6d  __aeabi_lmul           
00000e4d  __aeabi_ui2d           
00000e21  __aeabi_ul2d           
ffffffff  __binit__              
ffffffff  __c_args__             
UNDEFED   __mpu_init             
20000000  __stack                
20000000  __start___llvm_prf_cnts
20000000  __stop___llvm_prf_cnts 
00000df5  _c_int00_noinit_noargs 
00000e91  _system_pre_init       
00000e95  abort                  
ffffffff  binit                  
00000000  g_pfnVectors           
00000c99  main                   


GLOBAL SYMBOLS: SORTED BY Symbol Address 

address   name                   
-------   ----                   
00000000  __TI_static_base__     
00000000  g_pfnVectors           
00000200  __STACK_SIZE           
000002ad  DC_MOTORA_INIT         
0000030b  DC_MOTORA_START        
00000321  DC_MOTORA_STOP         
0000035f  DC_MOTORB_INIT         
000003bd  DC_MOTORB_START        
000003d3  DC_MOTORB_STOP         
00000411  DC_MOTORC_INIT         
0000046f  DC_MOTORC_START        
00000485  DC_MOTORC_STOP         
000004af  DC_MOTORD_INIT         
0000050d  DC_MOTORD_START        
00000523  DC_MOTORD_STOP         
000005fb  UART0_Init             
0000063b  UART0_SendByte         
00000657  UART0_ReceiveByte      
00000667  UART0_SendString       
0000068d  UART0_ReceiveString    
000006c5  UART0_SendData         
000006ed  UART0_ReceiveData      
000007ab  Ultrasonic_Init        
000007f7  Ultrasonic_Trigger     
00000829  Ultrasonic_GetDistance 
0000087f  Monitor_DIST           
000008fd  SW1_Init               
00000987  Led_Red_Init           
000009c5  GPIOPortF_Handler      
00000a65  __aeabi_ddiv           
00000b9b  __aeabi_dmul           
00000c99  main                   
00000d29  __aeabi_cdcmpeq        
00000d29  __aeabi_cdcmple        
00000daf  __aeabi_d2uiz          
00000df5  _c_int00_noinit_noargs 
00000e21  __aeabi_ul2d           
00000e4d  __aeabi_ui2d           
00000e6d  __aeabi_lmul           
00000e85  ResetISR               
00000e91  _system_pre_init       
00000e95  C$$EXIT                
00000e95  abort                  
20000000  __stack                
20000000  __start___llvm_prf_cnts
20000000  __stop___llvm_prf_cnts 
20000200  __STACK_END            
20000200  __STACK_TOP            
ffffffff  __TI_pprof_out_hndl    
ffffffff  __TI_prof_data_size    
ffffffff  __TI_prof_data_start   
ffffffff  __binit__              
ffffffff  __c_args__             
ffffffff  binit                  
UNDEFED   __mpu_init             

[55 symbols]
