Copyright 1986-2018 Xilinx, Inc. All Rights Reserved.
------------------------------------------------------------------------------------
| Tool Version : Vivado v.2018.2 (win64) Build 2258646 Thu Jun 14 20:03:12 MDT 2018
| Date         : Wed May 28 19:29:49 2025
| Host         : DESKTOP-U1QVQMD running 64-bit major release  (build 9200)
| Command      : report_control_sets -verbose -file CAN_control_sets_placed.rpt
| Design       : CAN
| Device       : xc7a200t
------------------------------------------------------------------------------------

Control Set Information

Table of Contents
-----------------
1. Summary
2. Histogram
3. Flip-Flop Distribution
4. Detailed Control Set Information

1. Summary
----------

+----------------------------------------------------------+-------+
|                          Status                          | Count |
+----------------------------------------------------------+-------+
| Number of unique control sets                            |     5 |
| Unused register locations in slices containing registers |    14 |
+----------------------------------------------------------+-------+


2. Histogram
------------

+--------+--------------+
| Fanout | Control Sets |
+--------+--------------+
|    16+ |            5 |
+--------+--------------+


3. Flip-Flop Distribution
-------------------------

+--------------+-----------------------+------------------------+-----------------+--------------+
| Clock Enable | Synchronous Set/Reset | Asynchronous Set/Reset | Total Registers | Total Slices |
+--------------+-----------------------+------------------------+-----------------+--------------+
| No           | No                    | No                     |               0 |            0 |
| No           | No                    | Yes                    |              32 |            7 |
| No           | Yes                   | No                     |               0 |            0 |
| Yes          | No                    | No                     |               0 |            0 |
| Yes          | No                    | Yes                    |             154 |           18 |
| Yes          | Yes                   | No                     |               0 |            0 |
+--------------+-----------------------+------------------------+-----------------+--------------+


4. Detailed Control Set Information
-----------------------------------

+----------------+-----------------------------------------------+------------------+------------------+----------------+
|  Clock Signal  |                 Enable Signal                 | Set/Reset Signal | Slice Load Count | Bel Load Count |
+----------------+-----------------------------------------------+------------------+------------------+----------------+
|  clk_IBUF_BUFG | crc_calc/FSM_onehot_current_state_reg_n_0_[0] | rst_IBUF         |                3 |             16 |
|  clk_IBUF_BUFG |                                               | rst_IBUF         |                7 |             32 |
|  clk_IBUF_BUFG | crc_calc/E[0]                                 | rst_IBUF         |                5 |             44 |
|  clk_IBUF_BUFG | crc_calc/result                               | rst_IBUF         |                4 |             44 |
|  clk_IBUF_BUFG | Frame[42]_i_1_n_0                             | rst_IBUF         |                6 |             50 |
+----------------+-----------------------------------------------+------------------+------------------+----------------+


