Copyright 1986-2018 Xilinx, Inc. All Rights Reserved.
--------------------------------------------------------------------------------------------------------------------------------------------------------------------------------
| Tool Version : Vivado v.2018.2 (win64) Build 2258646 Thu Jun 14 20:03:12 MDT 2018
| Date         : Wed May 28 19:31:56 2025
| Host         : DESKTOP-U1QVQMD running 64-bit major release  (build 9200)
| Command      : report_timing_summary -max_paths 10 -file CAN_timing_summary_routed.rpt -pb CAN_timing_summary_routed.pb -rpx CAN_timing_summary_routed.rpx -warn_on_violation
| Design       : CAN
| Device       : 7a200t-ffg1156
| Speed File   : -3  PRODUCTION 1.22 2018-03-21
--------------------------------------------------------------------------------------------------------------------------------------------------------------------------------

Timing Summary Report

------------------------------------------------------------------------------------------------
| Timer Settings
| --------------
------------------------------------------------------------------------------------------------

  Enable Multi Corner Analysis               :  Yes
  Enable Pessimism Removal                   :  Yes
  Pessimism Removal Resolution               :  Nearest Common Node
  Enable Input Delay Default Clock           :  No
  Enable Preset / Clear Arcs                 :  No
  Disable Flight Delays                      :  No
  Ignore I/O Paths                           :  No
  Timing Early Launch at Borrowing Latches   :  false

  Corner  Analyze    Analyze    
  Name    Max Paths  Min Paths  
  ------  ---------  ---------  
  Slow    Yes        Yes        
  Fast    Yes        Yes        



check_timing report

Table of Contents
-----------------
1. checking no_clock
2. checking constant_clock
3. checking pulse_width_clock
4. checking unconstrained_internal_endpoints
5. checking no_input_delay
6. checking no_output_delay
7. checking multiple_clock
8. checking generated_clocks
9. checking loops
10. checking partial_input_delay
11. checking partial_output_delay
12. checking latch_loops

1. checking no_clock
--------------------
 There are 0 register/latch pins with no clock.


2. checking constant_clock
--------------------------
 There are 0 register/latch pins with constant_clock.


3. checking pulse_width_clock
-----------------------------
 There are 0 register/latch pins which need pulse_width check


4. checking unconstrained_internal_endpoints
--------------------------------------------
 There are 0 pins that are not constrained for maximum delay.

 There are 0 pins that are not constrained for maximum delay due to constant clock.


5. checking no_input_delay
--------------------------
 There are 13 input ports with no input delay specified. (HIGH)

 There are 0 input ports with no input delay but user has a false path constraint.


6. checking no_output_delay
---------------------------
 There are 37 ports with no output delay specified. (HIGH)

 There are 0 ports with no output delay but user has a false path constraint

 There are 0 ports with no output delay but with a timing clock defined on it or propagating through it


7. checking multiple_clock
--------------------------
 There are 0 register/latch pins with multiple clocks.


8. checking generated_clocks
----------------------------
 There are 0 generated clocks that are not connected to a clock source.


9. checking loops
-----------------
 There are 0 combinational loops in the design.


10. checking partial_input_delay
--------------------------------
 There are 0 input ports with partial input delay specified.


11. checking partial_output_delay
---------------------------------
 There are 0 ports with partial output delay specified.


12. checking latch_loops
------------------------
 There are 0 combinational latch loops in the design through latch input



------------------------------------------------------------------------------------------------
| Design Timing Summary
| ---------------------
------------------------------------------------------------------------------------------------

    WNS(ns)      TNS(ns)  TNS Failing Endpoints  TNS Total Endpoints      WHS(ns)      THS(ns)  THS Failing Endpoints  THS Total Endpoints     WPWS(ns)     TPWS(ns)  TPWS Failing Endpoints  TPWS Total Endpoints  
    -------      -------  ---------------------  -------------------      -------      -------  ---------------------  -------------------     --------     --------  ----------------------  --------------------  
     18.535        0.000                      0                  134        0.160        0.000                      0                  134        9.500        0.000                       0                    94  


All user specified timing constraints are met.


------------------------------------------------------------------------------------------------
| Clock Summary
| -------------
------------------------------------------------------------------------------------------------

Clock        Waveform(ns)       Period(ns)      Frequency(MHz)
-----        ------------       ----------      --------------
sys_clk_pin  {0.000 10.000}     20.000          50.000          


------------------------------------------------------------------------------------------------
| Intra Clock Table
| -----------------
------------------------------------------------------------------------------------------------

Clock             WNS(ns)      TNS(ns)  TNS Failing Endpoints  TNS Total Endpoints      WHS(ns)      THS(ns)  THS Failing Endpoints  THS Total Endpoints     WPWS(ns)     TPWS(ns)  TPWS Failing Endpoints  TPWS Total Endpoints  
-----             -------      -------  ---------------------  -------------------      -------      -------  ---------------------  -------------------     --------     --------  ----------------------  --------------------  
sys_clk_pin        18.535        0.000                      0                  134        0.160        0.000                      0                  134        9.500        0.000                       0                    94  


------------------------------------------------------------------------------------------------
| Inter Clock Table
| -----------------
------------------------------------------------------------------------------------------------

From Clock    To Clock          WNS(ns)      TNS(ns)  TNS Failing Endpoints  TNS Total Endpoints      WHS(ns)      THS(ns)  THS Failing Endpoints  THS Total Endpoints  
----------    --------          -------      -------  ---------------------  -------------------      -------      -------  ---------------------  -------------------  


------------------------------------------------------------------------------------------------
| Other Path Groups Table
| -----------------------
------------------------------------------------------------------------------------------------

Path Group    From Clock    To Clock          WNS(ns)      TNS(ns)  TNS Failing Endpoints  TNS Total Endpoints      WHS(ns)      THS(ns)  THS Failing Endpoints  THS Total Endpoints  
----------    ----------    --------          -------      -------  ---------------------  -------------------      -------      -------  ---------------------  -------------------  


------------------------------------------------------------------------------------------------
| Timing Details
| --------------
------------------------------------------------------------------------------------------------


---------------------------------------------------------------------------------------------------
From Clock:  sys_clk_pin
  To Clock:  sys_clk_pin

Setup :            0  Failing Endpoints,  Worst Slack       18.535ns,  Total Violation        0.000ns
Hold  :            0  Failing Endpoints,  Worst Slack        0.160ns,  Total Violation        0.000ns
PW    :            0  Failing Endpoints,  Worst Slack        9.500ns,  Total Violation        0.000ns
---------------------------------------------------------------------------------------------------


Max Delay Paths
--------------------------------------------------------------------------------------
Slack (MET) :             18.535ns  (required time - arrival time)
  Source:                 crc_calc/message_reg_reg[6]/C
                            (rising edge-triggered cell FDCE clocked by sys_clk_pin  {rise@0.000ns fall@10.000ns period=20.000ns})
  Destination:            crc_calc/result_reg[4]/D
                            (rising edge-triggered cell FDCE clocked by sys_clk_pin  {rise@0.000ns fall@10.000ns period=20.000ns})
  Path Group:             sys_clk_pin
  Path Type:              Setup (Max at Slow Process Corner)
  Requirement:            20.000ns  (sys_clk_pin rise@20.000ns - sys_clk_pin rise@0.000ns)
  Data Path Delay:        1.438ns  (logic 0.438ns (30.457%)  route 1.000ns (69.543%))
  Logic Levels:           1  (LUT4=1)
  Clock Path Skew:        -0.022ns (DCD - SCD + CPR)
    Destination Clock Delay (DCD):    4.203ns = ( 24.203 - 20.000 ) 
    Source Clock Delay      (SCD):    4.457ns
    Clock Pessimism Removal (CPR):    0.231ns
  Clock Uncertainty:      0.035ns  ((TSJ^2 + TIJ^2)^1/2 + DJ) / 2 + PE
    Total System Jitter     (TSJ):    0.071ns
    Total Input Jitter      (TIJ):    0.000ns
    Discrete Jitter          (DJ):    0.000ns
    Phase Error              (PE):    0.000ns

    Location             Delay type                Incr(ns)  Path(ns)    Netlist Resource(s)
  -------------------------------------------------------------------    -------------------
                         (clock sys_clk_pin rise edge)
                                                      0.000     0.000 r  
    W5                                                0.000     0.000 r  clk (IN)
                         net (fo=0)                   0.000     0.000    clk
    W5                   IBUF (Prop_ibuf_I_O)         1.371     1.371 r  clk_IBUF_inst/O
                         net (fo=1, routed)           1.598     2.969    clk_IBUF
    BUFGCTRL_X0Y0        BUFG (Prop_bufg_I_O)         0.076     3.045 r  clk_IBUF_BUFG_inst/O
                         net (fo=93, routed)          1.412     4.457    crc_calc/clk_IBUF_BUFG
    SLICE_X0Y132         FDCE                                         r  crc_calc/message_reg_reg[6]/C
  -------------------------------------------------------------------    -------------------
    SLICE_X0Y132         FDCE (Prop_fdce_C_Q)         0.341     4.798 r  crc_calc/message_reg_reg[6]/Q
                         net (fo=11, routed)          1.000     5.798    crc_calc/p_0_in2_in
    SLICE_X1Y133         LUT4 (Prop_lut4_I3_O)        0.097     5.895 r  crc_calc/result[4]_i_1/O
                         net (fo=1, routed)           0.000     5.895    crc_calc/result[4]_i_1_n_0
    SLICE_X1Y133         FDCE                                         r  crc_calc/result_reg[4]/D
  -------------------------------------------------------------------    -------------------

                         (clock sys_clk_pin rise edge)
                                                     20.000    20.000 r  
    W5                                                0.000    20.000 r  clk (IN)
                         net (fo=0)                   0.000    20.000    clk
    W5                   IBUF (Prop_ibuf_I_O)         1.304    21.304 r  clk_IBUF_inst/O
                         net (fo=1, routed)           1.514    22.817    clk_IBUF
    BUFGCTRL_X0Y0        BUFG (Prop_bufg_I_O)         0.072    22.889 r  clk_IBUF_BUFG_inst/O
                         net (fo=93, routed)          1.314    24.203    crc_calc/clk_IBUF_BUFG
    SLICE_X1Y133         FDCE                                         r  crc_calc/result_reg[4]/C
                         clock pessimism              0.231    24.435    
                         clock uncertainty           -0.035    24.399    
    SLICE_X1Y133         FDCE (Setup_fdce_C_D)        0.030    24.429    crc_calc/result_reg[4]
  -------------------------------------------------------------------
                         required time                         24.429    
                         arrival time                          -5.895    
  -------------------------------------------------------------------
                         slack                                 18.535    

Slack (MET) :             18.558ns  (required time - arrival time)
  Source:                 crc_calc/message_reg_reg[4]/C
                            (rising edge-triggered cell FDCE clocked by sys_clk_pin  {rise@0.000ns fall@10.000ns period=20.000ns})
  Destination:            crc_calc/result_reg[12]/D
                            (rising edge-triggered cell FDCE clocked by sys_clk_pin  {rise@0.000ns fall@10.000ns period=20.000ns})
  Path Group:             sys_clk_pin
  Path Type:              Setup (Max at Slow Process Corner)
  Requirement:            20.000ns  (sys_clk_pin rise@20.000ns - sys_clk_pin rise@0.000ns)
  Data Path Delay:        1.414ns  (logic 0.490ns (34.650%)  route 0.924ns (65.350%))
  Logic Levels:           1  (LUT4=1)
  Clock Path Skew:        -0.024ns (DCD - SCD + CPR)
    Destination Clock Delay (DCD):    4.202ns = ( 24.202 - 20.000 ) 
    Source Clock Delay      (SCD):    4.458ns
    Clock Pessimism Removal (CPR):    0.231ns
  Clock Uncertainty:      0.035ns  ((TSJ^2 + TIJ^2)^1/2 + DJ) / 2 + PE
    Total System Jitter     (TSJ):    0.071ns
    Total Input Jitter      (TIJ):    0.000ns
    Discrete Jitter          (DJ):    0.000ns
    Phase Error              (PE):    0.000ns

    Location             Delay type                Incr(ns)  Path(ns)    Netlist Resource(s)
  -------------------------------------------------------------------    -------------------
                         (clock sys_clk_pin rise edge)
                                                      0.000     0.000 r  
    W5                                                0.000     0.000 r  clk (IN)
                         net (fo=0)                   0.000     0.000    clk
    W5                   IBUF (Prop_ibuf_I_O)         1.371     1.371 r  clk_IBUF_inst/O
                         net (fo=1, routed)           1.598     2.969    clk_IBUF
    BUFGCTRL_X0Y0        BUFG (Prop_bufg_I_O)         0.076     3.045 r  clk_IBUF_BUFG_inst/O
                         net (fo=93, routed)          1.413     4.458    crc_calc/clk_IBUF_BUFG
    SLICE_X2Y133         FDCE                                         r  crc_calc/message_reg_reg[4]/C
  -------------------------------------------------------------------    -------------------
    SLICE_X2Y133         FDCE (Prop_fdce_C_Q)         0.393     4.851 r  crc_calc/message_reg_reg[4]/Q
                         net (fo=6, routed)           0.924     5.775    crc_calc/p_0_in
    SLICE_X1Y132         LUT4 (Prop_lut4_I3_O)        0.097     5.872 r  crc_calc/result[12]_i_1/O
                         net (fo=1, routed)           0.000     5.872    crc_calc/result[12]_i_1_n_0
    SLICE_X1Y132         FDCE                                         r  crc_calc/result_reg[12]/D
  -------------------------------------------------------------------    -------------------

                         (clock sys_clk_pin rise edge)
                                                     20.000    20.000 r  
    W5                                                0.000    20.000 r  clk (IN)
                         net (fo=0)                   0.000    20.000    clk
    W5                   IBUF (Prop_ibuf_I_O)         1.304    21.304 r  clk_IBUF_inst/O
                         net (fo=1, routed)           1.514    22.817    clk_IBUF
    BUFGCTRL_X0Y0        BUFG (Prop_bufg_I_O)         0.072    22.889 r  clk_IBUF_BUFG_inst/O
                         net (fo=93, routed)          1.313    24.202    crc_calc/clk_IBUF_BUFG
    SLICE_X1Y132         FDCE                                         r  crc_calc/result_reg[12]/C
                         clock pessimism              0.231    24.434    
                         clock uncertainty           -0.035    24.398    
    SLICE_X1Y132         FDCE (Setup_fdce_C_D)        0.032    24.430    crc_calc/result_reg[12]
  -------------------------------------------------------------------
                         required time                         24.430    
                         arrival time                          -5.872    
  -------------------------------------------------------------------
                         slack                                 18.558    

Slack (MET) :             18.565ns  (required time - arrival time)
  Source:                 crc_calc/message_reg_reg[6]/C
                            (rising edge-triggered cell FDCE clocked by sys_clk_pin  {rise@0.000ns fall@10.000ns period=20.000ns})
  Destination:            crc_calc/result_reg[8]/D
                            (rising edge-triggered cell FDCE clocked by sys_clk_pin  {rise@0.000ns fall@10.000ns period=20.000ns})
  Path Group:             sys_clk_pin
  Path Type:              Setup (Max at Slow Process Corner)
  Requirement:            20.000ns  (sys_clk_pin rise@20.000ns - sys_clk_pin rise@0.000ns)
  Data Path Delay:        1.442ns  (logic 0.442ns (30.650%)  route 1.000ns (69.350%))
  Logic Levels:           1  (LUT3=1)
  Clock Path Skew:        -0.022ns (DCD - SCD + CPR)
    Destination Clock Delay (DCD):    4.203ns = ( 24.203 - 20.000 ) 
    Source Clock Delay      (SCD):    4.457ns
    Clock Pessimism Removal (CPR):    0.231ns
  Clock Uncertainty:      0.035ns  ((TSJ^2 + TIJ^2)^1/2 + DJ) / 2 + PE
    Total System Jitter     (TSJ):    0.071ns
    Total Input Jitter      (TIJ):    0.000ns
    Discrete Jitter          (DJ):    0.000ns
    Phase Error              (PE):    0.000ns

    Location             Delay type                Incr(ns)  Path(ns)    Netlist Resource(s)
  -------------------------------------------------------------------    -------------------
                         (clock sys_clk_pin rise edge)
                                                      0.000     0.000 r  
    W5                                                0.000     0.000 r  clk (IN)
                         net (fo=0)                   0.000     0.000    clk
    W5                   IBUF (Prop_ibuf_I_O)         1.371     1.371 r  clk_IBUF_inst/O
                         net (fo=1, routed)           1.598     2.969    clk_IBUF
    BUFGCTRL_X0Y0        BUFG (Prop_bufg_I_O)         0.076     3.045 r  clk_IBUF_BUFG_inst/O
                         net (fo=93, routed)          1.412     4.457    crc_calc/clk_IBUF_BUFG
    SLICE_X0Y132         FDCE                                         r  crc_calc/message_reg_reg[6]/C
  -------------------------------------------------------------------    -------------------
    SLICE_X0Y132         FDCE (Prop_fdce_C_Q)         0.341     4.798 r  crc_calc/message_reg_reg[6]/Q
                         net (fo=11, routed)          1.000     5.798    crc_calc/p_0_in2_in
    SLICE_X1Y133         LUT3 (Prop_lut3_I2_O)        0.101     5.899 r  crc_calc/result[8]_i_1/O
                         net (fo=1, routed)           0.000     5.899    crc_calc/result[8]_i_1_n_0
    SLICE_X1Y133         FDCE                                         r  crc_calc/result_reg[8]/D
  -------------------------------------------------------------------    -------------------

                         (clock sys_clk_pin rise edge)
                                                     20.000    20.000 r  
    W5                                                0.000    20.000 r  clk (IN)
                         net (fo=0)                   0.000    20.000    clk
    W5                   IBUF (Prop_ibuf_I_O)         1.304    21.304 r  clk_IBUF_inst/O
                         net (fo=1, routed)           1.514    22.817    clk_IBUF
    BUFGCTRL_X0Y0        BUFG (Prop_bufg_I_O)         0.072    22.889 r  clk_IBUF_BUFG_inst/O
                         net (fo=93, routed)          1.314    24.203    crc_calc/clk_IBUF_BUFG
    SLICE_X1Y133         FDCE                                         r  crc_calc/result_reg[8]/C
                         clock pessimism              0.231    24.435    
                         clock uncertainty           -0.035    24.399    
    SLICE_X1Y133         FDCE (Setup_fdce_C_D)        0.064    24.463    crc_calc/result_reg[8]
  -------------------------------------------------------------------
                         required time                         24.463    
                         arrival time                          -5.899    
  -------------------------------------------------------------------
                         slack                                 18.565    

Slack (MET) :             18.649ns  (required time - arrival time)
  Source:                 crc_calc/message_reg_reg[5]/C
                            (rising edge-triggered cell FDCE clocked by sys_clk_pin  {rise@0.000ns fall@10.000ns period=20.000ns})
  Destination:            crc_calc/result_reg[13]/D
                            (rising edge-triggered cell FDCE clocked by sys_clk_pin  {rise@0.000ns fall@10.000ns period=20.000ns})
  Path Group:             sys_clk_pin
  Path Type:              Setup (Max at Slow Process Corner)
  Requirement:            20.000ns  (sys_clk_pin rise@20.000ns - sys_clk_pin rise@0.000ns)
  Data Path Delay:        1.323ns  (logic 0.490ns (37.027%)  route 0.833ns (62.973%))
  Logic Levels:           1  (LUT4=1)
  Clock Path Skew:        -0.024ns (DCD - SCD + CPR)
    Destination Clock Delay (DCD):    4.202ns = ( 24.202 - 20.000 ) 
    Source Clock Delay      (SCD):    4.458ns
    Clock Pessimism Removal (CPR):    0.231ns
  Clock Uncertainty:      0.035ns  ((TSJ^2 + TIJ^2)^1/2 + DJ) / 2 + PE
    Total System Jitter     (TSJ):    0.071ns
    Total Input Jitter      (TIJ):    0.000ns
    Discrete Jitter          (DJ):    0.000ns
    Phase Error              (PE):    0.000ns

    Location             Delay type                Incr(ns)  Path(ns)    Netlist Resource(s)
  -------------------------------------------------------------------    -------------------
                         (clock sys_clk_pin rise edge)
                                                      0.000     0.000 r  
    W5                                                0.000     0.000 r  clk (IN)
                         net (fo=0)                   0.000     0.000    clk
    W5                   IBUF (Prop_ibuf_I_O)         1.371     1.371 r  clk_IBUF_inst/O
                         net (fo=1, routed)           1.598     2.969    clk_IBUF
    BUFGCTRL_X0Y0        BUFG (Prop_bufg_I_O)         0.076     3.045 r  clk_IBUF_BUFG_inst/O
                         net (fo=93, routed)          1.413     4.458    crc_calc/clk_IBUF_BUFG
    SLICE_X2Y133         FDCE                                         r  crc_calc/message_reg_reg[5]/C
  -------------------------------------------------------------------    -------------------
    SLICE_X2Y133         FDCE (Prop_fdce_C_Q)         0.393     4.851 r  crc_calc/message_reg_reg[5]/Q
                         net (fo=6, routed)           0.833     5.684    crc_calc/p_0_in3_in
    SLICE_X1Y132         LUT4 (Prop_lut4_I3_O)        0.097     5.781 r  crc_calc/result[13]_i_1/O
                         net (fo=1, routed)           0.000     5.781    crc_calc/result[13]_i_1_n_0
    SLICE_X1Y132         FDCE                                         r  crc_calc/result_reg[13]/D
  -------------------------------------------------------------------    -------------------

                         (clock sys_clk_pin rise edge)
                                                     20.000    20.000 r  
    W5                                                0.000    20.000 r  clk (IN)
                         net (fo=0)                   0.000    20.000    clk
    W5                   IBUF (Prop_ibuf_I_O)         1.304    21.304 r  clk_IBUF_inst/O
                         net (fo=1, routed)           1.514    22.817    clk_IBUF
    BUFGCTRL_X0Y0        BUFG (Prop_bufg_I_O)         0.072    22.889 r  clk_IBUF_BUFG_inst/O
                         net (fo=93, routed)          1.313    24.202    crc_calc/clk_IBUF_BUFG
    SLICE_X1Y132         FDCE                                         r  crc_calc/result_reg[13]/C
                         clock pessimism              0.231    24.434    
                         clock uncertainty           -0.035    24.398    
    SLICE_X1Y132         FDCE (Setup_fdce_C_D)        0.032    24.430    crc_calc/result_reg[13]
  -------------------------------------------------------------------
                         required time                         24.430    
                         arrival time                          -5.781    
  -------------------------------------------------------------------
                         slack                                 18.649    

Slack (MET) :             18.677ns  (required time - arrival time)
  Source:                 crc_calc/message_reg_reg[3]/C
                            (rising edge-triggered cell FDCE clocked by sys_clk_pin  {rise@0.000ns fall@10.000ns period=20.000ns})
  Destination:            crc_calc/result_reg[7]/D
                            (rising edge-triggered cell FDCE clocked by sys_clk_pin  {rise@0.000ns fall@10.000ns period=20.000ns})
  Path Group:             sys_clk_pin
  Path Type:              Setup (Max at Slow Process Corner)
  Requirement:            20.000ns  (sys_clk_pin rise@20.000ns - sys_clk_pin rise@0.000ns)
  Data Path Delay:        1.327ns  (logic 0.496ns (37.368%)  route 0.831ns (62.632%))
  Logic Levels:           1  (LUT4=1)
  Clock Path Skew:        -0.024ns (DCD - SCD + CPR)
    Destination Clock Delay (DCD):    4.202ns = ( 24.202 - 20.000 ) 
    Source Clock Delay      (SCD):    4.458ns
    Clock Pessimism Removal (CPR):    0.231ns
  Clock Uncertainty:      0.035ns  ((TSJ^2 + TIJ^2)^1/2 + DJ) / 2 + PE
    Total System Jitter     (TSJ):    0.071ns
    Total Input Jitter      (TIJ):    0.000ns
    Discrete Jitter          (DJ):    0.000ns
    Phase Error              (PE):    0.000ns

    Location             Delay type                Incr(ns)  Path(ns)    Netlist Resource(s)
  -------------------------------------------------------------------    -------------------
                         (clock sys_clk_pin rise edge)
                                                      0.000     0.000 r  
    W5                                                0.000     0.000 r  clk (IN)
                         net (fo=0)                   0.000     0.000    clk
    W5                   IBUF (Prop_ibuf_I_O)         1.371     1.371 r  clk_IBUF_inst/O
                         net (fo=1, routed)           1.598     2.969    clk_IBUF
    BUFGCTRL_X0Y0        BUFG (Prop_bufg_I_O)         0.076     3.045 r  clk_IBUF_BUFG_inst/O
                         net (fo=93, routed)          1.413     4.458    crc_calc/clk_IBUF_BUFG
    SLICE_X2Y133         FDCE                                         r  crc_calc/message_reg_reg[3]/C
  -------------------------------------------------------------------    -------------------
    SLICE_X2Y133         FDCE (Prop_fdce_C_Q)         0.393     4.851 r  crc_calc/message_reg_reg[3]/Q
                         net (fo=7, routed)           0.831     5.682    crc_calc/p_0_in6_in
    SLICE_X1Y132         LUT4 (Prop_lut4_I2_O)        0.103     5.785 r  crc_calc/result[7]_i_1/O
                         net (fo=1, routed)           0.000     5.785    crc_calc/result[7]_i_1_n_0
    SLICE_X1Y132         FDCE                                         r  crc_calc/result_reg[7]/D
  -------------------------------------------------------------------    -------------------

                         (clock sys_clk_pin rise edge)
                                                     20.000    20.000 r  
    W5                                                0.000    20.000 r  clk (IN)
                         net (fo=0)                   0.000    20.000    clk
    W5                   IBUF (Prop_ibuf_I_O)         1.304    21.304 r  clk_IBUF_inst/O
                         net (fo=1, routed)           1.514    22.817    clk_IBUF
    BUFGCTRL_X0Y0        BUFG (Prop_bufg_I_O)         0.072    22.889 r  clk_IBUF_BUFG_inst/O
                         net (fo=93, routed)          1.313    24.202    crc_calc/clk_IBUF_BUFG
    SLICE_X1Y132         FDCE                                         r  crc_calc/result_reg[7]/C
                         clock pessimism              0.231    24.434    
                         clock uncertainty           -0.035    24.398    
    SLICE_X1Y132         FDCE (Setup_fdce_C_D)        0.064    24.462    crc_calc/result_reg[7]
  -------------------------------------------------------------------
                         required time                         24.462    
                         arrival time                          -5.785    
  -------------------------------------------------------------------
                         slack                                 18.677    

Slack (MET) :             18.770ns  (required time - arrival time)
  Source:                 crc_calc/message_reg_reg[7]/C
                            (rising edge-triggered cell FDCE clocked by sys_clk_pin  {rise@0.000ns fall@10.000ns period=20.000ns})
  Destination:            crc_calc/result_reg[0]/D
                            (rising edge-triggered cell FDCE clocked by sys_clk_pin  {rise@0.000ns fall@10.000ns period=20.000ns})
  Path Group:             sys_clk_pin
  Path Type:              Setup (Max at Slow Process Corner)
  Requirement:            20.000ns  (sys_clk_pin rise@20.000ns - sys_clk_pin rise@0.000ns)
  Data Path Delay:        1.240ns  (logic 0.490ns (39.513%)  route 0.750ns (60.487%))
  Logic Levels:           1  (LUT4=1)
  Clock Path Skew:        -0.024ns (DCD - SCD + CPR)
    Destination Clock Delay (DCD):    4.202ns = ( 24.202 - 20.000 ) 
    Source Clock Delay      (SCD):    4.458ns
    Clock Pessimism Removal (CPR):    0.231ns
  Clock Uncertainty:      0.035ns  ((TSJ^2 + TIJ^2)^1/2 + DJ) / 2 + PE
    Total System Jitter     (TSJ):    0.071ns
    Total Input Jitter      (TIJ):    0.000ns
    Discrete Jitter          (DJ):    0.000ns
    Phase Error              (PE):    0.000ns

    Location             Delay type                Incr(ns)  Path(ns)    Netlist Resource(s)
  -------------------------------------------------------------------    -------------------
                         (clock sys_clk_pin rise edge)
                                                      0.000     0.000 r  
    W5                                                0.000     0.000 r  clk (IN)
                         net (fo=0)                   0.000     0.000    clk
    W5                   IBUF (Prop_ibuf_I_O)         1.371     1.371 r  clk_IBUF_inst/O
                         net (fo=1, routed)           1.598     2.969    clk_IBUF
    BUFGCTRL_X0Y0        BUFG (Prop_bufg_I_O)         0.076     3.045 r  clk_IBUF_BUFG_inst/O
                         net (fo=93, routed)          1.413     4.458    crc_calc/clk_IBUF_BUFG
    SLICE_X2Y133         FDCE                                         r  crc_calc/message_reg_reg[7]/C
  -------------------------------------------------------------------    -------------------
    SLICE_X2Y133         FDCE (Prop_fdce_C_Q)         0.393     4.851 r  crc_calc/message_reg_reg[7]/Q
                         net (fo=10, routed)          0.750     5.601    crc_calc/crc_gen[0].fb
    SLICE_X2Y132         LUT4 (Prop_lut4_I3_O)        0.097     5.698 r  crc_calc/crc_gen[7].fb/O
                         net (fo=1, routed)           0.000     5.698    crc_calc/p_28_in
    SLICE_X2Y132         FDCE                                         r  crc_calc/result_reg[0]/D
  -------------------------------------------------------------------    -------------------

                         (clock sys_clk_pin rise edge)
                                                     20.000    20.000 r  
    W5                                                0.000    20.000 r  clk (IN)
                         net (fo=0)                   0.000    20.000    clk
    W5                   IBUF (Prop_ibuf_I_O)         1.304    21.304 r  clk_IBUF_inst/O
                         net (fo=1, routed)           1.514    22.817    clk_IBUF
    BUFGCTRL_X0Y0        BUFG (Prop_bufg_I_O)         0.072    22.889 r  clk_IBUF_BUFG_inst/O
                         net (fo=93, routed)          1.313    24.202    crc_calc/clk_IBUF_BUFG
    SLICE_X2Y132         FDCE                                         r  crc_calc/result_reg[0]/C
                         clock pessimism              0.231    24.434    
                         clock uncertainty           -0.035    24.398    
    SLICE_X2Y132         FDCE (Setup_fdce_C_D)        0.069    24.467    crc_calc/result_reg[0]
  -------------------------------------------------------------------
                         required time                         24.467    
                         arrival time                          -5.698    
  -------------------------------------------------------------------
                         slack                                 18.770    

Slack (MET) :             18.773ns  (required time - arrival time)
  Source:                 crc_calc/message_reg_reg[5]/C
                            (rising edge-triggered cell FDCE clocked by sys_clk_pin  {rise@0.000ns fall@10.000ns period=20.000ns})
  Destination:            crc_calc/result_reg[11]/D
                            (rising edge-triggered cell FDCE clocked by sys_clk_pin  {rise@0.000ns fall@10.000ns period=20.000ns})
  Path Group:             sys_clk_pin
  Path Type:              Setup (Max at Slow Process Corner)
  Requirement:            20.000ns  (sys_clk_pin rise@20.000ns - sys_clk_pin rise@0.000ns)
  Data Path Delay:        1.198ns  (logic 0.490ns (40.898%)  route 0.708ns (59.102%))
  Logic Levels:           1  (LUT5=1)
  Clock Path Skew:        -0.024ns (DCD - SCD + CPR)
    Destination Clock Delay (DCD):    4.202ns = ( 24.202 - 20.000 ) 
    Source Clock Delay      (SCD):    4.458ns
    Clock Pessimism Removal (CPR):    0.231ns
  Clock Uncertainty:      0.035ns  ((TSJ^2 + TIJ^2)^1/2 + DJ) / 2 + PE
    Total System Jitter     (TSJ):    0.071ns
    Total Input Jitter      (TIJ):    0.000ns
    Discrete Jitter          (DJ):    0.000ns
    Phase Error              (PE):    0.000ns

    Location             Delay type                Incr(ns)  Path(ns)    Netlist Resource(s)
  -------------------------------------------------------------------    -------------------
                         (clock sys_clk_pin rise edge)
                                                      0.000     0.000 r  
    W5                                                0.000     0.000 r  clk (IN)
                         net (fo=0)                   0.000     0.000    clk
    W5                   IBUF (Prop_ibuf_I_O)         1.371     1.371 r  clk_IBUF_inst/O
                         net (fo=1, routed)           1.598     2.969    clk_IBUF
    BUFGCTRL_X0Y0        BUFG (Prop_bufg_I_O)         0.076     3.045 r  clk_IBUF_BUFG_inst/O
                         net (fo=93, routed)          1.413     4.458    crc_calc/clk_IBUF_BUFG
    SLICE_X2Y133         FDCE                                         r  crc_calc/message_reg_reg[5]/C
  -------------------------------------------------------------------    -------------------
    SLICE_X2Y133         FDCE (Prop_fdce_C_Q)         0.393     4.851 r  crc_calc/message_reg_reg[5]/Q
                         net (fo=6, routed)           0.708     5.559    crc_calc/p_0_in3_in
    SLICE_X1Y132         LUT5 (Prop_lut5_I1_O)        0.097     5.656 r  crc_calc/result[11]_i_1/O
                         net (fo=1, routed)           0.000     5.656    crc_calc/result[11]_i_1_n_0
    SLICE_X1Y132         FDCE                                         r  crc_calc/result_reg[11]/D
  -------------------------------------------------------------------    -------------------

                         (clock sys_clk_pin rise edge)
                                                     20.000    20.000 r  
    W5                                                0.000    20.000 r  clk (IN)
                         net (fo=0)                   0.000    20.000    clk
    W5                   IBUF (Prop_ibuf_I_O)         1.304    21.304 r  clk_IBUF_inst/O
                         net (fo=1, routed)           1.514    22.817    clk_IBUF
    BUFGCTRL_X0Y0        BUFG (Prop_bufg_I_O)         0.072    22.889 r  clk_IBUF_BUFG_inst/O
                         net (fo=93, routed)          1.313    24.202    crc_calc/clk_IBUF_BUFG
    SLICE_X1Y132         FDCE                                         r  crc_calc/result_reg[11]/C
                         clock pessimism              0.231    24.434    
                         clock uncertainty           -0.035    24.398    
    SLICE_X1Y132         FDCE (Setup_fdce_C_D)        0.030    24.428    crc_calc/result_reg[11]
  -------------------------------------------------------------------
                         required time                         24.428    
                         arrival time                          -5.656    
  -------------------------------------------------------------------
                         slack                                 18.773    

Slack (MET) :             18.777ns  (required time - arrival time)
  Source:                 crc_calc/message_reg_reg[7]/C
                            (rising edge-triggered cell FDCE clocked by sys_clk_pin  {rise@0.000ns fall@10.000ns period=20.000ns})
  Destination:            crc_calc/result_reg[6]/D
                            (rising edge-triggered cell FDCE clocked by sys_clk_pin  {rise@0.000ns fall@10.000ns period=20.000ns})
  Path Group:             sys_clk_pin
  Path Type:              Setup (Max at Slow Process Corner)
  Requirement:            20.000ns  (sys_clk_pin rise@20.000ns - sys_clk_pin rise@0.000ns)
  Data Path Delay:        1.236ns  (logic 0.490ns (39.640%)  route 0.746ns (60.360%))
  Logic Levels:           1  (LUT3=1)
  Clock Path Skew:        -0.024ns (DCD - SCD + CPR)
    Destination Clock Delay (DCD):    4.202ns = ( 24.202 - 20.000 ) 
    Source Clock Delay      (SCD):    4.458ns
    Clock Pessimism Removal (CPR):    0.231ns
  Clock Uncertainty:      0.035ns  ((TSJ^2 + TIJ^2)^1/2 + DJ) / 2 + PE
    Total System Jitter     (TSJ):    0.071ns
    Total Input Jitter      (TIJ):    0.000ns
    Discrete Jitter          (DJ):    0.000ns
    Phase Error              (PE):    0.000ns

    Location             Delay type                Incr(ns)  Path(ns)    Netlist Resource(s)
  -------------------------------------------------------------------    -------------------
                         (clock sys_clk_pin rise edge)
                                                      0.000     0.000 r  
    W5                                                0.000     0.000 r  clk (IN)
                         net (fo=0)                   0.000     0.000    clk
    W5                   IBUF (Prop_ibuf_I_O)         1.371     1.371 r  clk_IBUF_inst/O
                         net (fo=1, routed)           1.598     2.969    clk_IBUF
    BUFGCTRL_X0Y0        BUFG (Prop_bufg_I_O)         0.076     3.045 r  clk_IBUF_BUFG_inst/O
                         net (fo=93, routed)          1.413     4.458    crc_calc/clk_IBUF_BUFG
    SLICE_X2Y133         FDCE                                         r  crc_calc/message_reg_reg[7]/C
  -------------------------------------------------------------------    -------------------
    SLICE_X2Y133         FDCE (Prop_fdce_C_Q)         0.393     4.851 r  crc_calc/message_reg_reg[7]/Q
                         net (fo=10, routed)          0.746     5.597    crc_calc/crc_gen[0].fb
    SLICE_X2Y132         LUT3 (Prop_lut3_I1_O)        0.097     5.694 r  crc_calc/result[6]_i_1/O
                         net (fo=1, routed)           0.000     5.694    crc_calc/result[6]_i_1_n_0
    SLICE_X2Y132         FDCE                                         r  crc_calc/result_reg[6]/D
  -------------------------------------------------------------------    -------------------

                         (clock sys_clk_pin rise edge)
                                                     20.000    20.000 r  
    W5                                                0.000    20.000 r  clk (IN)
                         net (fo=0)                   0.000    20.000    clk
    W5                   IBUF (Prop_ibuf_I_O)         1.304    21.304 r  clk_IBUF_inst/O
                         net (fo=1, routed)           1.514    22.817    clk_IBUF
    BUFGCTRL_X0Y0        BUFG (Prop_bufg_I_O)         0.072    22.889 r  clk_IBUF_BUFG_inst/O
                         net (fo=93, routed)          1.313    24.202    crc_calc/clk_IBUF_BUFG
    SLICE_X2Y132         FDCE                                         r  crc_calc/result_reg[6]/C
                         clock pessimism              0.231    24.434    
                         clock uncertainty           -0.035    24.398    
    SLICE_X2Y132         FDCE (Setup_fdce_C_D)        0.072    24.470    crc_calc/result_reg[6]
  -------------------------------------------------------------------
                         required time                         24.470    
                         arrival time                          -5.694    
  -------------------------------------------------------------------
                         slack                                 18.777    

Slack (MET) :             18.803ns  (required time - arrival time)
  Source:                 crc_calc/message_reg_reg[5]/C
                            (rising edge-triggered cell FDCE clocked by sys_clk_pin  {rise@0.000ns fall@10.000ns period=20.000ns})
  Destination:            crc_calc/result_reg[1]/D
                            (rising edge-triggered cell FDCE clocked by sys_clk_pin  {rise@0.000ns fall@10.000ns period=20.000ns})
  Path Group:             sys_clk_pin
  Path Type:              Setup (Max at Slow Process Corner)
  Requirement:            20.000ns  (sys_clk_pin rise@20.000ns - sys_clk_pin rise@0.000ns)
  Data Path Delay:        1.202ns  (logic 0.494ns (41.095%)  route 0.708ns (58.905%))
  Logic Levels:           1  (LUT3=1)
  Clock Path Skew:        -0.024ns (DCD - SCD + CPR)
    Destination Clock Delay (DCD):    4.202ns = ( 24.202 - 20.000 ) 
    Source Clock Delay      (SCD):    4.458ns
    Clock Pessimism Removal (CPR):    0.231ns
  Clock Uncertainty:      0.035ns  ((TSJ^2 + TIJ^2)^1/2 + DJ) / 2 + PE
    Total System Jitter     (TSJ):    0.071ns
    Total Input Jitter      (TIJ):    0.000ns
    Discrete Jitter          (DJ):    0.000ns
    Phase Error              (PE):    0.000ns

    Location             Delay type                Incr(ns)  Path(ns)    Netlist Resource(s)
  -------------------------------------------------------------------    -------------------
                         (clock sys_clk_pin rise edge)
                                                      0.000     0.000 r  
    W5                                                0.000     0.000 r  clk (IN)
                         net (fo=0)                   0.000     0.000    clk
    W5                   IBUF (Prop_ibuf_I_O)         1.371     1.371 r  clk_IBUF_inst/O
                         net (fo=1, routed)           1.598     2.969    clk_IBUF
    BUFGCTRL_X0Y0        BUFG (Prop_bufg_I_O)         0.076     3.045 r  clk_IBUF_BUFG_inst/O
                         net (fo=93, routed)          1.413     4.458    crc_calc/clk_IBUF_BUFG
    SLICE_X2Y133         FDCE                                         r  crc_calc/message_reg_reg[5]/C
  -------------------------------------------------------------------    -------------------
    SLICE_X2Y133         FDCE (Prop_fdce_C_Q)         0.393     4.851 r  crc_calc/message_reg_reg[5]/Q
                         net (fo=6, routed)           0.708     5.559    crc_calc/p_0_in3_in
    SLICE_X1Y132         LUT3 (Prop_lut3_I0_O)        0.101     5.660 r  crc_calc/crc_gen[6].fb/O
                         net (fo=1, routed)           0.000     5.660    crc_calc/p_31_in
    SLICE_X1Y132         FDCE                                         r  crc_calc/result_reg[1]/D
  -------------------------------------------------------------------    -------------------

                         (clock sys_clk_pin rise edge)
                                                     20.000    20.000 r  
    W5                                                0.000    20.000 r  clk (IN)
                         net (fo=0)                   0.000    20.000    clk
    W5                   IBUF (Prop_ibuf_I_O)         1.304    21.304 r  clk_IBUF_inst/O
                         net (fo=1, routed)           1.514    22.817    clk_IBUF
    BUFGCTRL_X0Y0        BUFG (Prop_bufg_I_O)         0.072    22.889 r  clk_IBUF_BUFG_inst/O
                         net (fo=93, routed)          1.313    24.202    crc_calc/clk_IBUF_BUFG
    SLICE_X1Y132         FDCE                                         r  crc_calc/result_reg[1]/C
                         clock pessimism              0.231    24.434    
                         clock uncertainty           -0.035    24.398    
    SLICE_X1Y132         FDCE (Setup_fdce_C_D)        0.064    24.462    crc_calc/result_reg[1]
  -------------------------------------------------------------------
                         required time                         24.462    
                         arrival time                          -5.660    
  -------------------------------------------------------------------
                         slack                                 18.803    

Slack (MET) :             18.814ns  (required time - arrival time)
  Source:                 crc_calc/message_reg_reg[4]/C
                            (rising edge-triggered cell FDCE clocked by sys_clk_pin  {rise@0.000ns fall@10.000ns period=20.000ns})
  Destination:            crc_calc/result_reg[10]/D
                            (rising edge-triggered cell FDCE clocked by sys_clk_pin  {rise@0.000ns fall@10.000ns period=20.000ns})
  Path Group:             sys_clk_pin
  Path Type:              Setup (Max at Slow Process Corner)
  Requirement:            20.000ns  (sys_clk_pin rise@20.000ns - sys_clk_pin rise@0.000ns)
  Data Path Delay:        1.160ns  (logic 0.490ns (42.258%)  route 0.670ns (57.742%))
  Logic Levels:           1  (LUT6=1)
  Clock Path Skew:        -0.023ns (DCD - SCD + CPR)
    Destination Clock Delay (DCD):    4.203ns = ( 24.203 - 20.000 ) 
    Source Clock Delay      (SCD):    4.458ns
    Clock Pessimism Removal (CPR):    0.231ns
  Clock Uncertainty:      0.035ns  ((TSJ^2 + TIJ^2)^1/2 + DJ) / 2 + PE
    Total System Jitter     (TSJ):    0.071ns
    Total Input Jitter      (TIJ):    0.000ns
    Discrete Jitter          (DJ):    0.000ns
    Phase Error              (PE):    0.000ns

    Location             Delay type                Incr(ns)  Path(ns)    Netlist Resource(s)
  -------------------------------------------------------------------    -------------------
                         (clock sys_clk_pin rise edge)
                                                      0.000     0.000 r  
    W5                                                0.000     0.000 r  clk (IN)
                         net (fo=0)                   0.000     0.000    clk
    W5                   IBUF (Prop_ibuf_I_O)         1.371     1.371 r  clk_IBUF_inst/O
                         net (fo=1, routed)           1.598     2.969    clk_IBUF
    BUFGCTRL_X0Y0        BUFG (Prop_bufg_I_O)         0.076     3.045 r  clk_IBUF_BUFG_inst/O
                         net (fo=93, routed)          1.413     4.458    crc_calc/clk_IBUF_BUFG
    SLICE_X2Y133         FDCE                                         r  crc_calc/message_reg_reg[4]/C
  -------------------------------------------------------------------    -------------------
    SLICE_X2Y133         FDCE (Prop_fdce_C_Q)         0.393     4.851 r  crc_calc/message_reg_reg[4]/Q
                         net (fo=6, routed)           0.670     5.520    crc_calc/p_0_in
    SLICE_X1Y133         LUT6 (Prop_lut6_I4_O)        0.097     5.617 r  crc_calc/result[10]_i_1/O
                         net (fo=1, routed)           0.000     5.617    crc_calc/result[10]_i_1_n_0
    SLICE_X1Y133         FDCE                                         r  crc_calc/result_reg[10]/D
  -------------------------------------------------------------------    -------------------

                         (clock sys_clk_pin rise edge)
                                                     20.000    20.000 r  
    W5                                                0.000    20.000 r  clk (IN)
                         net (fo=0)                   0.000    20.000    clk
    W5                   IBUF (Prop_ibuf_I_O)         1.304    21.304 r  clk_IBUF_inst/O
                         net (fo=1, routed)           1.514    22.817    clk_IBUF
    BUFGCTRL_X0Y0        BUFG (Prop_bufg_I_O)         0.072    22.889 r  clk_IBUF_BUFG_inst/O
                         net (fo=93, routed)          1.314    24.203    crc_calc/clk_IBUF_BUFG
    SLICE_X1Y133         FDCE                                         r  crc_calc/result_reg[10]/C
                         clock pessimism              0.231    24.435    
                         clock uncertainty           -0.035    24.399    
    SLICE_X1Y133         FDCE (Setup_fdce_C_D)        0.032    24.431    crc_calc/result_reg[10]
  -------------------------------------------------------------------
                         required time                         24.431    
                         arrival time                          -5.617    
  -------------------------------------------------------------------
                         slack                                 18.814    





Min Delay Paths
--------------------------------------------------------------------------------------
Slack (MET) :             0.160ns  (arrival time - required time)
  Source:                 latched_crc_reg[14]/C
                            (rising edge-triggered cell FDCE clocked by sys_clk_pin  {rise@0.000ns fall@10.000ns period=20.000ns})
  Destination:            Frame_reg[27]/D
                            (rising edge-triggered cell FDCE clocked by sys_clk_pin  {rise@0.000ns fall@10.000ns period=20.000ns})
  Path Group:             sys_clk_pin
  Path Type:              Hold (Min at Fast Process Corner)
  Requirement:            0.000ns  (sys_clk_pin rise@0.000ns - sys_clk_pin rise@0.000ns)
  Data Path Delay:        0.230ns  (logic 0.141ns (61.172%)  route 0.089ns (38.828%))
  Logic Levels:           0  
  Clock Path Skew:        0.013ns (DCD - SCD - CPR)
    Destination Clock Delay (DCD):    2.164ns
    Source Clock Delay      (SCD):    1.643ns
    Clock Pessimism Removal (CPR):    0.508ns

    Location             Delay type                Incr(ns)  Path(ns)    Netlist Resource(s)
  -------------------------------------------------------------------    -------------------
                         (clock sys_clk_pin rise edge)
                                                      0.000     0.000 r  
    W5                                                0.000     0.000 r  clk (IN)
                         net (fo=0)                   0.000     0.000    clk
    W5                   IBUF (Prop_ibuf_I_O)         0.291     0.291 r  clk_IBUF_inst/O
                         net (fo=1, routed)           0.676     0.967    clk_IBUF
    BUFGCTRL_X0Y0        BUFG (Prop_bufg_I_O)         0.026     0.993 r  clk_IBUF_BUFG_inst/O
                         net (fo=93, routed)          0.651     1.643    clk_IBUF_BUFG
    SLICE_X1Y134         FDCE                                         r  latched_crc_reg[14]/C
  -------------------------------------------------------------------    -------------------
    SLICE_X1Y134         FDCE (Prop_fdce_C_Q)         0.141     1.784 r  latched_crc_reg[14]/Q
                         net (fo=1, routed)           0.089     1.874    latched_crc[14]
    SLICE_X0Y134         FDCE                                         r  Frame_reg[27]/D
  -------------------------------------------------------------------    -------------------

                         (clock sys_clk_pin rise edge)
                                                      0.000     0.000 r  
    W5                                                0.000     0.000 r  clk (IN)
                         net (fo=0)                   0.000     0.000    clk
    W5                   IBUF (Prop_ibuf_I_O)         0.479     0.479 r  clk_IBUF_inst/O
                         net (fo=1, routed)           0.734     1.213    clk_IBUF
    BUFGCTRL_X0Y0        BUFG (Prop_bufg_I_O)         0.029     1.242 r  clk_IBUF_BUFG_inst/O
                         net (fo=93, routed)          0.923     2.164    clk_IBUF_BUFG
    SLICE_X0Y134         FDCE                                         r  Frame_reg[27]/C
                         clock pessimism             -0.508     1.656    
    SLICE_X0Y134         FDCE (Hold_fdce_C_D)         0.057     1.713    Frame_reg[27]
  -------------------------------------------------------------------
                         required time                         -1.713    
                         arrival time                           1.874    
  -------------------------------------------------------------------
                         slack                                  0.160    

Slack (MET) :             0.165ns  (arrival time - required time)
  Source:                 latched_crc_reg[10]/C
                            (rising edge-triggered cell FDCE clocked by sys_clk_pin  {rise@0.000ns fall@10.000ns period=20.000ns})
  Destination:            Frame_reg[23]/D
                            (rising edge-triggered cell FDCE clocked by sys_clk_pin  {rise@0.000ns fall@10.000ns period=20.000ns})
  Path Group:             sys_clk_pin
  Path Type:              Hold (Min at Fast Process Corner)
  Requirement:            0.000ns  (sys_clk_pin rise@0.000ns - sys_clk_pin rise@0.000ns)
  Data Path Delay:        0.253ns  (logic 0.141ns (55.761%)  route 0.112ns (44.239%))
  Logic Levels:           0  
  Clock Path Skew:        0.013ns (DCD - SCD - CPR)
    Destination Clock Delay (DCD):    2.160ns
    Source Clock Delay      (SCD):    1.640ns
    Clock Pessimism Removal (CPR):    0.507ns

    Location             Delay type                Incr(ns)  Path(ns)    Netlist Resource(s)
  -------------------------------------------------------------------    -------------------
                         (clock sys_clk_pin rise edge)
                                                      0.000     0.000 r  
    W5                                                0.000     0.000 r  clk (IN)
                         net (fo=0)                   0.000     0.000    clk
    W5                   IBUF (Prop_ibuf_I_O)         0.291     0.291 r  clk_IBUF_inst/O
                         net (fo=1, routed)           0.676     0.967    clk_IBUF
    BUFGCTRL_X0Y0        BUFG (Prop_bufg_I_O)         0.026     0.993 r  clk_IBUF_BUFG_inst/O
                         net (fo=93, routed)          0.648     1.640    clk_IBUF_BUFG
    SLICE_X1Y131         FDCE                                         r  latched_crc_reg[10]/C
  -------------------------------------------------------------------    -------------------
    SLICE_X1Y131         FDCE (Prop_fdce_C_Q)         0.141     1.781 r  latched_crc_reg[10]/Q
                         net (fo=1, routed)           0.112     1.893    latched_crc[10]
    SLICE_X0Y130         FDCE                                         r  Frame_reg[23]/D
  -------------------------------------------------------------------    -------------------

                         (clock sys_clk_pin rise edge)
                                                      0.000     0.000 r  
    W5                                                0.000     0.000 r  clk (IN)
                         net (fo=0)                   0.000     0.000    clk
    W5                   IBUF (Prop_ibuf_I_O)         0.479     0.479 r  clk_IBUF_inst/O
                         net (fo=1, routed)           0.734     1.213    clk_IBUF
    BUFGCTRL_X0Y0        BUFG (Prop_bufg_I_O)         0.029     1.242 r  clk_IBUF_BUFG_inst/O
                         net (fo=93, routed)          0.919     2.160    clk_IBUF_BUFG
    SLICE_X0Y130         FDCE                                         r  Frame_reg[23]/C
                         clock pessimism             -0.507     1.653    
    SLICE_X0Y130         FDCE (Hold_fdce_C_D)         0.075     1.728    Frame_reg[23]
  -------------------------------------------------------------------
                         required time                         -1.728    
                         arrival time                           1.893    
  -------------------------------------------------------------------
                         slack                                  0.165    

Slack (MET) :             0.165ns  (arrival time - required time)
  Source:                 crc_calc/result_reg[16]/C
                            (rising edge-triggered cell FDCE clocked by sys_clk_pin  {rise@0.000ns fall@10.000ns period=20.000ns})
  Destination:            latched_crc_reg[16]/D
                            (rising edge-triggered cell FDCE clocked by sys_clk_pin  {rise@0.000ns fall@10.000ns period=20.000ns})
  Path Group:             sys_clk_pin
  Path Type:              Hold (Min at Fast Process Corner)
  Requirement:            0.000ns  (sys_clk_pin rise@0.000ns - sys_clk_pin rise@0.000ns)
  Data Path Delay:        0.250ns  (logic 0.141ns (56.321%)  route 0.109ns (43.679%))
  Logic Levels:           0  
  Clock Path Skew:        0.015ns (DCD - SCD - CPR)
    Destination Clock Delay (DCD):    2.164ns
    Source Clock Delay      (SCD):    1.642ns
    Clock Pessimism Removal (CPR):    0.507ns

    Location             Delay type                Incr(ns)  Path(ns)    Netlist Resource(s)
  -------------------------------------------------------------------    -------------------
                         (clock sys_clk_pin rise edge)
                                                      0.000     0.000 r  
    W5                                                0.000     0.000 r  clk (IN)
                         net (fo=0)                   0.000     0.000    clk
    W5                   IBUF (Prop_ibuf_I_O)         0.291     0.291 r  clk_IBUF_inst/O
                         net (fo=1, routed)           0.676     0.967    clk_IBUF
    BUFGCTRL_X0Y0        BUFG (Prop_bufg_I_O)         0.026     0.993 r  clk_IBUF_BUFG_inst/O
                         net (fo=93, routed)          0.650     1.642    crc_calc/clk_IBUF_BUFG
    SLICE_X1Y133         FDCE                                         r  crc_calc/result_reg[16]/C
  -------------------------------------------------------------------    -------------------
    SLICE_X1Y133         FDCE (Prop_fdce_C_Q)         0.141     1.783 r  crc_calc/result_reg[16]/Q
                         net (fo=1, routed)           0.109     1.893    result[16]
    SLICE_X1Y134         FDCE                                         r  latched_crc_reg[16]/D
  -------------------------------------------------------------------    -------------------

                         (clock sys_clk_pin rise edge)
                                                      0.000     0.000 r  
    W5                                                0.000     0.000 r  clk (IN)
                         net (fo=0)                   0.000     0.000    clk
    W5                   IBUF (Prop_ibuf_I_O)         0.479     0.479 r  clk_IBUF_inst/O
                         net (fo=1, routed)           0.734     1.213    clk_IBUF
    BUFGCTRL_X0Y0        BUFG (Prop_bufg_I_O)         0.029     1.242 r  clk_IBUF_BUFG_inst/O
                         net (fo=93, routed)          0.923     2.164    clk_IBUF_BUFG
    SLICE_X1Y134         FDCE                                         r  latched_crc_reg[16]/C
                         clock pessimism             -0.507     1.657    
    SLICE_X1Y134         FDCE (Hold_fdce_C_D)         0.070     1.727    latched_crc_reg[16]
  -------------------------------------------------------------------
                         required time                         -1.727    
                         arrival time                           1.893    
  -------------------------------------------------------------------
                         slack                                  0.165    

Slack (MET) :             0.184ns  (arrival time - required time)
  Source:                 crc_calc/message_reg_reg[4]/C
                            (rising edge-triggered cell FDCE clocked by sys_clk_pin  {rise@0.000ns fall@10.000ns period=20.000ns})
  Destination:            crc_calc/result_reg[18]/D
                            (rising edge-triggered cell FDCE clocked by sys_clk_pin  {rise@0.000ns fall@10.000ns period=20.000ns})
  Path Group:             sys_clk_pin
  Path Type:              Hold (Min at Fast Process Corner)
  Requirement:            0.000ns  (sys_clk_pin rise@0.000ns - sys_clk_pin rise@0.000ns)
  Data Path Delay:        0.274ns  (logic 0.164ns (59.951%)  route 0.110ns (40.049%))
  Logic Levels:           0  
  Clock Path Skew:        0.014ns (DCD - SCD - CPR)
    Destination Clock Delay (DCD):    2.163ns
    Source Clock Delay      (SCD):    1.642ns
    Clock Pessimism Removal (CPR):    0.507ns

    Location             Delay type                Incr(ns)  Path(ns)    Netlist Resource(s)
  -------------------------------------------------------------------    -------------------
                         (clock sys_clk_pin rise edge)
                                                      0.000     0.000 r  
    W5                                                0.000     0.000 r  clk (IN)
                         net (fo=0)                   0.000     0.000    clk
    W5                   IBUF (Prop_ibuf_I_O)         0.291     0.291 r  clk_IBUF_inst/O
                         net (fo=1, routed)           0.676     0.967    clk_IBUF
    BUFGCTRL_X0Y0        BUFG (Prop_bufg_I_O)         0.026     0.993 r  clk_IBUF_BUFG_inst/O
                         net (fo=93, routed)          0.650     1.642    crc_calc/clk_IBUF_BUFG
    SLICE_X2Y133         FDCE                                         r  crc_calc/message_reg_reg[4]/C
  -------------------------------------------------------------------    -------------------
    SLICE_X2Y133         FDCE (Prop_fdce_C_Q)         0.164     1.806 r  crc_calc/message_reg_reg[4]/Q
                         net (fo=6, routed)           0.110     1.916    crc_calc/p_0_in
    SLICE_X1Y133         FDCE                                         r  crc_calc/result_reg[18]/D
  -------------------------------------------------------------------    -------------------

                         (clock sys_clk_pin rise edge)
                                                      0.000     0.000 r  
    W5                                                0.000     0.000 r  clk (IN)
                         net (fo=0)                   0.000     0.000    clk
    W5                   IBUF (Prop_ibuf_I_O)         0.479     0.479 r  clk_IBUF_inst/O
                         net (fo=1, routed)           0.734     1.213    clk_IBUF
    BUFGCTRL_X0Y0        BUFG (Prop_bufg_I_O)         0.029     1.242 r  clk_IBUF_BUFG_inst/O
                         net (fo=93, routed)          0.922     2.163    crc_calc/clk_IBUF_BUFG
    SLICE_X1Y133         FDCE                                         r  crc_calc/result_reg[18]/C
                         clock pessimism             -0.507     1.656    
    SLICE_X1Y133         FDCE (Hold_fdce_C_D)         0.076     1.732    crc_calc/result_reg[18]
  -------------------------------------------------------------------
                         required time                         -1.732    
                         arrival time                           1.916    
  -------------------------------------------------------------------
                         slack                                  0.184    

Slack (MET) :             0.188ns  (arrival time - required time)
  Source:                 crc_calc/message_reg_reg[6]/C
                            (rising edge-triggered cell FDCE clocked by sys_clk_pin  {rise@0.000ns fall@10.000ns period=20.000ns})
  Destination:            crc_calc/result_reg[2]/D
                            (rising edge-triggered cell FDCE clocked by sys_clk_pin  {rise@0.000ns fall@10.000ns period=20.000ns})
  Path Group:             sys_clk_pin
  Path Type:              Hold (Min at Fast Process Corner)
  Requirement:            0.000ns  (sys_clk_pin rise@0.000ns - sys_clk_pin rise@0.000ns)
  Data Path Delay:        0.308ns  (logic 0.190ns (61.732%)  route 0.118ns (38.268%))
  Logic Levels:           1  (LUT2=1)
  Clock Path Skew:        0.013ns (DCD - SCD - CPR)
    Destination Clock Delay (DCD):    2.162ns
    Source Clock Delay      (SCD):    1.641ns
    Clock Pessimism Removal (CPR):    0.508ns

    Location             Delay type                Incr(ns)  Path(ns)    Netlist Resource(s)
  -------------------------------------------------------------------    -------------------
                         (clock sys_clk_pin rise edge)
                                                      0.000     0.000 r  
    W5                                                0.000     0.000 r  clk (IN)
                         net (fo=0)                   0.000     0.000    clk
    W5                   IBUF (Prop_ibuf_I_O)         0.291     0.291 r  clk_IBUF_inst/O
                         net (fo=1, routed)           0.676     0.967    clk_IBUF
    BUFGCTRL_X0Y0        BUFG (Prop_bufg_I_O)         0.026     0.993 r  clk_IBUF_BUFG_inst/O
                         net (fo=93, routed)          0.649     1.641    crc_calc/clk_IBUF_BUFG
    SLICE_X0Y132         FDCE                                         r  crc_calc/message_reg_reg[6]/C
  -------------------------------------------------------------------    -------------------
    SLICE_X0Y132         FDCE (Prop_fdce_C_Q)         0.141     1.782 r  crc_calc/message_reg_reg[6]/Q
                         net (fo=11, routed)          0.118     1.900    crc_calc/p_0_in2_in
    SLICE_X1Y132         LUT2 (Prop_lut2_I0_O)        0.049     1.949 r  crc_calc/result[2]_i_1/O
                         net (fo=1, routed)           0.000     1.949    crc_calc/p_33_in
    SLICE_X1Y132         FDCE                                         r  crc_calc/result_reg[2]/D
  -------------------------------------------------------------------    -------------------

                         (clock sys_clk_pin rise edge)
                                                      0.000     0.000 r  
    W5                                                0.000     0.000 r  clk (IN)
                         net (fo=0)                   0.000     0.000    clk
    W5                   IBUF (Prop_ibuf_I_O)         0.479     0.479 r  clk_IBUF_inst/O
                         net (fo=1, routed)           0.734     1.213    clk_IBUF
    BUFGCTRL_X0Y0        BUFG (Prop_bufg_I_O)         0.029     1.242 r  clk_IBUF_BUFG_inst/O
                         net (fo=93, routed)          0.921     2.162    crc_calc/clk_IBUF_BUFG
    SLICE_X1Y132         FDCE                                         r  crc_calc/result_reg[2]/C
                         clock pessimism             -0.508     1.654    
    SLICE_X1Y132         FDCE (Hold_fdce_C_D)         0.107     1.761    crc_calc/result_reg[2]
  -------------------------------------------------------------------
                         required time                         -1.761    
                         arrival time                           1.949    
  -------------------------------------------------------------------
                         slack                                  0.188    

Slack (MET) :             0.192ns  (arrival time - required time)
  Source:                 crc_calc/result_reg[5]/C
                            (rising edge-triggered cell FDCE clocked by sys_clk_pin  {rise@0.000ns fall@10.000ns period=20.000ns})
  Destination:            latched_crc_reg[5]/D
                            (rising edge-triggered cell FDCE clocked by sys_clk_pin  {rise@0.000ns fall@10.000ns period=20.000ns})
  Path Group:             sys_clk_pin
  Path Type:              Hold (Min at Fast Process Corner)
  Requirement:            0.000ns  (sys_clk_pin rise@0.000ns - sys_clk_pin rise@0.000ns)
  Data Path Delay:        0.281ns  (logic 0.141ns (50.207%)  route 0.140ns (49.793%))
  Logic Levels:           0  
  Clock Path Skew:        0.013ns (DCD - SCD - CPR)
    Destination Clock Delay (DCD):    2.161ns
    Source Clock Delay      (SCD):    1.641ns
    Clock Pessimism Removal (CPR):    0.507ns

    Location             Delay type                Incr(ns)  Path(ns)    Netlist Resource(s)
  -------------------------------------------------------------------    -------------------
                         (clock sys_clk_pin rise edge)
                                                      0.000     0.000 r  
    W5                                                0.000     0.000 r  clk (IN)
                         net (fo=0)                   0.000     0.000    clk
    W5                   IBUF (Prop_ibuf_I_O)         0.291     0.291 r  clk_IBUF_inst/O
                         net (fo=1, routed)           0.676     0.967    clk_IBUF
    BUFGCTRL_X0Y0        BUFG (Prop_bufg_I_O)         0.026     0.993 r  clk_IBUF_BUFG_inst/O
                         net (fo=93, routed)          0.649     1.641    crc_calc/clk_IBUF_BUFG
    SLICE_X1Y132         FDCE                                         r  crc_calc/result_reg[5]/C
  -------------------------------------------------------------------    -------------------
    SLICE_X1Y132         FDCE (Prop_fdce_C_Q)         0.141     1.782 r  crc_calc/result_reg[5]/Q
                         net (fo=1, routed)           0.140     1.922    result[5]
    SLICE_X1Y131         FDCE                                         r  latched_crc_reg[5]/D
  -------------------------------------------------------------------    -------------------

                         (clock sys_clk_pin rise edge)
                                                      0.000     0.000 r  
    W5                                                0.000     0.000 r  clk (IN)
                         net (fo=0)                   0.000     0.000    clk
    W5                   IBUF (Prop_ibuf_I_O)         0.479     0.479 r  clk_IBUF_inst/O
                         net (fo=1, routed)           0.734     1.213    clk_IBUF
    BUFGCTRL_X0Y0        BUFG (Prop_bufg_I_O)         0.029     1.242 r  clk_IBUF_BUFG_inst/O
                         net (fo=93, routed)          0.920     2.161    clk_IBUF_BUFG
    SLICE_X1Y131         FDCE                                         r  latched_crc_reg[5]/C
                         clock pessimism             -0.507     1.654    
    SLICE_X1Y131         FDCE (Hold_fdce_C_D)         0.076     1.730    latched_crc_reg[5]
  -------------------------------------------------------------------
                         required time                         -1.730    
                         arrival time                           1.922    
  -------------------------------------------------------------------
                         slack                                  0.192    

Slack (MET) :             0.194ns  (arrival time - required time)
  Source:                 crc_calc/message_reg_reg[3]/C
                            (rising edge-triggered cell FDCE clocked by sys_clk_pin  {rise@0.000ns fall@10.000ns period=20.000ns})
  Destination:            crc_calc/result_reg[6]/D
                            (rising edge-triggered cell FDCE clocked by sys_clk_pin  {rise@0.000ns fall@10.000ns period=20.000ns})
  Path Group:             sys_clk_pin
  Path Type:              Hold (Min at Fast Process Corner)
  Requirement:            0.000ns  (sys_clk_pin rise@0.000ns - sys_clk_pin rise@0.000ns)
  Data Path Delay:        0.328ns  (logic 0.209ns (63.766%)  route 0.119ns (36.234%))
  Logic Levels:           1  (LUT3=1)
  Clock Path Skew:        0.013ns (DCD - SCD - CPR)
    Destination Clock Delay (DCD):    2.162ns
    Source Clock Delay      (SCD):    1.642ns
    Clock Pessimism Removal (CPR):    0.507ns

    Location             Delay type                Incr(ns)  Path(ns)    Netlist Resource(s)
  -------------------------------------------------------------------    -------------------
                         (clock sys_clk_pin rise edge)
                                                      0.000     0.000 r  
    W5                                                0.000     0.000 r  clk (IN)
                         net (fo=0)                   0.000     0.000    clk
    W5                   IBUF (Prop_ibuf_I_O)         0.291     0.291 r  clk_IBUF_inst/O
                         net (fo=1, routed)           0.676     0.967    clk_IBUF
    BUFGCTRL_X0Y0        BUFG (Prop_bufg_I_O)         0.026     0.993 r  clk_IBUF_BUFG_inst/O
                         net (fo=93, routed)          0.650     1.642    crc_calc/clk_IBUF_BUFG
    SLICE_X2Y133         FDCE                                         r  crc_calc/message_reg_reg[3]/C
  -------------------------------------------------------------------    -------------------
    SLICE_X2Y133         FDCE (Prop_fdce_C_Q)         0.164     1.806 r  crc_calc/message_reg_reg[3]/Q
                         net (fo=7, routed)           0.119     1.925    crc_calc/p_0_in6_in
    SLICE_X2Y132         LUT3 (Prop_lut3_I0_O)        0.045     1.970 r  crc_calc/result[6]_i_1/O
                         net (fo=1, routed)           0.000     1.970    crc_calc/result[6]_i_1_n_0
    SLICE_X2Y132         FDCE                                         r  crc_calc/result_reg[6]/D
  -------------------------------------------------------------------    -------------------

                         (clock sys_clk_pin rise edge)
                                                      0.000     0.000 r  
    W5                                                0.000     0.000 r  clk (IN)
                         net (fo=0)                   0.000     0.000    clk
    W5                   IBUF (Prop_ibuf_I_O)         0.479     0.479 r  clk_IBUF_inst/O
                         net (fo=1, routed)           0.734     1.213    clk_IBUF
    BUFGCTRL_X0Y0        BUFG (Prop_bufg_I_O)         0.029     1.242 r  clk_IBUF_BUFG_inst/O
                         net (fo=93, routed)          0.921     2.162    crc_calc/clk_IBUF_BUFG
    SLICE_X2Y132         FDCE                                         r  crc_calc/result_reg[6]/C
                         clock pessimism             -0.507     1.655    
    SLICE_X2Y132         FDCE (Hold_fdce_C_D)         0.121     1.776    crc_calc/result_reg[6]
  -------------------------------------------------------------------
                         required time                         -1.776    
                         arrival time                           1.970    
  -------------------------------------------------------------------
                         slack                                  0.194    

Slack (MET) :             0.194ns  (arrival time - required time)
  Source:                 crc_calc/message_reg_reg[3]/C
                            (rising edge-triggered cell FDCE clocked by sys_clk_pin  {rise@0.000ns fall@10.000ns period=20.000ns})
  Destination:            crc_calc/result_reg[17]/D
                            (rising edge-triggered cell FDCE clocked by sys_clk_pin  {rise@0.000ns fall@10.000ns period=20.000ns})
  Path Group:             sys_clk_pin
  Path Type:              Hold (Min at Fast Process Corner)
  Requirement:            0.000ns  (sys_clk_pin rise@0.000ns - sys_clk_pin rise@0.000ns)
  Data Path Delay:        0.280ns  (logic 0.164ns (58.511%)  route 0.116ns (41.489%))
  Logic Levels:           0  
  Clock Path Skew:        0.014ns (DCD - SCD - CPR)
    Destination Clock Delay (DCD):    2.163ns
    Source Clock Delay      (SCD):    1.642ns
    Clock Pessimism Removal (CPR):    0.507ns

    Location             Delay type                Incr(ns)  Path(ns)    Netlist Resource(s)
  -------------------------------------------------------------------    -------------------
                         (clock sys_clk_pin rise edge)
                                                      0.000     0.000 r  
    W5                                                0.000     0.000 r  clk (IN)
                         net (fo=0)                   0.000     0.000    clk
    W5                   IBUF (Prop_ibuf_I_O)         0.291     0.291 r  clk_IBUF_inst/O
                         net (fo=1, routed)           0.676     0.967    clk_IBUF
    BUFGCTRL_X0Y0        BUFG (Prop_bufg_I_O)         0.026     0.993 r  clk_IBUF_BUFG_inst/O
                         net (fo=93, routed)          0.650     1.642    crc_calc/clk_IBUF_BUFG
    SLICE_X2Y133         FDCE                                         r  crc_calc/message_reg_reg[3]/C
  -------------------------------------------------------------------    -------------------
    SLICE_X2Y133         FDCE (Prop_fdce_C_Q)         0.164     1.806 r  crc_calc/message_reg_reg[3]/Q
                         net (fo=7, routed)           0.116     1.923    crc_calc/p_0_in6_in
    SLICE_X1Y133         FDCE                                         r  crc_calc/result_reg[17]/D
  -------------------------------------------------------------------    -------------------

                         (clock sys_clk_pin rise edge)
                                                      0.000     0.000 r  
    W5                                                0.000     0.000 r  clk (IN)
                         net (fo=0)                   0.000     0.000    clk
    W5                   IBUF (Prop_ibuf_I_O)         0.479     0.479 r  clk_IBUF_inst/O
                         net (fo=1, routed)           0.734     1.213    clk_IBUF
    BUFGCTRL_X0Y0        BUFG (Prop_bufg_I_O)         0.029     1.242 r  clk_IBUF_BUFG_inst/O
                         net (fo=93, routed)          0.922     2.163    crc_calc/clk_IBUF_BUFG
    SLICE_X1Y133         FDCE                                         r  crc_calc/result_reg[17]/C
                         clock pessimism             -0.507     1.656    
    SLICE_X1Y133         FDCE (Hold_fdce_C_D)         0.072     1.728    crc_calc/result_reg[17]
  -------------------------------------------------------------------
                         required time                         -1.728    
                         arrival time                           1.923    
  -------------------------------------------------------------------
                         slack                                  0.194    

Slack (MET) :             0.197ns  (arrival time - required time)
  Source:                 crc_calc/message_reg_reg[5]/C
                            (rising edge-triggered cell FDCE clocked by sys_clk_pin  {rise@0.000ns fall@10.000ns period=20.000ns})
  Destination:            crc_calc/result_reg[19]/D
                            (rising edge-triggered cell FDCE clocked by sys_clk_pin  {rise@0.000ns fall@10.000ns period=20.000ns})
  Path Group:             sys_clk_pin
  Path Type:              Hold (Min at Fast Process Corner)
  Requirement:            0.000ns  (sys_clk_pin rise@0.000ns - sys_clk_pin rise@0.000ns)
  Data Path Delay:        0.277ns  (logic 0.164ns (59.267%)  route 0.113ns (40.733%))
  Logic Levels:           0  
  Clock Path Skew:        0.014ns (DCD - SCD - CPR)
    Destination Clock Delay (DCD):    2.163ns
    Source Clock Delay      (SCD):    1.642ns
    Clock Pessimism Removal (CPR):    0.507ns

    Location             Delay type                Incr(ns)  Path(ns)    Netlist Resource(s)
  -------------------------------------------------------------------    -------------------
                         (clock sys_clk_pin rise edge)
                                                      0.000     0.000 r  
    W5                                                0.000     0.000 r  clk (IN)
                         net (fo=0)                   0.000     0.000    clk
    W5                   IBUF (Prop_ibuf_I_O)         0.291     0.291 r  clk_IBUF_inst/O
                         net (fo=1, routed)           0.676     0.967    clk_IBUF
    BUFGCTRL_X0Y0        BUFG (Prop_bufg_I_O)         0.026     0.993 r  clk_IBUF_BUFG_inst/O
                         net (fo=93, routed)          0.650     1.642    crc_calc/clk_IBUF_BUFG
    SLICE_X2Y133         FDCE                                         r  crc_calc/message_reg_reg[5]/C
  -------------------------------------------------------------------    -------------------
    SLICE_X2Y133         FDCE (Prop_fdce_C_Q)         0.164     1.806 r  crc_calc/message_reg_reg[5]/Q
                         net (fo=6, routed)           0.113     1.919    crc_calc/p_0_in3_in
    SLICE_X0Y133         FDCE                                         r  crc_calc/result_reg[19]/D
  -------------------------------------------------------------------    -------------------

                         (clock sys_clk_pin rise edge)
                                                      0.000     0.000 r  
    W5                                                0.000     0.000 r  clk (IN)
                         net (fo=0)                   0.000     0.000    clk
    W5                   IBUF (Prop_ibuf_I_O)         0.479     0.479 r  clk_IBUF_inst/O
                         net (fo=1, routed)           0.734     1.213    clk_IBUF
    BUFGCTRL_X0Y0        BUFG (Prop_bufg_I_O)         0.029     1.242 r  clk_IBUF_BUFG_inst/O
                         net (fo=93, routed)          0.922     2.163    crc_calc/clk_IBUF_BUFG
    SLICE_X0Y133         FDCE                                         r  crc_calc/result_reg[19]/C
                         clock pessimism             -0.507     1.656    
    SLICE_X0Y133         FDCE (Hold_fdce_C_D)         0.066     1.722    crc_calc/result_reg[19]
  -------------------------------------------------------------------
                         required time                         -1.722    
                         arrival time                           1.919    
  -------------------------------------------------------------------
                         slack                                  0.197    

Slack (MET) :             0.197ns  (arrival time - required time)
  Source:                 crc_calc/message_reg_reg[0]/C
                            (rising edge-triggered cell FDCE clocked by sys_clk_pin  {rise@0.000ns fall@10.000ns period=20.000ns})
  Destination:            crc_calc/result_reg[14]/D
                            (rising edge-triggered cell FDCE clocked by sys_clk_pin  {rise@0.000ns fall@10.000ns period=20.000ns})
  Path Group:             sys_clk_pin
  Path Type:              Hold (Min at Fast Process Corner)
  Requirement:            0.000ns  (sys_clk_pin rise@0.000ns - sys_clk_pin rise@0.000ns)
  Data Path Delay:        0.281ns  (logic 0.141ns (50.217%)  route 0.140ns (49.783%))
  Logic Levels:           0  
  Clock Path Skew:        0.014ns (DCD - SCD - CPR)
    Destination Clock Delay (DCD):    2.163ns
    Source Clock Delay      (SCD):    1.642ns
    Clock Pessimism Removal (CPR):    0.507ns

    Location             Delay type                Incr(ns)  Path(ns)    Netlist Resource(s)
  -------------------------------------------------------------------    -------------------
                         (clock sys_clk_pin rise edge)
                                                      0.000     0.000 r  
    W5                                                0.000     0.000 r  clk (IN)
                         net (fo=0)                   0.000     0.000    clk
    W5                   IBUF (Prop_ibuf_I_O)         0.291     0.291 r  clk_IBUF_inst/O
                         net (fo=1, routed)           0.676     0.967    clk_IBUF
    BUFGCTRL_X0Y0        BUFG (Prop_bufg_I_O)         0.026     0.993 r  clk_IBUF_BUFG_inst/O
                         net (fo=93, routed)          0.650     1.642    crc_calc/clk_IBUF_BUFG
    SLICE_X3Y133         FDCE                                         r  crc_calc/message_reg_reg[0]/C
  -------------------------------------------------------------------    -------------------
    SLICE_X3Y133         FDCE (Prop_fdce_C_Q)         0.141     1.783 r  crc_calc/message_reg_reg[0]/Q
                         net (fo=7, routed)           0.140     1.923    crc_calc/message_reg_reg_n_0_[0]
    SLICE_X0Y133         FDCE                                         r  crc_calc/result_reg[14]/D
  -------------------------------------------------------------------    -------------------

                         (clock sys_clk_pin rise edge)
                                                      0.000     0.000 r  
    W5                                                0.000     0.000 r  clk (IN)
                         net (fo=0)                   0.000     0.000    clk
    W5                   IBUF (Prop_ibuf_I_O)         0.479     0.479 r  clk_IBUF_inst/O
                         net (fo=1, routed)           0.734     1.213    clk_IBUF
    BUFGCTRL_X0Y0        BUFG (Prop_bufg_I_O)         0.029     1.242 r  clk_IBUF_BUFG_inst/O
                         net (fo=93, routed)          0.922     2.163    crc_calc/clk_IBUF_BUFG
    SLICE_X0Y133         FDCE                                         r  crc_calc/result_reg[14]/C
                         clock pessimism             -0.507     1.656    
    SLICE_X0Y133         FDCE (Hold_fdce_C_D)         0.070     1.726    crc_calc/result_reg[14]
  -------------------------------------------------------------------
                         required time                         -1.726    
                         arrival time                           1.923    
  -------------------------------------------------------------------
                         slack                                  0.197    





Pulse Width Checks
--------------------------------------------------------------------------------------
Clock Name:         sys_clk_pin
Waveform(ns):       { 0.000 10.000 }
Period(ns):         20.000
Sources:            { clk }

Check Type        Corner  Lib Pin  Reference Pin  Required(ns)  Actual(ns)  Slack(ns)  Location       Pin
Min Period        n/a     BUFG/I   n/a            1.592         20.000      18.408     BUFGCTRL_X0Y0  clk_IBUF_BUFG_inst/I
Min Period        n/a     FDCE/C   n/a            1.000         20.000      19.000     SLICE_X0Y115   Frame_reg[10]/C
Min Period        n/a     FDCE/C   n/a            1.000         20.000      19.000     SLICE_X0Y137   Frame_reg[12]/C
Min Period        n/a     FDCE/C   n/a            1.000         20.000      19.000     SLICE_X1Y129   Frame_reg[13]/C
Min Period        n/a     FDCE/C   n/a            1.000         20.000      19.000     SLICE_X0Y130   Frame_reg[14]/C
Min Period        n/a     FDCE/C   n/a            1.000         20.000      19.000     SLICE_X1Y129   Frame_reg[15]/C
Min Period        n/a     FDCE/C   n/a            1.000         20.000      19.000     SLICE_X1Y129   Frame_reg[16]/C
Min Period        n/a     FDCE/C   n/a            1.000         20.000      19.000     SLICE_X0Y130   Frame_reg[17]/C
Min Period        n/a     FDCE/C   n/a            1.000         20.000      19.000     SLICE_X0Y129   Frame_reg[18]/C
Min Period        n/a     FDCE/C   n/a            1.000         20.000      19.000     SLICE_X0Y130   Frame_reg[19]/C
Low Pulse Width   Fast    FDCE/C   n/a            0.500         10.000      9.500      SLICE_X1Y136   Frame_reg[31]/C
Low Pulse Width   Fast    FDCE/C   n/a            0.500         10.000      9.500      SLICE_X1Y136   Frame_reg[32]/C
Low Pulse Width   Fast    FDCE/C   n/a            0.500         10.000      9.500      SLICE_X1Y136   Frame_reg[33]/C
Low Pulse Width   Fast    FDCE/C   n/a            0.500         10.000      9.500      SLICE_X1Y136   Frame_reg[34]/C
Low Pulse Width   Fast    FDCE/C   n/a            0.500         10.000      9.500      SLICE_X0Y109   Frame_reg[3]/C
Low Pulse Width   Slow    FDCE/C   n/a            0.500         10.000      9.500      SLICE_X0Y147   Frame_reg[41]/C
Low Pulse Width   Fast    FDCE/C   n/a            0.500         10.000      9.500      SLICE_X0Y147   Frame_reg[41]/C
Low Pulse Width   Slow    FDCE/C   n/a            0.500         10.000      9.500      SLICE_X0Y147   Frame_reg[43]/C
Low Pulse Width   Fast    FDCE/C   n/a            0.500         10.000      9.500      SLICE_X0Y147   Frame_reg[43]/C
Low Pulse Width   Fast    FDCE/C   n/a            0.500         10.000      9.500      SLICE_X0Y109   Frame_reg[4]/C
High Pulse Width  Slow    FDCE/C   n/a            0.500         10.000      9.500      SLICE_X0Y137   Frame_reg[12]/C
High Pulse Width  Slow    FDCE/C   n/a            0.500         10.000      9.500      SLICE_X1Y129   Frame_reg[13]/C
High Pulse Width  Slow    FDCE/C   n/a            0.500         10.000      9.500      SLICE_X0Y130   Frame_reg[14]/C
High Pulse Width  Slow    FDCE/C   n/a            0.500         10.000      9.500      SLICE_X1Y129   Frame_reg[15]/C
High Pulse Width  Slow    FDCE/C   n/a            0.500         10.000      9.500      SLICE_X1Y129   Frame_reg[16]/C
High Pulse Width  Slow    FDCE/C   n/a            0.500         10.000      9.500      SLICE_X0Y130   Frame_reg[17]/C
High Pulse Width  Slow    FDCE/C   n/a            0.500         10.000      9.500      SLICE_X0Y129   Frame_reg[18]/C
High Pulse Width  Slow    FDCE/C   n/a            0.500         10.000      9.500      SLICE_X0Y130   Frame_reg[19]/C
High Pulse Width  Slow    FDCE/C   n/a            0.500         10.000      9.500      SLICE_X0Y129   Frame_reg[20]/C
High Pulse Width  Slow    FDCE/C   n/a            0.500         10.000      9.500      SLICE_X0Y130   Frame_reg[21]/C



